[CRITICAL]2021-01-25 16:12:47,499: downStation01 init failed cause a error: ('http get', 'http://127.0.0.1:8999/api/remoteio/readDOList', {'id': 'downStation01'}, 'error:', 'timed out')
pid=17980, ppid=6772, tid=11704
Traceback (most recent call last):
  File "E:\python_work\knowledgeCity\common\webutility.py", line 103, in http_get
    f = urllib.request.urlopen(u,timeout=timeout)
  File "D:\Python\Python38\lib\urllib\request.py", line 222, in urlopen
    return opener.open(url, data, timeout)
  File "D:\Python\Python38\lib\urllib\request.py", line 525, in open
    response = self._open(req, data)
  File "D:\Python\Python38\lib\urllib\request.py", line 542, in _open
    result = self._call_chain(self.handle_open, protocol, protocol +
  File "D:\Python\Python38\lib\urllib\request.py", line 502, in _call_chain
    result = func(*args)
  File "D:\Python\Python38\lib\urllib\request.py", line 1346, in http_open
    return self.do_open(http.client.HTTPConnection, req)
  File "D:\Python\Python38\lib\urllib\request.py", line 1321, in do_open
    r = h.getresponse()
  File "D:\Python\Python38\lib\http\client.py", line 1322, in getresponse
    response.begin()
  File "D:\Python\Python38\lib\http\client.py", line 303, in begin
    version, status, reason = self._read_status()
  File "D:\Python\Python38\lib\http\client.py", line 264, in _read_status
    line = str(self.fp.readline(_MAXLINE + 1), "iso-8859-1")
  File "D:\Python\Python38\lib\socket.py", line 669, in readinto
    return self._sock.recv_into(b)
socket.timeout: timed out

During handling of the above exception, another exception occurred:

Traceback (most recent call last):
  File "E:\python_work\knowledgeCity\autoCtrl\deviceCtrl.py", line 175, in _checkInit
    s = ioApi.readDOList(devices[d][ioId])["status"]
  File "E:\python_work\knowledgeCity\remoteio\remoteioApi.py", line 73, in readDOList
    return _remoteio('/api/remoteio/readDOList', id, param)
  File "E:\python_work\knowledgeCity\remoteio\remoteioApi.py", line 100, in _remoteio
    return http_get(url + apiurl, param)
  File "E:\python_work\knowledgeCity\remoteio\remoteioApi.py", line 16, in http_get
    r = webutility.http_get(url, param)
  File "E:\python_work\knowledgeCity\common\webutility.py", line 105, in http_get
    raise Exception("http get",url,params,"error:",str(e))
Exception: ('http get', 'http://127.0.0.1:8999/api/remoteio/readDOList', {'id': 'downStation01'}, 'error:', 'timed out')

[CRITICAL]2021-01-25 16:12:53,393: [modbusApi: 172.16.167.220] execute fcode=1, addr=8256 exception:  cause a error: [WinError 10060] 由于连接方在一段时间后没有正确答复或连接的主机没有反应，连接尝试失败。
pid=17980, ppid=6772, tid=19064
Traceback (most recent call last):
  File "E:\python_work\knowledgeCity\common\modbusapi.py", line 35, in __execute
    data = self.master.execute(self.__salveId, fcode, start, quantity_of_x=num, output_value=value)
  File "D:\Python\Python38\lib\site-packages\modbus_tk\utils.py", line 39, in new
    raise excpt
  File "D:\Python\Python38\lib\site-packages\modbus_tk\utils.py", line 37, in new
    ret = fcn(*args, **kwargs)
  File "D:\Python\Python38\lib\site-packages\modbus_tk\modbus.py", line 152, in execute
    self.open()
  File "D:\Python\Python38\lib\site-packages\modbus_tk\modbus.py", line 99, in open
    self._do_open()
  File "D:\Python\Python38\lib\site-packages\modbus_tk\modbus_tcp.py", line 173, in _do_open
    self._sock.connect((self._host, self._port))
TimeoutError: [WinError 10060] 由于连接方在一段时间后没有正确答复或连接的主机没有反应，连接尝试失败。

[CRITICAL]2021-01-25 16:12:53,635: downStation01 readDIList fail cause a error: [WinError 10060] 由于连接方在一段时间后没有正确答复或连接的主机没有反应，连接尝试失败。
pid=17980, ppid=6772, tid=19064
Traceback (most recent call last):
  File "E:\python_work\knowledgeCity\remoteio\remoteioMgr.py", line 262, in readDOList
    return self._read(M30, IO_LENTH)
  File "E:\python_work\knowledgeCity\common\lock.py", line 122, in _call
    return func(*p,**pp)
  File "E:\python_work\knowledgeCity\remoteio\remoteioMgr.py", line 314, in _read
    s = self.master.read(mdef.READ_COILS,addr, length)
  File "E:\python_work\knowledgeCity\common\modbusapi.py", line 45, in read
    return self.__execute(fcode, start, num)
  File "E:\python_work\knowledgeCity\common\modbusapi.py", line 35, in __execute
    data = self.master.execute(self.__salveId, fcode, start, quantity_of_x=num, output_value=value)
  File "D:\Python\Python38\lib\site-packages\modbus_tk\utils.py", line 39, in new
    raise excpt
  File "D:\Python\Python38\lib\site-packages\modbus_tk\utils.py", line 37, in new
    ret = fcn(*args, **kwargs)
  File "D:\Python\Python38\lib\site-packages\modbus_tk\modbus.py", line 152, in execute
    self.open()
  File "D:\Python\Python38\lib\site-packages\modbus_tk\modbus.py", line 99, in open
    self._do_open()
  File "D:\Python\Python38\lib\site-packages\modbus_tk\modbus_tcp.py", line 173, in _do_open
    self._sock.connect((self._host, self._port))
TimeoutError: [WinError 10060] 由于连接方在一段时间后没有正确答复或连接的主机没有反应，连接尝试失败。

[CRITICAL]2021-01-25 16:12:53,703: invoke <function urlReadDOList at 0x000002D69EDEE1F0> cause a error: [WinError 10060] 由于连接方在一段时间后没有正确答复或连接的主机没有反应，连接尝试失败。
pid=17980, ppid=6772, tid=19064
Traceback (most recent call last):
  File "E:\python_work\knowledgeCity\common\scadaUtility.py", line 45, in __call
    ret = func(*p,**pp)
  File "E:\python_work\knowledgeCity\remoteio\main_remoteio.py", line 87, in urlReadDOList
    return ioMgr.readDOList(id)
  File "E:\python_work\knowledgeCity\remoteio\remoteioMgr.py", line 158, in readDOList
    result=remoteioInfo.readDOList()
  File "E:\python_work\knowledgeCity\remoteio\remoteioMgr.py", line 262, in readDOList
    return self._read(M30, IO_LENTH)
  File "E:\python_work\knowledgeCity\common\lock.py", line 122, in _call
    return func(*p,**pp)
  File "E:\python_work\knowledgeCity\remoteio\remoteioMgr.py", line 314, in _read
    s = self.master.read(mdef.READ_COILS,addr, length)
  File "E:\python_work\knowledgeCity\common\modbusapi.py", line 45, in read
    return self.__execute(fcode, start, num)
  File "E:\python_work\knowledgeCity\common\modbusapi.py", line 35, in __execute
    data = self.master.execute(self.__salveId, fcode, start, quantity_of_x=num, output_value=value)
  File "D:\Python\Python38\lib\site-packages\modbus_tk\utils.py", line 39, in new
    raise excpt
  File "D:\Python\Python38\lib\site-packages\modbus_tk\utils.py", line 37, in new
    ret = fcn(*args, **kwargs)
  File "D:\Python\Python38\lib\site-packages\modbus_tk\modbus.py", line 152, in execute
    self.open()
  File "D:\Python\Python38\lib\site-packages\modbus_tk\modbus.py", line 99, in open
    self._do_open()
  File "D:\Python\Python38\lib\site-packages\modbus_tk\modbus_tcp.py", line 173, in _do_open
    self._sock.connect((self._host, self._port))
TimeoutError: [WinError 10060] 由于连接方在一段时间后没有正确答复或连接的主机没有反应，连接尝试失败。

[CRITICAL]2021-01-25 16:13:08,753: readDIList error cause a error: ('http get', 'http://127.0.0.1:8999/api/remoteio/readDOList', {'id': 'downStation01'}, 'error:', 'timed out')
pid=17980, ppid=6772, tid=11704
Traceback (most recent call last):
  File "E:\python_work\knowledgeCity\common\webutility.py", line 103, in http_get
    f = urllib.request.urlopen(u,timeout=timeout)
  File "D:\Python\Python38\lib\urllib\request.py", line 222, in urlopen
    return opener.open(url, data, timeout)
  File "D:\Python\Python38\lib\urllib\request.py", line 525, in open
    response = self._open(req, data)
  File "D:\Python\Python38\lib\urllib\request.py", line 542, in _open
    result = self._call_chain(self.handle_open, protocol, protocol +
  File "D:\Python\Python38\lib\urllib\request.py", line 502, in _call_chain
    result = func(*args)
  File "D:\Python\Python38\lib\urllib\request.py", line 1346, in http_open
    return self.do_open(http.client.HTTPConnection, req)
  File "D:\Python\Python38\lib\urllib\request.py", line 1321, in do_open
    r = h.getresponse()
  File "D:\Python\Python38\lib\http\client.py", line 1322, in getresponse
    response.begin()
  File "D:\Python\Python38\lib\http\client.py", line 303, in begin
    version, status, reason = self._read_status()
  File "D:\Python\Python38\lib\http\client.py", line 264, in _read_status
    line = str(self.fp.readline(_MAXLINE + 1), "iso-8859-1")
  File "D:\Python\Python38\lib\socket.py", line 669, in readinto
    return self._sock.recv_into(b)
socket.timeout: timed out

During handling of the above exception, another exception occurred:

Traceback (most recent call last):
  File "E:\python_work\knowledgeCity\autoCtrl\deviceCtrl.py", line 79, in _monitorDevices
    s2 = ioApi.readDOList(devices[d]["io2"])["status"] #上板机
  File "E:\python_work\knowledgeCity\remoteio\remoteioApi.py", line 73, in readDOList
    return _remoteio('/api/remoteio/readDOList', id, param)
  File "E:\python_work\knowledgeCity\remoteio\remoteioApi.py", line 100, in _remoteio
    return http_get(url + apiurl, param)
  File "E:\python_work\knowledgeCity\remoteio\remoteioApi.py", line 16, in http_get
    r = webutility.http_get(url, param)
  File "E:\python_work\knowledgeCity\common\webutility.py", line 105, in http_get
    raise Exception("http get",url,params,"error:",str(e))
Exception: ('http get', 'http://127.0.0.1:8999/api/remoteio/readDOList', {'id': 'downStation01'}, 'error:', 'timed out')

[CRITICAL]2021-01-25 16:13:14,837: downStation01 readDIList fail cause a error: [WinError 10060] 由于连接方在一段时间后没有正确答复或连接的主机没有反应，连接尝试失败。
pid=17980, ppid=6772, tid=12472
Traceback (most recent call last):
  File "E:\python_work\knowledgeCity\remoteio\remoteioMgr.py", line 262, in readDOList
    return self._read(M30, IO_LENTH)
  File "E:\python_work\knowledgeCity\common\lock.py", line 122, in _call
    return func(*p,**pp)
  File "E:\python_work\knowledgeCity\remoteio\remoteioMgr.py", line 311, in _read
    self.master.open()
  File "E:\python_work\knowledgeCity\common\modbusapi.py", line 60, in open
    self.master.open()
  File "D:\Python\Python38\lib\site-packages\modbus_tk\modbus.py", line 99, in open
    self._do_open()
  File "D:\Python\Python38\lib\site-packages\modbus_tk\modbus_tcp.py", line 173, in _do_open
    self._sock.connect((self._host, self._port))
TimeoutError: [WinError 10060] 由于连接方在一段时间后没有正确答复或连接的主机没有反应，连接尝试失败。

[CRITICAL]2021-01-25 16:13:14,926: invoke <function urlReadDOList at 0x000002D69EDEE1F0> cause a error: [WinError 10060] 由于连接方在一段时间后没有正确答复或连接的主机没有反应，连接尝试失败。
pid=17980, ppid=6772, tid=12472
Traceback (most recent call last):
  File "E:\python_work\knowledgeCity\common\scadaUtility.py", line 45, in __call
    ret = func(*p,**pp)
  File "E:\python_work\knowledgeCity\remoteio\main_remoteio.py", line 87, in urlReadDOList
    return ioMgr.readDOList(id)
  File "E:\python_work\knowledgeCity\remoteio\remoteioMgr.py", line 158, in readDOList
    result=remoteioInfo.readDOList()
  File "E:\python_work\knowledgeCity\remoteio\remoteioMgr.py", line 262, in readDOList
    return self._read(M30, IO_LENTH)
  File "E:\python_work\knowledgeCity\common\lock.py", line 122, in _call
    return func(*p,**pp)
  File "E:\python_work\knowledgeCity\remoteio\remoteioMgr.py", line 311, in _read
    self.master.open()
  File "E:\python_work\knowledgeCity\common\modbusapi.py", line 60, in open
    self.master.open()
  File "D:\Python\Python38\lib\site-packages\modbus_tk\modbus.py", line 99, in open
    self._do_open()
  File "D:\Python\Python38\lib\site-packages\modbus_tk\modbus_tcp.py", line 173, in _do_open
    self._sock.connect((self._host, self._port))
TimeoutError: [WinError 10060] 由于连接方在一段时间后没有正确答复或连接的主机没有反应，连接尝试失败。

[CRITICAL]2021-01-25 16:13:26,000: readDIList error cause a error: ('http get', 'http://127.0.0.1:8999/api/remoteio/readDOList', {'id': 'downStation01'}, 'error:', 'timed out')
pid=17980, ppid=6772, tid=11704
Traceback (most recent call last):
  File "E:\python_work\knowledgeCity\common\webutility.py", line 103, in http_get
    f = urllib.request.urlopen(u,timeout=timeout)
  File "D:\Python\Python38\lib\urllib\request.py", line 222, in urlopen
    return opener.open(url, data, timeout)
  File "D:\Python\Python38\lib\urllib\request.py", line 525, in open
    response = self._open(req, data)
  File "D:\Python\Python38\lib\urllib\request.py", line 542, in _open
    result = self._call_chain(self.handle_open, protocol, protocol +
  File "D:\Python\Python38\lib\urllib\request.py", line 502, in _call_chain
    result = func(*args)
  File "D:\Python\Python38\lib\urllib\request.py", line 1346, in http_open
    return self.do_open(http.client.HTTPConnection, req)
  File "D:\Python\Python38\lib\urllib\request.py", line 1321, in do_open
    r = h.getresponse()
  File "D:\Python\Python38\lib\http\client.py", line 1322, in getresponse
    response.begin()
  File "D:\Python\Python38\lib\http\client.py", line 303, in begin
    version, status, reason = self._read_status()
  File "D:\Python\Python38\lib\http\client.py", line 264, in _read_status
    line = str(self.fp.readline(_MAXLINE + 1), "iso-8859-1")
  File "D:\Python\Python38\lib\socket.py", line 669, in readinto
    return self._sock.recv_into(b)
socket.timeout: timed out

During handling of the above exception, another exception occurred:

Traceback (most recent call last):
  File "E:\python_work\knowledgeCity\autoCtrl\deviceCtrl.py", line 79, in _monitorDevices
    s2 = ioApi.readDOList(devices[d]["io2"])["status"] #上板机
  File "E:\python_work\knowledgeCity\remoteio\remoteioApi.py", line 73, in readDOList
    return _remoteio('/api/remoteio/readDOList', id, param)
  File "E:\python_work\knowledgeCity\remoteio\remoteioApi.py", line 100, in _remoteio
    return http_get(url + apiurl, param)
  File "E:\python_work\knowledgeCity\remoteio\remoteioApi.py", line 16, in http_get
    r = webutility.http_get(url, param)
  File "E:\python_work\knowledgeCity\common\webutility.py", line 105, in http_get
    raise Exception("http get",url,params,"error:",str(e))
Exception: ('http get', 'http://127.0.0.1:8999/api/remoteio/readDOList', {'id': 'downStation01'}, 'error:', 'timed out')

[CRITICAL]2021-01-25 16:13:35,861: downStation01 readDIList fail cause a error: [WinError 10060] 由于连接方在一段时间后没有正确答复或连接的主机没有反应，连接尝试失败。
pid=17980, ppid=6772, tid=19404
Traceback (most recent call last):
  File "E:\python_work\knowledgeCity\remoteio\remoteioMgr.py", line 262, in readDOList
    return self._read(M30, IO_LENTH)
  File "E:\python_work\knowledgeCity\common\lock.py", line 122, in _call
    return func(*p,**pp)
  File "E:\python_work\knowledgeCity\remoteio\remoteioMgr.py", line 311, in _read
    self.master.open()
  File "E:\python_work\knowledgeCity\common\modbusapi.py", line 60, in open
    self.master.open()
  File "D:\Python\Python38\lib\site-packages\modbus_tk\modbus.py", line 99, in open
    self._do_open()
  File "D:\Python\Python38\lib\site-packages\modbus_tk\modbus_tcp.py", line 173, in _do_open
    self._sock.connect((self._host, self._port))
TimeoutError: [WinError 10060] 由于连接方在一段时间后没有正确答复或连接的主机没有反应，连接尝试失败。

[CRITICAL]2021-01-25 16:13:35,918: invoke <function urlReadDOList at 0x000002D69EDEE1F0> cause a error: [WinError 10060] 由于连接方在一段时间后没有正确答复或连接的主机没有反应，连接尝试失败。
pid=17980, ppid=6772, tid=19404
Traceback (most recent call last):
  File "E:\python_work\knowledgeCity\common\scadaUtility.py", line 45, in __call
    ret = func(*p,**pp)
  File "E:\python_work\knowledgeCity\remoteio\main_remoteio.py", line 87, in urlReadDOList
    return ioMgr.readDOList(id)
  File "E:\python_work\knowledgeCity\remoteio\remoteioMgr.py", line 158, in readDOList
    result=remoteioInfo.readDOList()
  File "E:\python_work\knowledgeCity\remoteio\remoteioMgr.py", line 262, in readDOList
    return self._read(M30, IO_LENTH)
  File "E:\python_work\knowledgeCity\common\lock.py", line 122, in _call
    return func(*p,**pp)
  File "E:\python_work\knowledgeCity\remoteio\remoteioMgr.py", line 311, in _read
    self.master.open()
  File "E:\python_work\knowledgeCity\common\modbusapi.py", line 60, in open
    self.master.open()
  File "D:\Python\Python38\lib\site-packages\modbus_tk\modbus.py", line 99, in open
    self._do_open()
  File "D:\Python\Python38\lib\site-packages\modbus_tk\modbus_tcp.py", line 173, in _do_open
    self._sock.connect((self._host, self._port))
TimeoutError: [WinError 10060] 由于连接方在一段时间后没有正确答复或连接的主机没有反应，连接尝试失败。

[CRITICAL]2021-01-25 16:13:43,336: readDIList error cause a error: ('http get', 'http://127.0.0.1:8999/api/remoteio/readDOList', {'id': 'downStation01'}, 'error:', 'timed out')
pid=17980, ppid=6772, tid=11704
Traceback (most recent call last):
  File "E:\python_work\knowledgeCity\common\webutility.py", line 103, in http_get
    f = urllib.request.urlopen(u,timeout=timeout)
  File "D:\Python\Python38\lib\urllib\request.py", line 222, in urlopen
    return opener.open(url, data, timeout)
  File "D:\Python\Python38\lib\urllib\request.py", line 525, in open
    response = self._open(req, data)
  File "D:\Python\Python38\lib\urllib\request.py", line 542, in _open
    result = self._call_chain(self.handle_open, protocol, protocol +
  File "D:\Python\Python38\lib\urllib\request.py", line 502, in _call_chain
    result = func(*args)
  File "D:\Python\Python38\lib\urllib\request.py", line 1346, in http_open
    return self.do_open(http.client.HTTPConnection, req)
  File "D:\Python\Python38\lib\urllib\request.py", line 1321, in do_open
    r = h.getresponse()
  File "D:\Python\Python38\lib\http\client.py", line 1322, in getresponse
    response.begin()
  File "D:\Python\Python38\lib\http\client.py", line 303, in begin
    version, status, reason = self._read_status()
  File "D:\Python\Python38\lib\http\client.py", line 264, in _read_status
    line = str(self.fp.readline(_MAXLINE + 1), "iso-8859-1")
  File "D:\Python\Python38\lib\socket.py", line 669, in readinto
    return self._sock.recv_into(b)
socket.timeout: timed out

During handling of the above exception, another exception occurred:

Traceback (most recent call last):
  File "E:\python_work\knowledgeCity\autoCtrl\deviceCtrl.py", line 79, in _monitorDevices
    s2 = ioApi.readDOList(devices[d]["io2"])["status"] #上板机
  File "E:\python_work\knowledgeCity\remoteio\remoteioApi.py", line 73, in readDOList
    return _remoteio('/api/remoteio/readDOList', id, param)
  File "E:\python_work\knowledgeCity\remoteio\remoteioApi.py", line 100, in _remoteio
    return http_get(url + apiurl, param)
  File "E:\python_work\knowledgeCity\remoteio\remoteioApi.py", line 16, in http_get
    r = webutility.http_get(url, param)
  File "E:\python_work\knowledgeCity\common\webutility.py", line 105, in http_get
    raise Exception("http get",url,params,"error:",str(e))
Exception: ('http get', 'http://127.0.0.1:8999/api/remoteio/readDOList', {'id': 'downStation01'}, 'error:', 'timed out')

[CRITICAL]2021-01-25 16:13:56,908: downStation01 readDIList fail cause a error: [WinError 10060] 由于连接方在一段时间后没有正确答复或连接的主机没有反应，连接尝试失败。
pid=17980, ppid=6772, tid=16064
Traceback (most recent call last):
  File "E:\python_work\knowledgeCity\remoteio\remoteioMgr.py", line 262, in readDOList
    return self._read(M30, IO_LENTH)
  File "E:\python_work\knowledgeCity\common\lock.py", line 122, in _call
    return func(*p,**pp)
  File "E:\python_work\knowledgeCity\remoteio\remoteioMgr.py", line 311, in _read
    self.master.open()
  File "E:\python_work\knowledgeCity\common\modbusapi.py", line 60, in open
    self.master.open()
  File "D:\Python\Python38\lib\site-packages\modbus_tk\modbus.py", line 99, in open
    self._do_open()
  File "D:\Python\Python38\lib\site-packages\modbus_tk\modbus_tcp.py", line 173, in _do_open
    self._sock.connect((self._host, self._port))
TimeoutError: [WinError 10060] 由于连接方在一段时间后没有正确答复或连接的主机没有反应，连接尝试失败。

[CRITICAL]2021-01-25 16:13:56,939: invoke <function urlReadDOList at 0x000002D69EDEE1F0> cause a error: [WinError 10060] 由于连接方在一段时间后没有正确答复或连接的主机没有反应，连接尝试失败。
pid=17980, ppid=6772, tid=16064
Traceback (most recent call last):
  File "E:\python_work\knowledgeCity\common\scadaUtility.py", line 45, in __call
    ret = func(*p,**pp)
  File "E:\python_work\knowledgeCity\remoteio\main_remoteio.py", line 87, in urlReadDOList
    return ioMgr.readDOList(id)
  File "E:\python_work\knowledgeCity\remoteio\remoteioMgr.py", line 158, in readDOList
    result=remoteioInfo.readDOList()
  File "E:\python_work\knowledgeCity\remoteio\remoteioMgr.py", line 262, in readDOList
    return self._read(M30, IO_LENTH)
  File "E:\python_work\knowledgeCity\common\lock.py", line 122, in _call
    return func(*p,**pp)
  File "E:\python_work\knowledgeCity\remoteio\remoteioMgr.py", line 311, in _read
    self.master.open()
  File "E:\python_work\knowledgeCity\common\modbusapi.py", line 60, in open
    self.master.open()
  File "D:\Python\Python38\lib\site-packages\modbus_tk\modbus.py", line 99, in open
    self._do_open()
  File "D:\Python\Python38\lib\site-packages\modbus_tk\modbus_tcp.py", line 173, in _do_open
    self._sock.connect((self._host, self._port))
TimeoutError: [WinError 10060] 由于连接方在一段时间后没有正确答复或连接的主机没有反应，连接尝试失败。

[CRITICAL]2021-01-25 16:14:00,575: readDIList error cause a error: ('http get', 'http://127.0.0.1:8999/api/remoteio/readDOList', {'id': 'downStation01'}, 'error:', 'timed out')
pid=17980, ppid=6772, tid=11704
Traceback (most recent call last):
  File "E:\python_work\knowledgeCity\common\webutility.py", line 103, in http_get
    f = urllib.request.urlopen(u,timeout=timeout)
  File "D:\Python\Python38\lib\urllib\request.py", line 222, in urlopen
    return opener.open(url, data, timeout)
  File "D:\Python\Python38\lib\urllib\request.py", line 525, in open
    response = self._open(req, data)
  File "D:\Python\Python38\lib\urllib\request.py", line 542, in _open
    result = self._call_chain(self.handle_open, protocol, protocol +
  File "D:\Python\Python38\lib\urllib\request.py", line 502, in _call_chain
    result = func(*args)
  File "D:\Python\Python38\lib\urllib\request.py", line 1346, in http_open
    return self.do_open(http.client.HTTPConnection, req)
  File "D:\Python\Python38\lib\urllib\request.py", line 1321, in do_open
    r = h.getresponse()
  File "D:\Python\Python38\lib\http\client.py", line 1322, in getresponse
    response.begin()
  File "D:\Python\Python38\lib\http\client.py", line 303, in begin
    version, status, reason = self._read_status()
  File "D:\Python\Python38\lib\http\client.py", line 264, in _read_status
    line = str(self.fp.readline(_MAXLINE + 1), "iso-8859-1")
  File "D:\Python\Python38\lib\socket.py", line 669, in readinto
    return self._sock.recv_into(b)
socket.timeout: timed out

During handling of the above exception, another exception occurred:

Traceback (most recent call last):
  File "E:\python_work\knowledgeCity\autoCtrl\deviceCtrl.py", line 79, in _monitorDevices
    s2 = ioApi.readDOList(devices[d]["io2"])["status"] #上板机
  File "E:\python_work\knowledgeCity\remoteio\remoteioApi.py", line 73, in readDOList
    return _remoteio('/api/remoteio/readDOList', id, param)
  File "E:\python_work\knowledgeCity\remoteio\remoteioApi.py", line 100, in _remoteio
    return http_get(url + apiurl, param)
  File "E:\python_work\knowledgeCity\remoteio\remoteioApi.py", line 16, in http_get
    r = webutility.http_get(url, param)
  File "E:\python_work\knowledgeCity\common\webutility.py", line 105, in http_get
    raise Exception("http get",url,params,"error:",str(e))
Exception: ('http get', 'http://127.0.0.1:8999/api/remoteio/readDOList', {'id': 'downStation01'}, 'error:', 'timed out')

[CRITICAL]2021-01-25 16:14:17,938: readDIList error cause a error: ('http get', 'http://127.0.0.1:8999/api/remoteio/readDOList', {'id': 'downStation01'}, 'error:', 'timed out')
pid=17980, ppid=6772, tid=11704
Traceback (most recent call last):
  File "E:\python_work\knowledgeCity\common\webutility.py", line 103, in http_get
    f = urllib.request.urlopen(u,timeout=timeout)
  File "D:\Python\Python38\lib\urllib\request.py", line 222, in urlopen
    return opener.open(url, data, timeout)
  File "D:\Python\Python38\lib\urllib\request.py", line 525, in open
    response = self._open(req, data)
  File "D:\Python\Python38\lib\urllib\request.py", line 542, in _open
    result = self._call_chain(self.handle_open, protocol, protocol +
  File "D:\Python\Python38\lib\urllib\request.py", line 502, in _call_chain
    result = func(*args)
  File "D:\Python\Python38\lib\urllib\request.py", line 1346, in http_open
    return self.do_open(http.client.HTTPConnection, req)
  File "D:\Python\Python38\lib\urllib\request.py", line 1321, in do_open
    r = h.getresponse()
  File "D:\Python\Python38\lib\http\client.py", line 1322, in getresponse
    response.begin()
  File "D:\Python\Python38\lib\http\client.py", line 303, in begin
    version, status, reason = self._read_status()
  File "D:\Python\Python38\lib\http\client.py", line 264, in _read_status
    line = str(self.fp.readline(_MAXLINE + 1), "iso-8859-1")
  File "D:\Python\Python38\lib\socket.py", line 669, in readinto
    return self._sock.recv_into(b)
socket.timeout: timed out

During handling of the above exception, another exception occurred:

Traceback (most recent call last):
  File "E:\python_work\knowledgeCity\autoCtrl\deviceCtrl.py", line 79, in _monitorDevices
    s2 = ioApi.readDOList(devices[d]["io2"])["status"] #上板机
  File "E:\python_work\knowledgeCity\remoteio\remoteioApi.py", line 73, in readDOList
    return _remoteio('/api/remoteio/readDOList', id, param)
  File "E:\python_work\knowledgeCity\remoteio\remoteioApi.py", line 100, in _remoteio
    return http_get(url + apiurl, param)
  File "E:\python_work\knowledgeCity\remoteio\remoteioApi.py", line 16, in http_get
    r = webutility.http_get(url, param)
  File "E:\python_work\knowledgeCity\common\webutility.py", line 105, in http_get
    raise Exception("http get",url,params,"error:",str(e))
Exception: ('http get', 'http://127.0.0.1:8999/api/remoteio/readDOList', {'id': 'downStation01'}, 'error:', 'timed out')

[CRITICAL]2021-01-25 16:14:18,073: downStation01 readDIList fail cause a error: [WinError 10060] 由于连接方在一段时间后没有正确答复或连接的主机没有反应，连接尝试失败。
pid=17980, ppid=6772, tid=10424
Traceback (most recent call last):
  File "E:\python_work\knowledgeCity\remoteio\remoteioMgr.py", line 262, in readDOList
    return self._read(M30, IO_LENTH)
  File "E:\python_work\knowledgeCity\common\lock.py", line 122, in _call
    return func(*p,**pp)
  File "E:\python_work\knowledgeCity\remoteio\remoteioMgr.py", line 311, in _read
    self.master.open()
  File "E:\python_work\knowledgeCity\common\modbusapi.py", line 60, in open
    self.master.open()
  File "D:\Python\Python38\lib\site-packages\modbus_tk\modbus.py", line 99, in open
    self._do_open()
  File "D:\Python\Python38\lib\site-packages\modbus_tk\modbus_tcp.py", line 173, in _do_open
    self._sock.connect((self._host, self._port))
TimeoutError: [WinError 10060] 由于连接方在一段时间后没有正确答复或连接的主机没有反应，连接尝试失败。

[CRITICAL]2021-01-25 16:14:18,134: invoke <function urlReadDOList at 0x000002D69EDEE1F0> cause a error: [WinError 10060] 由于连接方在一段时间后没有正确答复或连接的主机没有反应，连接尝试失败。
pid=17980, ppid=6772, tid=10424
Traceback (most recent call last):
  File "E:\python_work\knowledgeCity\common\scadaUtility.py", line 45, in __call
    ret = func(*p,**pp)
  File "E:\python_work\knowledgeCity\remoteio\main_remoteio.py", line 87, in urlReadDOList
    return ioMgr.readDOList(id)
  File "E:\python_work\knowledgeCity\remoteio\remoteioMgr.py", line 158, in readDOList
    result=remoteioInfo.readDOList()
  File "E:\python_work\knowledgeCity\remoteio\remoteioMgr.py", line 262, in readDOList
    return self._read(M30, IO_LENTH)
  File "E:\python_work\knowledgeCity\common\lock.py", line 122, in _call
    return func(*p,**pp)
  File "E:\python_work\knowledgeCity\remoteio\remoteioMgr.py", line 311, in _read
    self.master.open()
  File "E:\python_work\knowledgeCity\common\modbusapi.py", line 60, in open
    self.master.open()
  File "D:\Python\Python38\lib\site-packages\modbus_tk\modbus.py", line 99, in open
    self._do_open()
  File "D:\Python\Python38\lib\site-packages\modbus_tk\modbus_tcp.py", line 173, in _do_open
    self._sock.connect((self._host, self._port))
TimeoutError: [WinError 10060] 由于连接方在一段时间后没有正确答复或连接的主机没有反应，连接尝试失败。

