[INFO]2021-05-12 16:19:52,585: log files at C:\Users\comba\Desktop\知识城地牛\knowledgeCity\common\log
[INFO]2021-05-12 16:19:52,585: find module agvCtrl.main_agv
[INFO]2021-05-12 16:19:52,585: find module agvDevice.main_agvDevice
[INFO]2021-05-12 16:19:52,586: find module alarm.main_alarm
[INFO]2021-05-12 16:19:52,586: find module auth.main_auth
[INFO]2021-05-12 16:19:52,586: find module autoCtrl.main_akmCtrl
[INFO]2021-05-12 16:19:52,587: find module door.main_door
[INFO]2021-05-12 16:19:52,587: find module elevator.main_elevator
[INFO]2021-05-12 16:19:52,587: find module feed.main_feed
[INFO]2021-05-12 16:19:52,592: find module remoteio.main_remoteio
[INFO]2021-05-12 16:19:52,593: import agvCtrl.main_agv
[INFO]2021-05-12 16:19:52,825: create lock <lock name:doorMgr.lock,<unlocked _thread.RLock object owner=0 count=0 at 0x000001751FBE67B0>>
[INFO]2021-05-12 16:19:52,827: create lock <lock name:door.lock,<unlocked _thread.RLock object owner=0 count=0 at 0x000001751FBE6918>>
[INFO]2021-05-12 16:19:52,874: create lock <lock name:timer.lock_1602557841704,<unlocked _thread.RLock object owner=0 count=0 at 0x000001751FE2F440>>
[ERROR]2021-05-12 16:19:52,881: mqtt is disabled
[INFO]2021-05-12 16:19:52,881: mqtt: subscribe [alarm/raise/+]
[INFO]2021-05-12 16:19:52,882: mqtt: subscribe [alarm/clear/+]
[INFO]2021-05-12 16:19:55,900: Mongodb connect to 127.0.0.1 port 27017
[INFO]2021-05-12 16:19:55,942: create lock <lock name:elevatorApi.tcp_lock,<unlocked _thread.RLock object owner=0 count=0 at 0x000001751FFF8B48>>
[INFO]2021-05-12 16:19:55,943: create lock <lock name:elevatorApi.g_lock,<unlocked _thread.RLock object owner=0 count=0 at 0x000001751FFF8788>>
[INFO]2021-05-12 16:19:55,944: create lock <lock name:elevatorMgr.lock,<unlocked _thread.RLock object owner=0 count=0 at 0x000001751FFF8300>>
[INFO]2021-05-12 16:19:55,952: create lock <lock name:agvserver,<unlocked _thread.RLock object owner=0 count=0 at 0x0000017520101710>>
[INFO]2021-05-12 16:19:56,101: create lock <lock name:mapMgr.lock,<unlocked _thread.RLock object owner=0 count=0 at 0x000001751E3BC198>>
[INFO]2021-05-12 16:19:56,339: create lock <lock name:agvList.g_agvLock,<unlocked _thread.RLock object owner=0 count=0 at 0x00000175201FFE40>>
[INFO]2021-05-12 16:19:56,342: create lock <lock name:taskList.lock,<unlocked _thread.RLock object owner=0 count=0 at 0x0000017520775F08>>
[INFO]2021-05-12 16:19:56,387: charge policy 0 , fix time
[INFO]2021-05-12 16:19:56,413: create lock <lock name:agvApi.g_lock,<unlocked _thread.RLock object owner=0 count=0 at 0x0000017520501238>>
[INFO]2021-05-12 16:19:56,832: start load map C:\Users\comba\Desktop\知识城地牛\knowledgeCity\agvCtrl\projects\knowledgeCity\comba-ZSC-3F_0419.smap
[DEBUG]2021-05-12 16:19:56,907: elevator thread start
[INFO]2021-05-12 16:19:56,922: load map C:\Users\comba\Desktop\知识城地牛\knowledgeCity\agvCtrl\projects\knowledgeCity\comba-ZSC-3F_0419.smap ,used 97 ms
[INFO]2021-05-12 16:19:56,929: start load map C:\Users\comba\Desktop\知识城地牛\knowledgeCity\agvCtrl\projects\knowledgeCity\comba-ZSC-F1-F3.smap
[INFO]2021-05-12 16:19:57,073: load map C:\Users\comba\Desktop\知识城地牛\knowledgeCity\agvCtrl\projects\knowledgeCity\comba-ZSC-F1-F3.smap ,used 150 ms
[INFO]2021-05-12 16:19:57,081: start load map C:\Users\comba\Desktop\知识城地牛\knowledgeCity\agvCtrl\projects\knowledgeCity\comba-ZXC-3F.smap
[INFO]2021-05-12 16:19:57,154: load map C:\Users\comba\Desktop\知识城地牛\knowledgeCity\agvCtrl\projects\knowledgeCity\comba-ZXC-3F.smap ,used 80 ms
[INFO]2021-05-12 16:19:57,162: start load map C:\Users\comba\Desktop\知识城地牛\knowledgeCity\agvCtrl\projects\knowledgeCity\comba-ZXC-F3.smap
[INFO]2021-05-12 16:19:57,209: load map C:\Users\comba\Desktop\知识城地牛\knowledgeCity\agvCtrl\projects\knowledgeCity\comba-ZXC-F3.smap ,used 54 ms
[INFO]2021-05-12 16:19:57,216: start load map C:\Users\comba\Desktop\知识城地牛\knowledgeCity\agvCtrl\projects\knowledgeCity\office.smap
[INFO]2021-05-12 16:19:57,248: load map C:\Users\comba\Desktop\知识城地牛\knowledgeCity\agvCtrl\projects\knowledgeCity\office.smap ,used 39 ms
[INFO]2021-05-12 16:19:57,251: import agvDevice.main_agvDevice
[INFO]2021-05-12 16:19:57,252: import alarm.main_alarm
[INFO]2021-05-12 16:19:57,253: import auth.main_auth
[INFO]2021-05-12 16:19:57,260: import autoCtrl.main_akmCtrl
[INFO]2021-05-12 16:19:57,269: create lock <lock name:agvApi.g_lock,<unlocked _thread.RLock object owner=0 count=0 at 0x0000017520697440>>
[INFO]2021-05-12 16:19:57,275: create lock <lock name:runTasks.pre_lock,<unlocked _thread.RLock object owner=0 count=0 at 0x0000017520667620>>
[INFO]2021-05-12 16:19:57,297: 三楼夹具点B 三楼夹具点A
[INFO]2021-05-12 16:19:57,306: recover can release agv *task[609b84d173dabd21b0330e74][-] AP22(LM17) -> AP18(LM17) [loadPlayload]
[INFO]2021-05-12 16:19:57,309: load task: *task[609b84d173dabd21b0330e74][-] AP22(LM17) -> AP18(LM17) [waiting]
[INFO]2021-05-12 16:19:57,312: 三楼夹具点B 三楼夹具点A
[INFO]2021-05-12 16:19:57,763: recover can release agv *task[609b839673dabd21b0330e71][-] AP22(LM17) -> AP18(LM17) [waitForAgv]
[INFO]2021-05-12 16:19:57,787: load task: *task[609b839673dabd21b0330e71][-] AP22(LM17) -> AP18(LM17) [waiting]
[INFO]2021-05-12 16:19:57,788: create lock <lock name:IOAlarm.s_lock,<unlocked _thread.RLock object owner=0 count=0 at 0x00000175206671E8>>
[INFO]2021-05-12 16:19:57,790: create lock <lock name:mapMgr.lock,<unlocked _thread.RLock object owner=0 count=0 at 0x0000017520739120>>
[INFO]2021-05-12 16:19:57,834: import door.main_door
[INFO]2021-05-12 16:19:57,836: import elevator.main_elevator
[INFO]2021-05-12 16:19:57,837: import feed.main_feed
[INFO]2021-05-12 16:19:57,843: create lock <lock name:feedTask.g_lock,<unlocked _thread.RLock object owner=0 count=0 at 0x000001752363F828>>
[INFO]2021-05-12 16:19:57,874: import remoteio.main_remoteio
[SUCC]2021-05-12 16:19:57,889: utility start, pid=16396, ppid=13696
[DEBUG]2021-05-12 16:19:57,890: create aliveObj upStation01 远程控制IO离线异常 timeout 120
[DEBUG]2021-05-12 16:19:57,890: start timer
[DEBUG]2021-05-12 16:19:57,891: create aliveObj downStation01 远程控制IO离线异常 timeout 120
[INFO]2021-05-12 16:19:57,899: load agv file: C:\Users\comba\Desktop\知识城地牛\knowledgeCity\agvCtrl/projects/knowledgeCity/agv.cfg
[INFO]2021-05-12 16:19:57,899: create lock <lock name:agvList.Wuliao-AGV.lock,<unlocked _thread.RLock object owner=0 count=0 at 0x000001751F190968>>
[DEBUG]2021-05-12 16:19:57,902: create aliveObj Wuliao-AGV AGV离线异常 timeout 300
[INFO]2021-05-12 16:19:57,904: Wuliao-AGV start agvList run thread
[INFO]2021-05-12 16:19:57,904: Wuliao-AGV start agvList run2 thread
[INFO]2021-05-12 16:19:57,904: create lock <lock name:agv.Wuliao-AGV.lock_status,<unlocked _thread.RLock object owner=0 count=0 at 0x000001751F190918>>
[DEBUG]2021-05-12 16:19:57,905: try connect Wuliao-AGV 172.16.217.209:19204
[INFO]2021-05-12 16:19:57,907: create lock <lock name:agvList.3F-ChaChe-AGV.lock,<unlocked _thread.RLock object owner=0 count=0 at 0x000001751F190878>>
[DEBUG]2021-05-12 16:19:57,909: create aliveObj 3F-ChaChe-AGV AGV离线异常 timeout 300
[INFO]2021-05-12 16:19:57,909: 3F-ChaChe-AGV start agvList run thread
[INFO]2021-05-12 16:19:57,909: 3F-ChaChe-AGV start agvList run2 thread
[INFO]2021-05-12 16:19:57,910: create lock <lock name:agvList.Jiaju-AGV.lock,<unlocked _thread.RLock object owner=0 count=0 at 0x000001751F190CB0>>
[INFO]2021-05-12 16:19:57,910: create lock <lock name:agv.3F-ChaChe-AGV.lock_status,<unlocked _thread.RLock object owner=0 count=0 at 0x000001751F190D00>>
[DEBUG]2021-05-12 16:19:57,913: try connect 3F-ChaChe-AGV 172.16.217.121:19204
[DEBUG]2021-05-12 16:19:57,914: create aliveObj Jiaju-AGV AGV离线异常 timeout 300
[INFO]2021-05-12 16:19:57,915: Jiaju-AGV start agvList run thread
[INFO]2021-05-12 16:19:57,915: Jiaju-AGV start agvList run2 thread
[INFO]2021-05-12 16:19:57,915: create lock <lock name:agvList.1F-ChaChe-AGV.lock,<unlocked _thread.RLock object owner=0 count=0 at 0x000001751F190F30>>
[INFO]2021-05-12 16:19:57,916: create lock <lock name:agv.Jiaju-AGV.lock_status,<unlocked _thread.RLock object owner=0 count=0 at 0x000001751F190F80>>
[DEBUG]2021-05-12 16:19:57,917: try connect Jiaju-AGV 172.16.217.211:19204
[DEBUG]2021-05-12 16:19:57,918: create aliveObj 1F-ChaChe-AGV AGV离线异常 timeout 300
[INFO]2021-05-12 16:19:57,918: 1F-ChaChe-AGV start agvList run thread
[INFO]2021-05-12 16:19:57,919: 1F-ChaChe-AGV start agvList run2 thread
[WARN]2021-05-12 16:19:57,919: Local server start! version 3.7.0, path C:\Users\comba\Desktop\知识城地牛\knowledgeCity\common, pid 16396
[INFO]2021-05-12 16:19:57,919: create lock <lock name:agv.1F-ChaChe-AGV.lock_status,<unlocked _thread.RLock object owner=0 count=0 at 0x000001751F190738>>
[INFO]2021-05-12 16:19:57,920: add_ignore: taskStatus
[DEBUG]2021-05-12 16:19:57,920: try connect 1F-ChaChe-AGV 172.16.217.213:19204
[INFO]2021-05-12 16:19:58,052: Jiaju-AGV connected 172.16.217.211 19204
[INFO]2021-05-12 16:19:58,053: 1F-ChaChe-AGV connected 172.16.217.213 19204
[INFO]2021-05-12 16:19:58,053: create lock <lock name:agv.Jiaju-AGV.lock_ctrl,<unlocked _thread.RLock object owner=0 count=0 at 0x000001751F1E8148>>
[INFO]2021-05-12 16:19:58,054: create lock <lock name:agv.1F-ChaChe-AGV.lock_ctrl,<unlocked _thread.RLock object owner=0 count=0 at 0x000001751F1908F0>>
[DEBUG]2021-05-12 16:19:58,055: try connect Jiaju-AGV 172.16.217.211:19205
[DEBUG]2021-05-12 16:19:58,055: try connect 1F-ChaChe-AGV 172.16.217.213:19205
[INFO]2021-05-12 16:19:58,062: Wuliao-AGV connected 172.16.217.209 19204
[INFO]2021-05-12 16:19:58,062: create lock <lock name:agv.Wuliao-AGV.lock_ctrl,<unlocked _thread.RLock object owner=0 count=0 at 0x000001751F190990>>
[DEBUG]2021-05-12 16:19:58,063: try connect Wuliao-AGV 172.16.217.209:19205
[INFO]2021-05-12 16:19:58,063: 1F-ChaChe-AGV connected 172.16.217.213 19205
[INFO]2021-05-12 16:19:58,064: create lock <lock name:agv.1F-ChaChe-AGV.lock_task,<unlocked _thread.RLock object owner=0 count=0 at 0x000001751F1E8E18>>
[DEBUG]2021-05-12 16:19:58,065: try connect 1F-ChaChe-AGV 172.16.217.213:19206
[INFO]2021-05-12 16:19:58,065: Jiaju-AGV connected 172.16.217.211 19205
[INFO]2021-05-12 16:19:58,066: create lock <lock name:agv.Jiaju-AGV.lock_task,<unlocked _thread.RLock object owner=0 count=0 at 0x000001751F1E8E40>>
[DEBUG]2021-05-12 16:19:58,067: try connect Jiaju-AGV 172.16.217.211:19206
[INFO]2021-05-12 16:19:58,071: 1F-ChaChe-AGV connected 172.16.217.213 19206
[INFO]2021-05-12 16:19:58,071: Jiaju-AGV connected 172.16.217.211 19206
[INFO]2021-05-12 16:19:58,071: create lock <lock name:agv.1F-ChaChe-AGV.lock_conf,<unlocked _thread.RLock object owner=0 count=0 at 0x000001751F1E8990>>
[INFO]2021-05-12 16:19:58,072: create lock <lock name:agv.Jiaju-AGV.lock_conf,<unlocked _thread.RLock object owner=0 count=0 at 0x000001751F1E8AD0>>
[DEBUG]2021-05-12 16:19:58,072: try connect 1F-ChaChe-AGV 172.16.217.213:19207
[DEBUG]2021-05-12 16:19:58,073: try connect Jiaju-AGV 172.16.217.211:19207
[INFO]2021-05-12 16:19:58,074: Wuliao-AGV connected 172.16.217.209 19205
[INFO]2021-05-12 16:19:58,075: create lock <lock name:agv.Wuliao-AGV.lock_task,<unlocked _thread.RLock object owner=0 count=0 at 0x000001751F1E8E68>>
[DEBUG]2021-05-12 16:19:58,076: try connect Wuliao-AGV 172.16.217.209:19206
[INFO]2021-05-12 16:19:58,078: 1F-ChaChe-AGV connected 172.16.217.213 19207
[INFO]2021-05-12 16:19:58,078: Jiaju-AGV connected 172.16.217.211 19207
[INFO]2021-05-12 16:19:58,078: create lock <lock name:agv.1F-ChaChe-AGV.lock_core,<unlocked _thread.RLock object owner=0 count=0 at 0x000001751F1E8648>>
[INFO]2021-05-12 16:19:58,080: create lock <lock name:agv.Jiaju-AGV.lock_core,<unlocked _thread.RLock object owner=0 count=0 at 0x000001751F1E8878>>
[DEBUG]2021-05-12 16:19:58,080: try connect 1F-ChaChe-AGV 172.16.217.213:19208
[DEBUG]2021-05-12 16:19:58,081: try connect Jiaju-AGV 172.16.217.211:19208
[INFO]2021-05-12 16:19:58,081: Wuliao-AGV connected 172.16.217.209 19206
[INFO]2021-05-12 16:19:58,082: create lock <lock name:agv.Wuliao-AGV.lock_conf,<unlocked _thread.RLock object owner=0 count=0 at 0x000001751F233300>>
[DEBUG]2021-05-12 16:19:58,083: try connect Wuliao-AGV 172.16.217.209:19207
[INFO]2021-05-12 16:19:58,086: Jiaju-AGV connected 172.16.217.211 19208
[INFO]2021-05-12 16:19:58,086: 1F-ChaChe-AGV connected 172.16.217.213 19208
[INFO]2021-05-12 16:19:58,087: create lock <lock name:agv.Jiaju-AGV.lock_other,<unlocked _thread.RLock object owner=0 count=0 at 0x000001751F2338A0>>
[INFO]2021-05-12 16:19:58,087: create lock <lock name:agv.1F-ChaChe-AGV.lock_other,<unlocked _thread.RLock object owner=0 count=0 at 0x000001751F233850>>
[INFO]2021-05-12 16:19:58,088: Wuliao-AGV connected 172.16.217.209 19207
[DEBUG]2021-05-12 16:19:58,088: try connect Jiaju-AGV 172.16.217.211:19210
[DEBUG]2021-05-12 16:19:58,088: try connect 1F-ChaChe-AGV 172.16.217.213:19210
[INFO]2021-05-12 16:19:58,090: create lock <lock name:agv.Wuliao-AGV.lock_core,<unlocked _thread.RLock object owner=0 count=0 at 0x000001751F233878>>
[DEBUG]2021-05-12 16:19:58,091: try connect Wuliao-AGV 172.16.217.209:19208
[INFO]2021-05-12 16:19:58,101: Wuliao-AGV connected 172.16.217.209 19208
[INFO]2021-05-12 16:19:58,102: Jiaju-AGV connected 172.16.217.211 19210
[INFO]2021-05-12 16:19:58,102: 1F-ChaChe-AGV connected 172.16.217.213 19210
[INFO]2021-05-12 16:19:58,103: create lock <lock name:agv.Wuliao-AGV.lock_other,<unlocked _thread.RLock object owner=0 count=0 at 0x000001751F233918>>
[DEBUG]2021-05-12 16:19:58,104: try connect Wuliao-AGV 172.16.217.209:19210
[INFO]2021-05-12 16:19:58,110: Wuliao-AGV connected 172.16.217.209 19210
[INFO]2021-05-12 16:19:58,120: 1F-ChaChe-AGV current map comba-ZSC-F1-F3
[INFO]2021-05-12 16:19:58,125: Jiaju-AGV current map comba-ZXC-F3
[INFO]2021-05-12 16:19:58,126: Wuliao-AGV current map comba-ZXC-F3
[INFO]2021-05-12 16:19:58,138: 1F-ChaChe-AGV is online
[INFO]2021-05-12 16:19:58,174: Wuliao-AGV is online
[INFO]2021-05-12 16:19:58,196: Jiaju-AGV is online
[DEBUG]2021-05-12 16:20:02,907: GET: http://127.0.0.1:8999/api/agv/init?appName=akmTask addr: 127.0.0.1
[INFO]2021-05-12 16:20:02,909: akmTask init client agvApi
[DEBUG]2021-05-12 16:20:02,910: used 3ms 200 OK application/json;charset=utf-8, GET: http://127.0.0.1:8999/api/agv/init?appName=akmTask
[INFO]2021-05-12 16:20:02,913: task recover: add task *task[609b84d173dabd21b0330e74][-] AP22(LM17) -> AP18(LM17) [waiting]
[INFO]2021-05-12 16:20:02,913: task recover: add task *task[609b839673dabd21b0330e71][-] AP22(LM17) -> AP18(LM17) [waiting]
[DEBUG]2021-05-12 16:20:05,963: GET: http://127.0.0.1:8999/api/agv/startCharge?appName=akmTask addr: 127.0.0.1
[DEBUG]2021-05-12 16:20:06,027: used 64ms 200 OK application/json;charset=utf-8, GET: http://127.0.0.1:8999/api/agv/startCharge?appName=akmTask
[INFO]2021-05-12 16:20:06,104: task[609b84d173dabd21b0330e74]:  start {'failMsg': '任务等待执行', 'startTime': datetime.datetime(2021, 5, 12, 16, 20, 6, 87796), 'updateTime': datetime.datetime(2021, 5, 12, 16, 20, 6, 87796), 'status': 'running'}
[INFO]2021-05-12 16:20:06,139: task: start *task[609b84d173dabd21b0330e74][-] AP22(LM17) -> AP18(LM17) [waiting]
[INFO]2021-05-12 16:20:06,186: task[609b84d173dabd21b0330e74] update info: {'failMsg': '等待分配小车', 'updateTime': datetime.datetime(2021, 5, 12, 16, 20, 6, 174590)}
[DEBUG]2021-05-12 16:20:06,220: *task[609b84d173dabd21b0330e74][-] AP22(LM17) -> AP18(LM17) [waitForAgv] waiting -> waitForAgv
[INFO]2021-05-12 16:20:07,147: *task[609b839673dabd21b0330e71][-] AP22(LM17) -> AP18(LM17) [waiting] loop with *task[609b84d173dabd21b0330e74][-] AP22(LM17) -> AP18(LM17) [waitForAgv]
[WARN]2021-05-12 16:20:07,205: timer_thread[tid:19152] <locked _thread.RLock object owner=19152 count=1 at 0x00000175206675F8> ,hold 9312 ms
[INFO]2021-05-12 16:20:07,282: name=timer_thread, pid=16396, tid=19152
[01] File "C:/Users/comba/AppData/Local/Programs/Python/Python37/lib/threading.py", line 865, in run() 
[02] File "C:/Users/comba/Desktop/知识城地牛/knowledgeCity/common/mytimer.py", line 113, in _loop() 
[03] File "C:/Users/comba/Desktop/知识城地牛/knowledgeCity/common/lock.py", line 124, in _call() 
[04] File "C:/Users/comba/Desktop/知识城地牛/knowledgeCity/common/lock.py", line 102, in release() 
[05] File "C:/Users/comba/Desktop/知识城地牛/knowledgeCity/common/enhance.py", line 268, in getTrace() 
[06] File "C:/Users/comba/Desktop/知识城地牛/knowledgeCity/common/enhance.py", line 248, in getThreadStack()
[DEBUG]2021-05-12 16:20:07,731: GET: http://127.0.0.1:8999/api/agv/apply?appName=akmTask&autoLock=False&exclude&loc=AP22&mapId=comba-ZXC-F3&taskId=609b84d173dabd21b0330e74&timeout=10 addr: 127.0.0.1
[INFO]2021-05-12 16:20:07,757: [('comba-ZXC-F3.AP12', 'Wuliao-AGV'), ('comba-ZXC-F3.LM19', 'Jiaju-AGV')]
[ERROR]2021-05-12 16:20:07,915: connect 3F-ChaChe-AGV failed timed out
[DEBUG]2021-05-12 16:20:08,070: try connect 3F-ChaChe-AGV 172.16.217.121:19204
[INFO]2021-05-12 16:20:08,872: apply Wuliao-AGV ,taskId: 609b84d173dabd21b0330e74 ,loc comba-ZXC-F3.AP22 ,autoLock False , used 1115 ms
[INFO]2021-05-12 16:20:08,897: Wuliao-AGV
[INFO]2021-05-12 16:20:08,909: Wuliao-AGV
[INFO]2021-05-12 16:20:08,915: *task[609b839673dabd21b0330e71][-] AP22(LM17) -> AP18(LM17) [waiting] loop with *task[609b84d173dabd21b0330e74][-] AP22(LM17) -> AP18(LM17) [waitForAgv]
[DEBUG]2021-05-12 16:20:08,939: used 1208ms 200 OK application/json;charset=utf-8, GET: http://127.0.0.1:8999/api/agv/apply?appName=akmTask&autoLock=False&exclude&loc=AP22&mapId=comba-ZXC-F3&taskId=609b84d173dabd21b0330e74&timeout=10
[INFO]2021-05-12 16:20:08,993: comba-ZXC-F3.AP22 comba-ZXC-F3.AP18
[INFO]2021-05-12 16:20:09,051: Wuliao-AGV
[INFO]2021-05-12 16:20:09,076: 判断类型
[DEBUG]2021-05-12 16:20:09,164: GET: http://127.0.0.1:8999/api/agv/apply?appName=akmTask&autoLock=False&exclude=Wuliao-AGV&loc=AP22&mapId=comba-ZXC-F3&taskId=609b84d173dabd21b0330e74&timeout=10 addr: 127.0.0.1
[INFO]2021-05-12 16:20:09,223: [('comba-ZXC-F3.LM19', 'Jiaju-AGV')]
[DEBUG]2021-05-12 16:20:09,283: send http_get: http://127.0.0.1:8999/api/remoteio/readDOList?id=upStation01
[INFO]2021-05-12 16:20:09,995: apply Jiaju-AGV ,taskId: 609b84d173dabd21b0330e74 ,loc comba-ZXC-F3.AP22 ,autoLock False , used 772 ms
[INFO]2021-05-12 16:20:10,069: Jiaju-AGV
[INFO]2021-05-12 16:20:10,111: Jiaju-AGV
[DEBUG]2021-05-12 16:20:10,128: used 759ms 200 OK application/json;charset=utf-8, GET: http://127.0.0.1:8999/api/agv/apply?appName=akmTask&autoLock=False&exclude=Wuliao-AGV&loc=AP22&mapId=comba-ZXC-F3&taskId=609b84d173dabd21b0330e74&timeout=10
[INFO]2021-05-12 16:20:10,228: comba-ZXC-F3.AP22 comba-ZXC-F3.AP18
[INFO]2021-05-12 16:20:10,258: Jiaju-AGV
[INFO]2021-05-12 16:20:10,287: 判断类型
[DEBUG]2021-05-12 16:20:10,327: GET: http://127.0.0.1:8999/api/agv/lock?agv=Jiaju-AGV&appName=akmTask&taskId=609b84d173dabd21b0330e74 addr: 127.0.0.1
[DEBUG]2021-05-12 16:20:10,351: lock:  Jiaju-AGV taskId 609b84d173dabd21b0330e74 app akmTask
[WARN]2021-05-12 16:20:11,385: Jiaju-AGV clear task finish, cur= comba-ZXC-F3.LM19 task_status= 4
[DEBUG]2021-05-12 16:20:11,409: used 1082ms 200 OK application/json;charset=utf-8, GET: http://127.0.0.1:8999/api/agv/lock?agv=Jiaju-AGV&appName=akmTask&taskId=609b84d173dabd21b0330e74
[INFO]2021-05-12 16:20:11,511: Jiaju-AGV
[INFO]2021-05-12 16:20:11,553: *task[609b84d173dabd21b0330e74][-] AP22(LM17) -> AP18(LM17) [waitForAgv] apply Jiaju-AGV
[INFO]2021-05-12 16:20:11,605: task[609b84d173dabd21b0330e74] update info: {'agvId': 'Jiaju-AGV', 'failMsg': '成功分配小车Jiaju-AGV', 'updateTime': datetime.datetime(2021, 5, 12, 16, 20, 11, 593997)}
[WARN]2021-05-12 16:20:11,659: scada.609b84d173dabd21b0330e74[tid:6920] <locked _thread.RLock object owner=6920 count=1 at 0x0000017520702C88> ,hold 3980 ms
[INFO]2021-05-12 16:20:11,824: name=scada.609b84d173dabd21b0330e74, pid=16396, tid=6920
[01] File "C:/Users/comba/AppData/Local/Programs/Python/Python37/lib/threading.py", line 865, in run() 
[02] File "C:/Users/comba/Desktop/知识城地牛/knowledgeCity/common/utility.py", line 167, in __call() 
[03] File "C:/Users/comba/Desktop/知识城地牛/knowledgeCity/autoCtrl/runTasks.py", line 920, in _taskFunc() 
[04] File "C:/Users/comba/Desktop/知识城地牛/knowledgeCity/common/lock.py", line 124, in _call() 
[05] File "C:/Users/comba/Desktop/知识城地牛/knowledgeCity/common/lock.py", line 102, in release() 
[06] File "C:/Users/comba/Desktop/知识城地牛/knowledgeCity/common/enhance.py", line 268, in getTrace() 
[07] File "C:/Users/comba/Desktop/知识城地牛/knowledgeCity/common/enhance.py", line 248, in getThreadStack()
[DEBUG]2021-05-12 16:20:11,865: *task[609b84d173dabd21b0330e74][Jiaju-AGV] AP22(LM17) -> AP18(LM17) [initAGV] waitForAgv -> initAGV
[INFO]2021-05-12 16:20:12,316: task[609b84d173dabd21b0330e74] update info: {'failMsg': '前往三楼夹具点A工位点', 'updateTime': datetime.datetime(2021, 5, 12, 16, 20, 12, 298100)}
[DEBUG]2021-05-12 16:20:12,350: *task[609b84d173dabd21b0330e74][Jiaju-AGV] AP22(LM17) -> AP18(LM17) [startMoveAGV] initAGV -> startMoveAGV
[INFO]2021-05-12 16:20:12,782: ---------------------------------------------------准备移动movejackup----------------------------------------------------
[INFO]2021-05-12 16:20:12,793: movejackup
[DEBUG]2021-05-12 16:20:12,836: GET: http://127.0.0.1:8999/api/agv/move?WorkPlace=true&agv=Jiaju-AGV&agvId=Jiaju-AGV&appName=akmTask&direction=None&floorId=comba-ZXC-F3&isRotate&loc=comba-ZXC-F3.AP22&location=AP22&p_direction=0.0&pgv_type=1&recognize=False&seer_jackup=JackLoad&taskId=609b84d173dabd21b0330e74_2&taskType=scadaTask&timeoutSec=86400&use_pgv=False addr: 127.0.0.1
[INFO]2021-05-12 16:20:12,840: ----------------------------------move---------------------------------------------------
[INFO]2021-05-12 16:20:12,841: ------------------------------_func---------------------------------------------------
[INFO]2021-05-12 16:20:12,863: Begin: Jiaju-AGV move from comba-ZXC-F3.LM19 to comba-ZXC-F3.AP22 by paths: [('comba-ZXC-F3', ['LM19', 'LM20', 'LM21', 'LM17', 'AP18', 'AP22'], 6.061068178648613)] task: 609b84d173dabd21b0330e74_2 timeout 86400 used 22 ms
[INFO]2021-05-12 16:20:12,876: ---------------------------------------------------状态转换成loadPlayload----------------------------------------------------
[DEBUG]2021-05-12 16:20:12,877: *task[609b84d173dabd21b0330e74][Jiaju-AGV] AP22(LM17) -> AP18(LM17) [loadPlayload] startMoveAGV -> loadPlayload
[DEBUG]2021-05-12 16:20:13,526: agvInfo: Jiaju-AGV comba-ZXC-F3.LM19 move to comba-ZXC-F3.LM20 ,taskId 609b84d173dabd21b0330e74_2
[DEBUG]2021-05-12 16:20:14,238: Jiaju-AGV turn to wait check cur LM19 next LM21 0.491 False
[DEBUG]2021-05-12 16:20:14,754: agvInfo: Jiaju-AGV comba-ZXC-F3.LM19 move to comba-ZXC-F3.LM21 ,taskId 609b84d173dabd21b0330e74_2
[ERROR]2021-05-12 16:20:18,137: connect 3F-ChaChe-AGV failed timed out
[INFO]2021-05-12 16:20:18,138: 3F-ChaChe-AGV checkLink failed 172.16.217.121 19204
[WARN]2021-05-12 16:20:18,139: agvThread.3F-ChaChe-AGV[tid:12568] <lock name:agv.3F-ChaChe-AGV.lock_status,<locked _thread.RLock object owner=12568 count=1 at 0x000001751F190D00>> ,hold 20226 ms
[INFO]2021-05-12 16:20:18,140: name=agvThread.3F-ChaChe-AGV, pid=16396, tid=12568
[01] File "C:/Users/comba/AppData/Local/Programs/Python/Python37/lib/threading.py", line 865, in run() 
[02] File "C:/Users/comba/Desktop/知识城地牛/knowledgeCity/agvCtrl/agvList.py", line 565, in run() 
[03] File "../driver/seerAgv/agvCtrl.py", line 36, in checkLink() 
[04] File "../driver/seerAgv/agvApi.py", line 185, in checkLink() 
[05] File "C:/Users/comba/Desktop/知识城地牛/knowledgeCity/common/lock.py", line 102, in release() 
[06] File "C:/Users/comba/Desktop/知识城地牛/knowledgeCity/common/enhance.py", line 268, in getTrace() 
[07] File "C:/Users/comba/Desktop/知识城地牛/knowledgeCity/common/enhance.py", line 248, in getThreadStack()
[DEBUG]2021-05-12 16:20:20,036: Jiaju-AGV set loc comba-ZXC-F3.LM20 ,old LM19 (6.06,6.08)
[DEBUG]2021-05-12 16:20:20,142: try connect 3F-ChaChe-AGV 172.16.217.121:19204
[CRITICAL]2021-05-12 16:20:24,378: upStation01 init failed cause a error: ('http get', 'http://127.0.0.1:8999/api/remoteio/readDOList', {'id': 'upStation01'}, 'error:', 'timed out')
pid=16396, ppid=13696, tid=19152
Traceback (most recent call last):
  File "C:\Users\comba\Desktop\知识城地牛\knowledgeCity\common\webutility.py", line 103, in http_get
    f = urllib.request.urlopen(u,timeout=timeout)
  File "C:\Users\comba\AppData\Local\Programs\Python\Python37\lib\urllib\request.py", line 222, in urlopen
    return opener.open(url, data, timeout)
  File "C:\Users\comba\AppData\Local\Programs\Python\Python37\lib\urllib\request.py", line 525, in open
    response = self._open(req, data)
  File "C:\Users\comba\AppData\Local\Programs\Python\Python37\lib\urllib\request.py", line 543, in _open
    '_open', req)
  File "C:\Users\comba\AppData\Local\Programs\Python\Python37\lib\urllib\request.py", line 503, in _call_chain
    result = func(*args)
  File "C:\Users\comba\AppData\Local\Programs\Python\Python37\lib\urllib\request.py", line 1345, in http_open
    return self.do_open(http.client.HTTPConnection, req)
  File "C:\Users\comba\AppData\Local\Programs\Python\Python37\lib\urllib\request.py", line 1320, in do_open
    r = h.getresponse()
  File "C:\Users\comba\AppData\Local\Programs\Python\Python37\lib\http\client.py", line 1321, in getresponse
    response.begin()
  File "C:\Users\comba\AppData\Local\Programs\Python\Python37\lib\http\client.py", line 296, in begin
    version, status, reason = self._read_status()
  File "C:\Users\comba\AppData\Local\Programs\Python\Python37\lib\http\client.py", line 257, in _read_status
    line = str(self.fp.readline(_MAXLINE + 1), "iso-8859-1")
  File "C:\Users\comba\AppData\Local\Programs\Python\Python37\lib\socket.py", line 589, in readinto
    return self._sock.recv_into(b)
socket.timeout: timed out

During handling of the above exception, another exception occurred:

Traceback (most recent call last):
  File "C:\Users\comba\Desktop\知识城地牛\knowledgeCity\autoCtrl\deviceCtrl.py", line 175, in _checkInit
    s = ioApi.readDOList(devices[d][ioId])["status"]
  File "..\remoteio\remoteioApi.py", line 73, in readDOList
    return _remoteio('/api/remoteio/readDOList', id, param)
  File "..\remoteio\remoteioApi.py", line 100, in _remoteio
    return http_get(url + apiurl, param)
  File "..\remoteio\remoteioApi.py", line 16, in http_get
    r = webutility.http_get(url, param)
  File "C:\Users\comba\Desktop\知识城地牛\knowledgeCity\common\webutility.py", line 105, in http_get
    raise Exception("http get",url,params,"error:",str(e))
Exception: ('http get', 'http://127.0.0.1:8999/api/remoteio/readDOList', {'id': 'upStation01'}, 'error:', 'timed out')

[DEBUG]2021-05-12 16:20:25,383: send http_get: http://127.0.0.1:8999/api/remoteio/readDOList?id=downStation01
[ERROR]2021-05-12 16:20:30,143: connect 3F-ChaChe-AGV failed timed out
[INFO]2021-05-12 16:20:30,145: 3F-ChaChe-AGV checkLink failed 172.16.217.121 19204
[WARN]2021-05-12 16:20:30,146: agvThread.3F-ChaChe-AGV[tid:12568] <lock name:agv.3F-ChaChe-AGV.lock_status,<locked _thread.RLock object owner=12568 count=1 at 0x000001751F190D00>> ,hold 10004 ms
[INFO]2021-05-12 16:20:30,147: name=agvThread.3F-ChaChe-AGV, pid=16396, tid=12568
[01] File "C:/Users/comba/AppData/Local/Programs/Python/Python37/lib/threading.py", line 865, in run() 
[02] File "C:/Users/comba/Desktop/知识城地牛/knowledgeCity/agvCtrl/agvList.py", line 565, in run() 
[03] File "../driver/seerAgv/agvCtrl.py", line 36, in checkLink() 
[04] File "../driver/seerAgv/agvApi.py", line 185, in checkLink() 
[05] File "C:/Users/comba/Desktop/知识城地牛/knowledgeCity/common/lock.py", line 102, in release() 
[06] File "C:/Users/comba/Desktop/知识城地牛/knowledgeCity/common/enhance.py", line 268, in getTrace() 
[07] File "C:/Users/comba/Desktop/知识城地牛/knowledgeCity/common/enhance.py", line 248, in getThreadStack()
[CRITICAL]2021-05-12 16:20:30,393: [modbusApi: 172.16.167.221] execute fcode=1, addr=8256 exception:  cause a error: [WinError 10060] 由于连接方在一段时间后没有正确答复或连接的主机没有反应，连接尝试失败。
pid=16396, ppid=13696, tid=19368
Traceback (most recent call last):
  File "C:\Users\comba\Desktop\知识城地牛\knowledgeCity\common\modbusapi.py", line 35, in __execute
    data = self.master.execute(self.__salveId, fcode, start, quantity_of_x=num, output_value=value)
  File "C:\Users\comba\AppData\Local\Programs\Python\Python37\lib\site-packages\modbus_tk\utils.py", line 39, in new
    raise excpt
  File "C:\Users\comba\AppData\Local\Programs\Python\Python37\lib\site-packages\modbus_tk\utils.py", line 37, in new
    ret = fcn(*args, **kwargs)
  File "C:\Users\comba\AppData\Local\Programs\Python\Python37\lib\site-packages\modbus_tk\modbus.py", line 152, in execute
    self.open()
  File "C:\Users\comba\AppData\Local\Programs\Python\Python37\lib\site-packages\modbus_tk\modbus.py", line 99, in open
    self._do_open()
  File "C:\Users\comba\AppData\Local\Programs\Python\Python37\lib\site-packages\modbus_tk\modbus_tcp.py", line 173, in _do_open
    self._sock.connect((self._host, self._port))
TimeoutError: [WinError 10060] 由于连接方在一段时间后没有正确答复或连接的主机没有反应，连接尝试失败。

[WARN]2021-05-12 16:20:30,395: worker 4[tid:19368] <locked _thread.RLock object owner=19368 count=1 at 0x00000175206436E8> ,hold 21026 ms
[INFO]2021-05-12 16:20:30,397: name=worker 4, pid=16396, tid=19368
[01] File "C:/Users/comba/AppData/Local/Programs/Python/Python37/lib/threading.py", line 865, in run() 
[02] File "C:/Users/comba/AppData/Local/Programs/Python/Python37/lib/site-packages/paste/httpserver.py", line 895, in worker_thread_callback() 
[03] File "C:/Users/comba/AppData/Local/Programs/Python/Python37/lib/site-packages/paste/httpserver.py", line 1069, in <lambda>() 
[04] File "C:/Users/comba/AppData/Local/Programs/Python/Python37/lib/site-packages/paste/httpserver.py", line 1085, in process_request_in_thread() 
[05] File "C:/Users/comba/AppData/Local/Programs/Python/Python37/lib/socketserver.py", line 357, in finish_request() 
[06] File "C:/Users/comba/AppData/Local/Programs/Python/Python37/lib/socketserver.py", line 717, in __init__() 
[07] File "C:/Users/comba/AppData/Local/Programs/Python/Python37/lib/site-packages/paste/httpserver.py", line 459, in handle() 
[08] File "C:/Users/comba/AppData/Local/Programs/Python/Python37/lib/http/server.py", line 426, in handle() 
[09] File "C:/Users/comba/AppData/Local/Programs/Python/Python37/lib/site-packages/paste/httpserver.py", line 454, in handle_one_request() 
[10] File "C:/Users/comba/AppData/Local/Programs/Python/Python37/lib/site-packages/paste/httpserver.py", line 304, in wsgi_execute() 
[11] File "C:/Users/comba/AppData/Local/Programs/Python/Python37/lib/site-packages/paste/translogger.py", line 69, in __call__() 
[12] File "C:/Users/comba/AppData/Local/Programs/Python/Python37/lib/site-packages/bottle.py", line 979, in __call__() 
[13] File "C:/Users/comba/AppData/Local/Programs/Python/Python37/lib/site-packages/bottle.py", line 954, in wsgi() 
[14] File "C:/Users/comba/AppData/Local/Programs/Python/Python37/lib/site-packages/bottle.py", line 862, in _handle() 
[15] File "C:/Users/comba/AppData/Local/Programs/Python/Python37/lib/site-packages/bottle.py", line 1742, in wrapper() 
[16] File "C:/Users/comba/Desktop/知识城地牛/knowledgeCity/common/webutility.py", line 465, in _enable_cors() 
[17] File "C:/Users/comba/Desktop/知识城地牛/knowledgeCity/common/webutility.py", line 481, in _enable_cors() 
[18] File "C:/Users/comba/Desktop/知识城地牛/knowledgeCity/common/scadaUtility.py", line 45, in __call() 
[19] File "C:/Users/comba/Desktop/知识城地牛/knowledgeCity/remoteio/main_remoteio.py", line 87, in urlReadDOList() 
[20] File "../remoteio/remoteioMgr.py", line 158, in readDOList() 
[21] File "../remoteio/remoteioMgr.py", line 262, in readDOList() 
[22] File "C:/Users/comba/Desktop/知识城地牛/knowledgeCity/common/lock.py", line 124, in _call() 
[23] File "C:/Users/comba/Desktop/知识城地牛/knowledgeCity/common/lock.py", line 102, in release() 
[24] File "C:/Users/comba/Desktop/知识城地牛/knowledgeCity/common/enhance.py", line 268, in getTrace() 
[25] File "C:/Users/comba/Desktop/知识城地牛/knowledgeCity/common/enhance.py", line 248, in getThreadStack()
[CRITICAL]2021-05-12 16:20:30,403: upStation01 readDIList fail cause a error: [WinError 10060] 由于连接方在一段时间后没有正确答复或连接的主机没有反应，连接尝试失败。
pid=16396, ppid=13696, tid=19368
Traceback (most recent call last):
  File "..\remoteio\remoteioMgr.py", line 262, in readDOList
    return self._read(M30, IO_LENTH)
  File "C:\Users\comba\Desktop\知识城地牛\knowledgeCity\common\lock.py", line 122, in _call
    return func(*p,**pp)
  File "..\remoteio\remoteioMgr.py", line 314, in _read
    s = self.master.read(mdef.READ_COILS,addr, length)
  File "C:\Users\comba\Desktop\知识城地牛\knowledgeCity\common\modbusapi.py", line 45, in read
    return self.__execute(fcode, start, num)
  File "C:\Users\comba\Desktop\知识城地牛\knowledgeCity\common\modbusapi.py", line 35, in __execute
    data = self.master.execute(self.__salveId, fcode, start, quantity_of_x=num, output_value=value)
  File "C:\Users\comba\AppData\Local\Programs\Python\Python37\lib\site-packages\modbus_tk\utils.py", line 39, in new
    raise excpt
  File "C:\Users\comba\AppData\Local\Programs\Python\Python37\lib\site-packages\modbus_tk\utils.py", line 37, in new
    ret = fcn(*args, **kwargs)
  File "C:\Users\comba\AppData\Local\Programs\Python\Python37\lib\site-packages\modbus_tk\modbus.py", line 152, in execute
    self.open()
  File "C:\Users\comba\AppData\Local\Programs\Python\Python37\lib\site-packages\modbus_tk\modbus.py", line 99, in open
    self._do_open()
  File "C:\Users\comba\AppData\Local\Programs\Python\Python37\lib\site-packages\modbus_tk\modbus_tcp.py", line 173, in _do_open
    self._sock.connect((self._host, self._port))
TimeoutError: [WinError 10060] 由于连接方在一段时间后没有正确答复或连接的主机没有反应，连接尝试失败。

[CRITICAL]2021-05-12 16:20:30,412: invoke <function urlReadDOList at 0x000001751F1B49D8> cause a error: [WinError 10060] 由于连接方在一段时间后没有正确答复或连接的主机没有反应，连接尝试失败。
pid=16396, ppid=13696, tid=19368
Traceback (most recent call last):
  File "C:\Users\comba\Desktop\知识城地牛\knowledgeCity\common\scadaUtility.py", line 45, in __call
    ret = func(*p,**pp)
  File "C:\Users\comba\Desktop\知识城地牛\knowledgeCity\remoteio\main_remoteio.py", line 87, in urlReadDOList
    return ioMgr.readDOList(id)
  File "..\remoteio\remoteioMgr.py", line 158, in readDOList
    result=remoteioInfo.readDOList()
  File "..\remoteio\remoteioMgr.py", line 262, in readDOList
    return self._read(M30, IO_LENTH)
  File "C:\Users\comba\Desktop\知识城地牛\knowledgeCity\common\lock.py", line 122, in _call
    return func(*p,**pp)
  File "..\remoteio\remoteioMgr.py", line 314, in _read
    s = self.master.read(mdef.READ_COILS,addr, length)
  File "C:\Users\comba\Desktop\知识城地牛\knowledgeCity\common\modbusapi.py", line 45, in read
    return self.__execute(fcode, start, num)
  File "C:\Users\comba\Desktop\知识城地牛\knowledgeCity\common\modbusapi.py", line 35, in __execute
    data = self.master.execute(self.__salveId, fcode, start, quantity_of_x=num, output_value=value)
  File "C:\Users\comba\AppData\Local\Programs\Python\Python37\lib\site-packages\modbus_tk\utils.py", line 39, in new
    raise excpt
  File "C:\Users\comba\AppData\Local\Programs\Python\Python37\lib\site-packages\modbus_tk\utils.py", line 37, in new
    ret = fcn(*args, **kwargs)
  File "C:\Users\comba\AppData\Local\Programs\Python\Python37\lib\site-packages\modbus_tk\modbus.py", line 152, in execute
    self.open()
  File "C:\Users\comba\AppData\Local\Programs\Python\Python37\lib\site-packages\modbus_tk\modbus.py", line 99, in open
    self._do_open()
  File "C:\Users\comba\AppData\Local\Programs\Python\Python37\lib\site-packages\modbus_tk\modbus_tcp.py", line 173, in _do_open
    self._sock.connect((self._host, self._port))
TimeoutError: [WinError 10060] 由于连接方在一段时间后没有正确答复或连接的主机没有反应，连接尝试失败。

[DEBUG]2021-05-12 16:20:31,492: Jiaju-AGV turn to wait check cur LM20 next LM17 0.962 False
[DEBUG]2021-05-12 16:20:32,009: agvInfo: Jiaju-AGV comba-ZXC-F3.LM20 move to comba-ZXC-F3.LM17 ,taskId 609b84d173dabd21b0330e74_2
[DEBUG]2021-05-12 16:20:32,149: try connect 3F-ChaChe-AGV 172.16.217.121:19204
[DEBUG]2021-05-12 16:20:32,721: Jiaju-AGV turn to wait check cur LM20 next AP18 0.756 False
[DEBUG]2021-05-12 16:20:33,178: Jiaju-AGV set loc comba-ZXC-F3.LM21 ,old LM20 (9.08,6.18)
[DEBUG]2021-05-12 16:20:33,229: agvInfo: Jiaju-AGV comba-ZXC-F3.LM21 move to comba-ZXC-F3.AP18 ,taskId 609b84d173dabd21b0330e74_2
[ERROR]2021-05-12 16:20:40,076: raise alarm obj=Jiaju-AGV, typeId=54231, desc=AGV异常, id=609b8fd89dff6ea52d266d83
[CRITICAL]2021-05-12 16:20:40,404: downStation01 init failed cause a error: ('http get', 'http://127.0.0.1:8999/api/remoteio/readDOList', {'id': 'downStation01'}, 'error:', 'timed out')
pid=16396, ppid=13696, tid=19152
Traceback (most recent call last):
  File "C:\Users\comba\Desktop\知识城地牛\knowledgeCity\common\webutility.py", line 103, in http_get
    f = urllib.request.urlopen(u,timeout=timeout)
  File "C:\Users\comba\AppData\Local\Programs\Python\Python37\lib\urllib\request.py", line 222, in urlopen
    return opener.open(url, data, timeout)
  File "C:\Users\comba\AppData\Local\Programs\Python\Python37\lib\urllib\request.py", line 525, in open
    response = self._open(req, data)
  File "C:\Users\comba\AppData\Local\Programs\Python\Python37\lib\urllib\request.py", line 543, in _open
    '_open', req)
  File "C:\Users\comba\AppData\Local\Programs\Python\Python37\lib\urllib\request.py", line 503, in _call_chain
    result = func(*args)
  File "C:\Users\comba\AppData\Local\Programs\Python\Python37\lib\urllib\request.py", line 1345, in http_open
    return self.do_open(http.client.HTTPConnection, req)
  File "C:\Users\comba\AppData\Local\Programs\Python\Python37\lib\urllib\request.py", line 1320, in do_open
    r = h.getresponse()
  File "C:\Users\comba\AppData\Local\Programs\Python\Python37\lib\http\client.py", line 1321, in getresponse
    response.begin()
  File "C:\Users\comba\AppData\Local\Programs\Python\Python37\lib\http\client.py", line 296, in begin
    version, status, reason = self._read_status()
  File "C:\Users\comba\AppData\Local\Programs\Python\Python37\lib\http\client.py", line 257, in _read_status
    line = str(self.fp.readline(_MAXLINE + 1), "iso-8859-1")
  File "C:\Users\comba\AppData\Local\Programs\Python\Python37\lib\socket.py", line 589, in readinto
    return self._sock.recv_into(b)
socket.timeout: timed out

During handling of the above exception, another exception occurred:

Traceback (most recent call last):
  File "C:\Users\comba\Desktop\知识城地牛\knowledgeCity\autoCtrl\deviceCtrl.py", line 175, in _checkInit
    s = ioApi.readDOList(devices[d][ioId])["status"]
  File "..\remoteio\remoteioApi.py", line 73, in readDOList
    return _remoteio('/api/remoteio/readDOList', id, param)
  File "..\remoteio\remoteioApi.py", line 100, in _remoteio
    return http_get(url + apiurl, param)
  File "..\remoteio\remoteioApi.py", line 16, in http_get
    r = webutility.http_get(url, param)
  File "C:\Users\comba\Desktop\知识城地牛\knowledgeCity\common\webutility.py", line 105, in http_get
    raise Exception("http get",url,params,"error:",str(e))
Exception: ('http get', 'http://127.0.0.1:8999/api/remoteio/readDOList', {'id': 'downStation01'}, 'error:', 'timed out')

[INFO]2021-05-12 16:20:41,409: init IO success
[DEBUG]2021-05-12 16:20:41,410: send http_get: http://127.0.0.1:8999/api/remoteio/readDOList?id=upStation01
[WARN]2021-05-12 16:20:41,731: clear alarm obj=Jiaju-AGV, typeId=54231, id=609b8fd89dff6ea52d266d83
[ERROR]2021-05-12 16:20:42,151: connect 3F-ChaChe-AGV failed timed out
[INFO]2021-05-12 16:20:42,152: 3F-ChaChe-AGV checkLink failed 172.16.217.121 19204
[WARN]2021-05-12 16:20:42,153: agvThread.3F-ChaChe-AGV[tid:12568] <lock name:agv.3F-ChaChe-AGV.lock_status,<locked _thread.RLock object owner=12568 count=1 at 0x000001751F190D00>> ,hold 10004 ms
[INFO]2021-05-12 16:20:42,154: name=agvThread.3F-ChaChe-AGV, pid=16396, tid=12568
[01] File "C:/Users/comba/AppData/Local/Programs/Python/Python37/lib/threading.py", line 865, in run() 
[02] File "C:/Users/comba/Desktop/知识城地牛/knowledgeCity/agvCtrl/agvList.py", line 565, in run() 
[03] File "../driver/seerAgv/agvCtrl.py", line 36, in checkLink() 
[04] File "../driver/seerAgv/agvApi.py", line 185, in checkLink() 
[05] File "C:/Users/comba/Desktop/知识城地牛/knowledgeCity/common/lock.py", line 102, in release() 
[06] File "C:/Users/comba/Desktop/知识城地牛/knowledgeCity/common/enhance.py", line 268, in getTrace() 
[07] File "C:/Users/comba/Desktop/知识城地牛/knowledgeCity/common/enhance.py", line 248, in getThreadStack()
[DEBUG]2021-05-12 16:20:43,431: Jiaju-AGV set loc comba-ZXC-F3.LM17 ,old LM21 (9.19,5.88)
[DEBUG]2021-05-12 16:20:43,478: Jiaju-AGV choise next pos cur LM17 next AP22 pre AP18 1.978 False
[DEBUG]2021-05-12 16:20:43,481: Jiaju-AGV turn to wait check cur LM17 next AP22 1.978 False
[INFO]2021-05-12 16:20:43,995: -----------------------------走了oncheck中的movejackup-----------------------------------------
[DEBUG]2021-05-12 16:20:43,997: agvInfo: Jiaju-AGV comba-ZXC-F3.LM17 move jackup to comba-ZXC-F3.AP22 ,taskId 609b84d173dabd21b0330e74_2
[INFO]2021-05-12 16:20:43,998: if中的gotargetanddowork
[INFO]2021-05-12 16:20:43,998: 1
[INFO]2021-05-12 16:20:43,999: {'id': 'AP22', 'operation': 'ForkLoad', 'recognize': False, 'use_pgv': False}
[DEBUG]2021-05-12 16:20:44,157: try connect 3F-ChaChe-AGV 172.16.217.121:19204
[CRITICAL]2021-05-12 16:20:51,412: [modbusApi: 172.16.167.220] execute fcode=1, addr=8256 exception:  cause a error: [WinError 10060] 由于连接方在一段时间后没有正确答复或连接的主机没有反应，连接尝试失败。
pid=16396, ppid=13696, tid=18692
Traceback (most recent call last):
  File "C:\Users\comba\Desktop\知识城地牛\knowledgeCity\common\modbusapi.py", line 35, in __execute
    data = self.master.execute(self.__salveId, fcode, start, quantity_of_x=num, output_value=value)
  File "C:\Users\comba\AppData\Local\Programs\Python\Python37\lib\site-packages\modbus_tk\utils.py", line 39, in new
    raise excpt
  File "C:\Users\comba\AppData\Local\Programs\Python\Python37\lib\site-packages\modbus_tk\utils.py", line 37, in new
    ret = fcn(*args, **kwargs)
  File "C:\Users\comba\AppData\Local\Programs\Python\Python37\lib\site-packages\modbus_tk\modbus.py", line 152, in execute
    self.open()
  File "C:\Users\comba\AppData\Local\Programs\Python\Python37\lib\site-packages\modbus_tk\modbus.py", line 99, in open
    self._do_open()
  File "C:\Users\comba\AppData\Local\Programs\Python\Python37\lib\site-packages\modbus_tk\modbus_tcp.py", line 173, in _do_open
    self._sock.connect((self._host, self._port))
TimeoutError: [WinError 10060] 由于连接方在一段时间后没有正确答复或连接的主机没有反应，连接尝试失败。

[WARN]2021-05-12 16:20:51,416: worker 5[tid:18692] <locked _thread.RLock object owner=18692 count=1 at 0x0000017520643698> ,hold 26014 ms
[INFO]2021-05-12 16:20:51,418: name=worker 5, pid=16396, tid=18692
[01] File "C:/Users/comba/AppData/Local/Programs/Python/Python37/lib/threading.py", line 865, in run() 
[02] File "C:/Users/comba/AppData/Local/Programs/Python/Python37/lib/site-packages/paste/httpserver.py", line 895, in worker_thread_callback() 
[03] File "C:/Users/comba/AppData/Local/Programs/Python/Python37/lib/site-packages/paste/httpserver.py", line 1069, in <lambda>() 
[04] File "C:/Users/comba/AppData/Local/Programs/Python/Python37/lib/site-packages/paste/httpserver.py", line 1085, in process_request_in_thread() 
[05] File "C:/Users/comba/AppData/Local/Programs/Python/Python37/lib/socketserver.py", line 357, in finish_request() 
[06] File "C:/Users/comba/AppData/Local/Programs/Python/Python37/lib/socketserver.py", line 717, in __init__() 
[07] File "C:/Users/comba/AppData/Local/Programs/Python/Python37/lib/site-packages/paste/httpserver.py", line 459, in handle() 
[08] File "C:/Users/comba/AppData/Local/Programs/Python/Python37/lib/http/server.py", line 426, in handle() 
[09] File "C:/Users/comba/AppData/Local/Programs/Python/Python37/lib/site-packages/paste/httpserver.py", line 454, in handle_one_request() 
[10] File "C:/Users/comba/AppData/Local/Programs/Python/Python37/lib/site-packages/paste/httpserver.py", line 304, in wsgi_execute() 
[11] File "C:/Users/comba/AppData/Local/Programs/Python/Python37/lib/site-packages/paste/translogger.py", line 69, in __call__() 
[12] File "C:/Users/comba/AppData/Local/Programs/Python/Python37/lib/site-packages/bottle.py", line 979, in __call__() 
[13] File "C:/Users/comba/AppData/Local/Programs/Python/Python37/lib/site-packages/bottle.py", line 954, in wsgi() 
[14] File "C:/Users/comba/AppData/Local/Programs/Python/Python37/lib/site-packages/bottle.py", line 862, in _handle() 
[15] File "C:/Users/comba/AppData/Local/Programs/Python/Python37/lib/site-packages/bottle.py", line 1742, in wrapper() 
[16] File "C:/Users/comba/Desktop/知识城地牛/knowledgeCity/common/webutility.py", line 465, in _enable_cors() 
[17] File "C:/Users/comba/Desktop/知识城地牛/knowledgeCity/common/webutility.py", line 481, in _enable_cors() 
[18] File "C:/Users/comba/Desktop/知识城地牛/knowledgeCity/common/scadaUtility.py", line 45, in __call() 
[19] File "C:/Users/comba/Desktop/知识城地牛/knowledgeCity/remoteio/main_remoteio.py", line 87, in urlReadDOList() 
[20] File "../remoteio/remoteioMgr.py", line 158, in readDOList() 
[21] File "../remoteio/remoteioMgr.py", line 262, in readDOList() 
[22] File "C:/Users/comba/Desktop/知识城地牛/knowledgeCity/common/lock.py", line 124, in _call() 
[23] File "C:/Users/comba/Desktop/知识城地牛/knowledgeCity/common/lock.py", line 102, in release() 
[24] File "C:/Users/comba/Desktop/知识城地牛/knowledgeCity/common/enhance.py", line 268, in getTrace() 
[25] File "C:/Users/comba/Desktop/知识城地牛/knowledgeCity/common/enhance.py", line 248, in getThreadStack()
[CRITICAL]2021-05-12 16:20:51,423: downStation01 readDIList fail cause a error: [WinError 10060] 由于连接方在一段时间后没有正确答复或连接的主机没有反应，连接尝试失败。
pid=16396, ppid=13696, tid=18692
Traceback (most recent call last):
  File "..\remoteio\remoteioMgr.py", line 262, in readDOList
    return self._read(M30, IO_LENTH)
  File "C:\Users\comba\Desktop\知识城地牛\knowledgeCity\common\lock.py", line 122, in _call
    return func(*p,**pp)
  File "..\remoteio\remoteioMgr.py", line 314, in _read
    s = self.master.read(mdef.READ_COILS,addr, length)
  File "C:\Users\comba\Desktop\知识城地牛\knowledgeCity\common\modbusapi.py", line 45, in read
    return self.__execute(fcode, start, num)
  File "C:\Users\comba\Desktop\知识城地牛\knowledgeCity\common\modbusapi.py", line 35, in __execute
    data = self.master.execute(self.__salveId, fcode, start, quantity_of_x=num, output_value=value)
  File "C:\Users\comba\AppData\Local\Programs\Python\Python37\lib\site-packages\modbus_tk\utils.py", line 39, in new
    raise excpt
  File "C:\Users\comba\AppData\Local\Programs\Python\Python37\lib\site-packages\modbus_tk\utils.py", line 37, in new
    ret = fcn(*args, **kwargs)
  File "C:\Users\comba\AppData\Local\Programs\Python\Python37\lib\site-packages\modbus_tk\modbus.py", line 152, in execute
    self.open()
  File "C:\Users\comba\AppData\Local\Programs\Python\Python37\lib\site-packages\modbus_tk\modbus.py", line 99, in open
    self._do_open()
  File "C:\Users\comba\AppData\Local\Programs\Python\Python37\lib\site-packages\modbus_tk\modbus_tcp.py", line 173, in _do_open
    self._sock.connect((self._host, self._port))
TimeoutError: [WinError 10060] 由于连接方在一段时间后没有正确答复或连接的主机没有反应，连接尝试失败。

[CRITICAL]2021-05-12 16:20:51,432: invoke <function urlReadDOList at 0x000001751F1B49D8> cause a error: [WinError 10060] 由于连接方在一段时间后没有正确答复或连接的主机没有反应，连接尝试失败。
pid=16396, ppid=13696, tid=18692
Traceback (most recent call last):
  File "C:\Users\comba\Desktop\知识城地牛\knowledgeCity\common\scadaUtility.py", line 45, in __call
    ret = func(*p,**pp)
  File "C:\Users\comba\Desktop\知识城地牛\knowledgeCity\remoteio\main_remoteio.py", line 87, in urlReadDOList
    return ioMgr.readDOList(id)
  File "..\remoteio\remoteioMgr.py", line 158, in readDOList
    result=remoteioInfo.readDOList()
  File "..\remoteio\remoteioMgr.py", line 262, in readDOList
    return self._read(M30, IO_LENTH)
  File "C:\Users\comba\Desktop\知识城地牛\knowledgeCity\common\lock.py", line 122, in _call
    return func(*p,**pp)
  File "..\remoteio\remoteioMgr.py", line 314, in _read
    s = self.master.read(mdef.READ_COILS,addr, length)
  File "C:\Users\comba\Desktop\知识城地牛\knowledgeCity\common\modbusapi.py", line 45, in read
    return self.__execute(fcode, start, num)
  File "C:\Users\comba\Desktop\知识城地牛\knowledgeCity\common\modbusapi.py", line 35, in __execute
    data = self.master.execute(self.__salveId, fcode, start, quantity_of_x=num, output_value=value)
  File "C:\Users\comba\AppData\Local\Programs\Python\Python37\lib\site-packages\modbus_tk\utils.py", line 39, in new
    raise excpt
  File "C:\Users\comba\AppData\Local\Programs\Python\Python37\lib\site-packages\modbus_tk\utils.py", line 37, in new
    ret = fcn(*args, **kwargs)
  File "C:\Users\comba\AppData\Local\Programs\Python\Python37\lib\site-packages\modbus_tk\modbus.py", line 152, in execute
    self.open()
  File "C:\Users\comba\AppData\Local\Programs\Python\Python37\lib\site-packages\modbus_tk\modbus.py", line 99, in open
    self._do_open()
  File "C:\Users\comba\AppData\Local\Programs\Python\Python37\lib\site-packages\modbus_tk\modbus_tcp.py", line 173, in _do_open
    self._sock.connect((self._host, self._port))
TimeoutError: [WinError 10060] 由于连接方在一段时间后没有正确答复或连接的主机没有反应，连接尝试失败。

[DEBUG]2021-05-12 16:20:54,143: Jiaju-AGV set loc comba-ZXC-F3.AP18 ,old LM17 (7.91,5.73)
[ERROR]2021-05-12 16:20:54,158: connect 3F-ChaChe-AGV failed timed out
[INFO]2021-05-12 16:20:54,159: 3F-ChaChe-AGV checkLink failed 172.16.217.121 19204
[WARN]2021-05-12 16:20:54,159: agvThread.3F-ChaChe-AGV[tid:12568] <lock name:agv.3F-ChaChe-AGV.lock_status,<locked _thread.RLock object owner=12568 count=1 at 0x000001751F190D00>> ,hold 10002 ms
[INFO]2021-05-12 16:20:54,160: name=agvThread.3F-ChaChe-AGV, pid=16396, tid=12568
[01] File "C:/Users/comba/AppData/Local/Programs/Python/Python37/lib/threading.py", line 865, in run() 
[02] File "C:/Users/comba/Desktop/知识城地牛/knowledgeCity/agvCtrl/agvList.py", line 565, in run() 
[03] File "../driver/seerAgv/agvCtrl.py", line 36, in checkLink() 
[04] File "../driver/seerAgv/agvApi.py", line 185, in checkLink() 
[05] File "C:/Users/comba/Desktop/知识城地牛/knowledgeCity/common/lock.py", line 102, in release() 
[06] File "C:/Users/comba/Desktop/知识城地牛/knowledgeCity/common/enhance.py", line 268, in getTrace() 
[07] File "C:/Users/comba/Desktop/知识城地牛/knowledgeCity/common/enhance.py", line 248, in getThreadStack()
[ERROR]2021-05-12 16:20:54,671: raise alarm obj=Jiaju-AGV, typeId=55501, desc=AGV异常, id=609b8fe69dff6ea52d266dce
[WARN]2021-05-12 16:20:54,724: Jiaju-AGV clear task,taskId= 609b84d173dabd21b0330e74_2 map= comba-ZXC-F3 paths= LM19,LM20,LM21,LM17,AP18,AP22 task_status= 5
[WARN]2021-05-12 16:20:55,729: Jiaju-AGV clear task finish, cur= comba-ZXC-F3.AP18 task_status= 5
[DEBUG]2021-05-12 16:20:56,162: try connect 3F-ChaChe-AGV 172.16.217.121:19204
[CRITICAL]2021-05-12 16:20:56,430: readDIList error cause a error: ('http get', 'http://127.0.0.1:8999/api/remoteio/readDOList', {'id': 'upStation01'}, 'error:', 'timed out')
pid=16396, ppid=13696, tid=19152
Traceback (most recent call last):
  File "C:\Users\comba\Desktop\知识城地牛\knowledgeCity\common\webutility.py", line 103, in http_get
    f = urllib.request.urlopen(u,timeout=timeout)
  File "C:\Users\comba\AppData\Local\Programs\Python\Python37\lib\urllib\request.py", line 222, in urlopen
    return opener.open(url, data, timeout)
  File "C:\Users\comba\AppData\Local\Programs\Python\Python37\lib\urllib\request.py", line 525, in open
    response = self._open(req, data)
  File "C:\Users\comba\AppData\Local\Programs\Python\Python37\lib\urllib\request.py", line 543, in _open
    '_open', req)
  File "C:\Users\comba\AppData\Local\Programs\Python\Python37\lib\urllib\request.py", line 503, in _call_chain
    result = func(*args)
  File "C:\Users\comba\AppData\Local\Programs\Python\Python37\lib\urllib\request.py", line 1345, in http_open
    return self.do_open(http.client.HTTPConnection, req)
  File "C:\Users\comba\AppData\Local\Programs\Python\Python37\lib\urllib\request.py", line 1320, in do_open
    r = h.getresponse()
  File "C:\Users\comba\AppData\Local\Programs\Python\Python37\lib\http\client.py", line 1321, in getresponse
    response.begin()
  File "C:\Users\comba\AppData\Local\Programs\Python\Python37\lib\http\client.py", line 296, in begin
    version, status, reason = self._read_status()
  File "C:\Users\comba\AppData\Local\Programs\Python\Python37\lib\http\client.py", line 257, in _read_status
    line = str(self.fp.readline(_MAXLINE + 1), "iso-8859-1")
  File "C:\Users\comba\AppData\Local\Programs\Python\Python37\lib\socket.py", line 589, in readinto
    return self._sock.recv_into(b)
socket.timeout: timed out

During handling of the above exception, another exception occurred:

Traceback (most recent call last):
  File "C:\Users\comba\Desktop\知识城地牛\knowledgeCity\autoCtrl\deviceCtrl.py", line 71, in _monitorDevices
    s1 = ioApi.readDOList(devices[d]["io1"])["status"] #上板机
  File "..\remoteio\remoteioApi.py", line 73, in readDOList
    return _remoteio('/api/remoteio/readDOList', id, param)
  File "..\remoteio\remoteioApi.py", line 100, in _remoteio
    return http_get(url + apiurl, param)
  File "..\remoteio\remoteioApi.py", line 16, in http_get
    r = webutility.http_get(url, param)
  File "C:\Users\comba\Desktop\知识城地牛\knowledgeCity\common\webutility.py", line 105, in http_get
    raise Exception("http get",url,params,"error:",str(e))
Exception: ('http get', 'http://127.0.0.1:8999/api/remoteio/readDOList', {'id': 'upStation01'}, 'error:', 'timed out')

[WARN]2021-05-12 16:20:56,732: Jiaju-AGV clear task finish, cur= comba-ZXC-F3.AP18 task_status= 5
[CRITICAL]2021-05-12 16:20:56,746: agv thread cause a error: Jiaju-AGV执行move AP22失败,taskId:609b84d173dabd21b0330e74_2
pid=16396, ppid=13696, tid=6564

[ERROR]2021-05-12 16:20:56,747: Jiaju-AGV failed to arrived comba-ZXC-F3.AP22 ,task: 609b84d173dabd21b0330e74_2 error Jiaju-AGV执行move AP22失败,taskId:609b84d173dabd21b0330e74_2
[INFO]2021-05-12 16:20:57,093: task: move finish callback *task[609b84d173dabd21b0330e74][Jiaju-AGV] AP22(LM17) -> AP18(LM17) [loadPlayload]
[WARN]2021-05-12 16:20:57,094: task[609b84d173dabd21b0330e74]:  error {'failMsg': 'Jiaju-AGV执行move AP22失败,taskId:609b84d173dabd21b0330e74_2', 'endTime': datetime.datetime(2021, 5, 12, 16, 20, 57, 93434), 'status': 'error'}
[INFO]2021-05-12 16:20:57,337: *task[609b84d173dabd21b0330e74][Jiaju-AGV] AP22(LM17) -> AP18(LM17) [loadPlayload] Jiaju-AGV release task, release agv True True False
[DEBUG]2021-05-12 16:20:57,341: GET: http://127.0.0.1:8999/api/agv/isLocked?agv=Jiaju-AGV&appName=akmTask&taskId=609b84d173dabd21b0330e74 addr: 127.0.0.1
[DEBUG]2021-05-12 16:20:57,342: used 1ms 200 OK application/json;charset=utf-8, GET: http://127.0.0.1:8999/api/agv/isLocked?agv=Jiaju-AGV&appName=akmTask&taskId=609b84d173dabd21b0330e74
[DEBUG]2021-05-12 16:20:57,349: GET: http://127.0.0.1:8999/api/agv/release?agv=Jiaju-AGV&appName=akmTask&force=False&taskId=609b84d173dabd21b0330e74 addr: 127.0.0.1
[DEBUG]2021-05-12 16:20:57,351: unlock: Jiaju-AGV taskId 609b84d173dabd21b0330e74 app akmTask force False
[DEBUG]2021-05-12 16:20:57,353: used 4ms 200 OK application/json;charset=utf-8, GET: http://127.0.0.1:8999/api/agv/release?agv=Jiaju-AGV&appName=akmTask&force=False&taskId=609b84d173dabd21b0330e74
[INFO]2021-05-12 16:20:57,356: *task[609b84d173dabd21b0330e74][Jiaju-AGV] AP22(LM17) -> AP18(LM17) [loadPlayload] let Jiaju-AGV gohome
[DEBUG]2021-05-12 16:20:57,371: GET: http://127.0.0.1:8999/api/agv/goHome?agv=Jiaju-AGV&appName=akmTask&force=False&timeout=10800 addr: 127.0.0.1
[INFO]2021-05-12 16:20:57,377: Jiaju-AGV gohome home_1 force False taskId home_1 : Jiaju-AGV.AP18 -> comba-ZXC-F3.LM20
[INFO]2021-05-12 16:20:57,378: ----------------------------------move---------------------------------------------------
[INFO]2021-05-12 16:20:57,380: ------------------------------_func---------------------------------------------------
[INFO]2021-05-12 16:20:57,389: Begin: Jiaju-AGV move from comba-ZXC-F3.AP18 to comba-ZXC-F3.LM20 by paths: [('comba-ZXC-F3', ['AP18', 'AP22', 'LM19', 'LM20'], 2.1293487257932187)] task: home_1 timeout 10800 used 10 ms
[DEBUG]2021-05-12 16:20:57,393: used 22ms 200 OK application/json;charset=utf-8, GET: http://127.0.0.1:8999/api/agv/goHome?agv=Jiaju-AGV&appName=akmTask&force=False&timeout=10800
[INFO]2021-05-12 16:20:57,395: task: stop *task[609b84d173dabd21b0330e74][-] AP22(LM17) -> AP18(LM17) [loadPlayload]
[INFO]2021-05-12 16:20:57,437: remoteio is alarm: []
[DEBUG]2021-05-12 16:20:58,427: agvInfo: Jiaju-AGV comba-ZXC-F3.AP18 move to comba-ZXC-F3.AP22 ,taskId home_1
[INFO]2021-05-12 16:20:58,511: task[609b839673dabd21b0330e71]:  start {'failMsg': '任务等待执行', 'startTime': datetime.datetime(2021, 5, 12, 16, 20, 58, 499675), 'updateTime': datetime.datetime(2021, 5, 12, 16, 20, 58, 499675), 'status': 'running'}
[INFO]2021-05-12 16:20:58,548: task: start *task[609b839673dabd21b0330e71][-] AP22(LM17) -> AP18(LM17) [waiting]
[INFO]2021-05-12 16:20:58,625: task[609b839673dabd21b0330e71] update info: {'failMsg': '等待分配小车', 'updateTime': datetime.datetime(2021, 5, 12, 16, 20, 58, 613370)}
[DEBUG]2021-05-12 16:20:58,648: *task[609b839673dabd21b0330e71][-] AP22(LM17) -> AP18(LM17) [waitForAgv] waiting -> waitForAgv
[WARN]2021-05-12 16:20:59,098: clear alarm obj=Jiaju-AGV, typeId=55501, id=609b8fe69dff6ea52d266dce
[DEBUG]2021-05-12 16:20:59,175: Jiaju-AGV choise next pos cur AP18 next LM19 pre AP22 1.526 False
[DEBUG]2021-05-12 16:20:59,207: Jiaju-AGV turn to wait check cur AP18 next LM19 1.526 False
[DEBUG]2021-05-12 16:20:59,557: send http_get: http://127.0.0.1:8999/api/remoteio/readDOList?id=upStation01
[DEBUG]2021-05-12 16:20:59,958: agvInfo: Jiaju-AGV comba-ZXC-F3.AP18 move to comba-ZXC-F3.LM19 ,taskId home_1
[DEBUG]2021-05-12 16:20:59,987: GET: http://127.0.0.1:8999/api/agv/apply?appName=akmTask&autoLock=False&exclude&loc=AP22&mapId=comba-ZXC-F3&taskId=609b839673dabd21b0330e71&timeout=10 addr: 127.0.0.1
[INFO]2021-05-12 16:21:00,028: [('comba-ZXC-F3.AP12', 'Wuliao-AGV'), ('comba-ZXC-F3.LM19', 'Jiaju-AGV')]
[INFO]2021-05-12 16:21:00,763: apply Wuliao-AGV ,taskId: 609b839673dabd21b0330e71 ,loc comba-ZXC-F3.AP22 ,autoLock False , used 735 ms
[INFO]2021-05-12 16:21:00,853: Wuliao-AGV
[INFO]2021-05-12 16:21:00,871: Wuliao-AGV
[DEBUG]2021-05-12 16:21:00,918: used 931ms 200 OK application/json;charset=utf-8, GET: http://127.0.0.1:8999/api/agv/apply?appName=akmTask&autoLock=False&exclude&loc=AP22&mapId=comba-ZXC-F3&taskId=609b839673dabd21b0330e71&timeout=10
[INFO]2021-05-12 16:21:01,048: comba-ZXC-F3.AP22 comba-ZXC-F3.AP18
[INFO]2021-05-12 16:21:01,074: Wuliao-AGV
[INFO]2021-05-12 16:21:01,103: 判断类型
[DEBUG]2021-05-12 16:21:01,149: Jiaju-AGV set loc comba-ZXC-F3.AP22 ,old AP18 (7.26,5.76)
[DEBUG]2021-05-12 16:21:01,196: GET: http://127.0.0.1:8999/api/agv/apply?appName=akmTask&autoLock=False&exclude=Wuliao-AGV&loc=AP22&mapId=comba-ZXC-F3&taskId=609b839673dabd21b0330e71&timeout=10 addr: 127.0.0.1
[INFO]2021-05-12 16:21:01,242: [('comba-ZXC-F3.LM19', 'Jiaju-AGV')]
[INFO]2021-05-12 16:21:01,710: apply Jiaju-AGV ,taskId: 609b839673dabd21b0330e71 ,loc comba-ZXC-F3.AP22 ,autoLock False , used 468 ms
[INFO]2021-05-12 16:21:01,732: Jiaju-AGV
[INFO]2021-05-12 16:21:01,779: Jiaju-AGV
[DEBUG]2021-05-12 16:21:01,855: used 659ms 200 OK application/json;charset=utf-8, GET: http://127.0.0.1:8999/api/agv/apply?appName=akmTask&autoLock=False&exclude=Wuliao-AGV&loc=AP22&mapId=comba-ZXC-F3&taskId=609b839673dabd21b0330e71&timeout=10
[INFO]2021-05-12 16:21:01,956: comba-ZXC-F3.AP22 comba-ZXC-F3.AP18
[INFO]2021-05-12 16:21:02,012: Jiaju-AGV
[INFO]2021-05-12 16:21:02,048: 判断类型
[DEBUG]2021-05-12 16:21:02,147: GET: http://127.0.0.1:8999/api/agv/lock?agv=Jiaju-AGV&appName=akmTask&taskId=609b839673dabd21b0330e71 addr: 127.0.0.1
[DEBUG]2021-05-12 16:21:02,177: lock:  Jiaju-AGV taskId 609b839673dabd21b0330e71 app akmTask
[WARN]2021-05-12 16:21:02,213: Jiaju-AGV clear task,taskId= home_1 map= comba-ZXC-F3 paths= AP18,AP22,LM19,LM20 task_status= 2
[WARN]2021-05-12 16:21:02,437: worker 1[tid:13940] <locked _thread.RLock object owner=13940 count=1 at 0x00000175206436E8> ,hold 21015 ms
[INFO]2021-05-12 16:21:02,619: name=worker 1, pid=16396, tid=13940
[01] File "C:/Users/comba/AppData/Local/Programs/Python/Python37/lib/threading.py", line 865, in run() 
[02] File "C:/Users/comba/AppData/Local/Programs/Python/Python37/lib/site-packages/paste/httpserver.py", line 895, in worker_thread_callback() 
[03] File "C:/Users/comba/AppData/Local/Programs/Python/Python37/lib/site-packages/paste/httpserver.py", line 1069, in <lambda>() 
[04] File "C:/Users/comba/AppData/Local/Programs/Python/Python37/lib/site-packages/paste/httpserver.py", line 1085, in process_request_in_thread() 
[05] File "C:/Users/comba/AppData/Local/Programs/Python/Python37/lib/socketserver.py", line 357, in finish_request() 
[06] File "C:/Users/comba/AppData/Local/Programs/Python/Python37/lib/socketserver.py", line 717, in __init__() 
[07] File "C:/Users/comba/AppData/Local/Programs/Python/Python37/lib/site-packages/paste/httpserver.py", line 459, in handle() 
[08] File "C:/Users/comba/AppData/Local/Programs/Python/Python37/lib/http/server.py", line 426, in handle() 
[09] File "C:/Users/comba/AppData/Local/Programs/Python/Python37/lib/site-packages/paste/httpserver.py", line 454, in handle_one_request() 
[10] File "C:/Users/comba/AppData/Local/Programs/Python/Python37/lib/site-packages/paste/httpserver.py", line 304, in wsgi_execute() 
[11] File "C:/Users/comba/AppData/Local/Programs/Python/Python37/lib/site-packages/paste/translogger.py", line 69, in __call__() 
[12] File "C:/Users/comba/AppData/Local/Programs/Python/Python37/lib/site-packages/bottle.py", line 979, in __call__() 
[13] File "C:/Users/comba/AppData/Local/Programs/Python/Python37/lib/site-packages/bottle.py", line 954, in wsgi() 
[14] File "C:/Users/comba/AppData/Local/Programs/Python/Python37/lib/site-packages/bottle.py", line 862, in _handle() 
[15] File "C:/Users/comba/AppData/Local/Programs/Python/Python37/lib/site-packages/bottle.py", line 1742, in wrapper() 
[16] File "C:/Users/comba/Desktop/知识城地牛/knowledgeCity/common/webutility.py", line 465, in _enable_cors() 
[17] File "C:/Users/comba/Desktop/知识城地牛/knowledgeCity/common/webutility.py", line 481, in _enable_cors() 
[18] File "C:/Users/comba/Desktop/知识城地牛/knowledgeCity/common/scadaUtility.py", line 45, in __call() 
[19] File "C:/Users/comba/Desktop/知识城地牛/knowledgeCity/remoteio/main_remoteio.py", line 87, in urlReadDOList() 
[20] File "../remoteio/remoteioMgr.py", line 158, in readDOList() 
[21] File "../remoteio/remoteioMgr.py", line 262, in readDOList() 
[22] File "C:/Users/comba/Desktop/知识城地牛/knowledgeCity/common/lock.py", line 124, in _call() 
[23] File "C:/Users/comba/Desktop/知识城地牛/knowledgeCity/common/lock.py", line 102, in release() 
[24] File "C:/Users/comba/Desktop/知识城地牛/knowledgeCity/common/enhance.py", line 268, in getTrace() 
[25] File "C:/Users/comba/Desktop/知识城地牛/knowledgeCity/common/enhance.py", line 248, in getThreadStack()
[CRITICAL]2021-05-12 16:21:02,694: upStation01 readDIList fail cause a error: [WinError 10060] 由于连接方在一段时间后没有正确答复或连接的主机没有反应，连接尝试失败。
pid=16396, ppid=13696, tid=13940
Traceback (most recent call last):
  File "..\remoteio\remoteioMgr.py", line 262, in readDOList
    return self._read(M30, IO_LENTH)
  File "C:\Users\comba\Desktop\知识城地牛\knowledgeCity\common\lock.py", line 122, in _call
    return func(*p,**pp)
  File "..\remoteio\remoteioMgr.py", line 311, in _read
    self.master.open()
  File "C:\Users\comba\Desktop\知识城地牛\knowledgeCity\common\modbusapi.py", line 60, in open
    self.master.open()
  File "C:\Users\comba\AppData\Local\Programs\Python\Python37\lib\site-packages\modbus_tk\modbus.py", line 99, in open
    self._do_open()
  File "C:\Users\comba\AppData\Local\Programs\Python\Python37\lib\site-packages\modbus_tk\modbus_tcp.py", line 173, in _do_open
    self._sock.connect((self._host, self._port))
TimeoutError: [WinError 10060] 由于连接方在一段时间后没有正确答复或连接的主机没有反应，连接尝试失败。

[CRITICAL]2021-05-12 16:21:02,775: invoke <function urlReadDOList at 0x000001751F1B49D8> cause a error: [WinError 10060] 由于连接方在一段时间后没有正确答复或连接的主机没有反应，连接尝试失败。
pid=16396, ppid=13696, tid=13940
Traceback (most recent call last):
  File "C:\Users\comba\Desktop\知识城地牛\knowledgeCity\common\scadaUtility.py", line 45, in __call
    ret = func(*p,**pp)
  File "C:\Users\comba\Desktop\知识城地牛\knowledgeCity\remoteio\main_remoteio.py", line 87, in urlReadDOList
    return ioMgr.readDOList(id)
  File "..\remoteio\remoteioMgr.py", line 158, in readDOList
    result=remoteioInfo.readDOList()
  File "..\remoteio\remoteioMgr.py", line 262, in readDOList
    return self._read(M30, IO_LENTH)
  File "C:\Users\comba\Desktop\知识城地牛\knowledgeCity\common\lock.py", line 122, in _call
    return func(*p,**pp)
  File "..\remoteio\remoteioMgr.py", line 311, in _read
    self.master.open()
  File "C:\Users\comba\Desktop\知识城地牛\knowledgeCity\common\modbusapi.py", line 60, in open
    self.master.open()
  File "C:\Users\comba\AppData\Local\Programs\Python\Python37\lib\site-packages\modbus_tk\modbus.py", line 99, in open
    self._do_open()
  File "C:\Users\comba\AppData\Local\Programs\Python\Python37\lib\site-packages\modbus_tk\modbus_tcp.py", line 173, in _do_open
    self._sock.connect((self._host, self._port))
TimeoutError: [WinError 10060] 由于连接方在一段时间后没有正确答复或连接的主机没有反应，连接尝试失败。

[DEBUG]2021-05-12 16:21:04,001: Jiaju-AGV set loc comba-ZXC-F3.LM19 ,old AP22 (6.32,5.78)
[ERROR]2021-05-12 16:21:06,165: connect 3F-ChaChe-AGV failed timed out
[INFO]2021-05-12 16:21:06,275: 3F-ChaChe-AGV checkLink failed 172.16.217.121 19204
[WARN]2021-05-12 16:21:06,275: Jiaju-AGV clear task finish, cur= comba-ZXC-F3.LM19 task_status= 4
[CRITICAL]2021-05-12 16:21:14,700: readDIList error cause a error: ('http get', 'http://127.0.0.1:8999/api/remoteio/readDOList', {'id': 'upStation01'}, 'error:', 'timed out')
pid=16396, ppid=13696, tid=19152
Traceback (most recent call last):
  File "C:\Users\comba\Desktop\知识城地牛\knowledgeCity\common\webutility.py", line 103, in http_get
    f = urllib.request.urlopen(u,timeout=timeout)
  File "C:\Users\comba\AppData\Local\Programs\Python\Python37\lib\urllib\request.py", line 222, in urlopen
    return opener.open(url, data, timeout)
  File "C:\Users\comba\AppData\Local\Programs\Python\Python37\lib\urllib\request.py", line 525, in open
    response = self._open(req, data)
  File "C:\Users\comba\AppData\Local\Programs\Python\Python37\lib\urllib\request.py", line 543, in _open
    '_open', req)
  File "C:\Users\comba\AppData\Local\Programs\Python\Python37\lib\urllib\request.py", line 503, in _call_chain
    result = func(*args)
  File "C:\Users\comba\AppData\Local\Programs\Python\Python37\lib\urllib\request.py", line 1345, in http_open
    return self.do_open(http.client.HTTPConnection, req)
  File "C:\Users\comba\AppData\Local\Programs\Python\Python37\lib\urllib\request.py", line 1320, in do_open
    r = h.getresponse()
  File "C:\Users\comba\AppData\Local\Programs\Python\Python37\lib\http\client.py", line 1321, in getresponse
    response.begin()
  File "C:\Users\comba\AppData\Local\Programs\Python\Python37\lib\http\client.py", line 296, in begin
    version, status, reason = self._read_status()
  File "C:\Users\comba\AppData\Local\Programs\Python\Python37\lib\http\client.py", line 257, in _read_status
    line = str(self.fp.readline(_MAXLINE + 1), "iso-8859-1")
  File "C:\Users\comba\AppData\Local\Programs\Python\Python37\lib\socket.py", line 589, in readinto
    return self._sock.recv_into(b)
socket.timeout: timed out

During handling of the above exception, another exception occurred:

Traceback (most recent call last):
  File "C:\Users\comba\Desktop\知识城地牛\knowledgeCity\autoCtrl\deviceCtrl.py", line 71, in _monitorDevices
    s1 = ioApi.readDOList(devices[d]["io1"])["status"] #上板机
  File "..\remoteio\remoteioApi.py", line 73, in readDOList
    return _remoteio('/api/remoteio/readDOList', id, param)
  File "..\remoteio\remoteioApi.py", line 100, in _remoteio
    return http_get(url + apiurl, param)
  File "..\remoteio\remoteioApi.py", line 16, in http_get
    r = webutility.http_get(url, param)
  File "C:\Users\comba\Desktop\知识城地牛\knowledgeCity\common\webutility.py", line 105, in http_get
    raise Exception("http get",url,params,"error:",str(e))
Exception: ('http get', 'http://127.0.0.1:8999/api/remoteio/readDOList', {'id': 'upStation01'}, 'error:', 'timed out')

[WARN]2021-05-12 16:21:23,725: worker 7[tid:12296] <locked _thread.RLock object owner=12296 count=1 at 0x00000175206436E8> ,hold 24091 ms
[WARN]2021-05-12 16:21:47,150: [*task[609b839673dabd21b0330e71][-] AP22(LM17) -> AP18(LM17) [waitForAgv]] apply agv failed: ('http get', 'http://127.0.0.1:8999/api/agv/lock', {'agv': 'Jiaju-AGV', 'taskId': '609b839673dabd21b0330e71', 'appName': 'akmTask'}, 'error:', 'timed out')
[ERROR]2021-05-12 16:22:07,324: try get lock failed! lock=<lock name:agvList.Jiaju-AGV.lock,<locked _thread.RLock object owner=19368 count=1 at 0x000001751F190CB0>> name=Thread-1 tid=16700
[WARN]2021-05-12 16:25:12,218: agvThread.3F-ChaChe-AGV[tid:12568] <lock name:agv.3F-ChaChe-AGV.lock_status,<locked _thread.RLock object owner=12568 count=1 at 0x000001751F190D00>> ,hold 256056 ms
[WARN]2021-05-12 16:25:12,259: worker 4[tid:19368] <lock name:agvList.Jiaju-AGV.lock,<locked _thread.RLock object owner=19368 count=1 at 0x000001751F190CB0>> ,hold 245984 ms
[INFO]2021-05-12 16:25:12,471: lock info: count 5
agvThread.3F-ChaChe-AGV[tid:12568] <lock name:agv.3F-ChaChe-AGV.lock_status,<locked _thread.RLock object owner=12568 count=1 at 0x000001751F190D00>> ,hold 256309 ms
scada.609b839673dabd21b0330e71[tid:16508] <locked _thread.RLock object owner=16508 count=1 at 0x00000175207395D0> ,hold 252519 ms
worker 7[tid:12296] <locked _thread.RLock object owner=12296 count=1 at 0x00000175206436E8> ,hold 252837 ms
worker 4[tid:19368] <lock name:agvList.Jiaju-AGV.lock,<locked _thread.RLock object owner=19368 count=1 at 0x000001751F190CB0>> ,hold 246196 ms
agvThread.1F-ChaChe-AGV[tid:18332] <lock name:agv.1F-ChaChe-AGV.lock_status,<locked _thread.RLock object owner=18332 count=1 at 0x000001751F190738>> ,hold 47 ms

try lock info: count 1
Thread-1[tid:16700] <locked _thread.RLock object owner=19368 count=1 at 0x000001751F190CB0> ,wait 245148 ms
[INFO]2021-05-12 16:25:12,546: name=worker 7, pid=16396, tid=12296
[01] File "C:/Users/comba/AppData/Local/Programs/Python/Python37/lib/threading.py", line 865, in run() 
[02] File "C:/Users/comba/AppData/Local/Programs/Python/Python37/lib/site-packages/paste/httpserver.py", line 895, in worker_thread_callback() 
[03] File "C:/Users/comba/AppData/Local/Programs/Python/Python37/lib/site-packages/paste/httpserver.py", line 1069, in <lambda>() 
[04] File "C:/Users/comba/AppData/Local/Programs/Python/Python37/lib/site-packages/paste/httpserver.py", line 1085, in process_request_in_thread() 
[05] File "C:/Users/comba/AppData/Local/Programs/Python/Python37/lib/socketserver.py", line 357, in finish_request() 
[06] File "C:/Users/comba/AppData/Local/Programs/Python/Python37/lib/socketserver.py", line 717, in __init__() 
[07] File "C:/Users/comba/AppData/Local/Programs/Python/Python37/lib/site-packages/paste/httpserver.py", line 459, in handle() 
[08] File "C:/Users/comba/AppData/Local/Programs/Python/Python37/lib/http/server.py", line 426, in handle() 
[09] File "C:/Users/comba/AppData/Local/Programs/Python/Python37/lib/site-packages/paste/httpserver.py", line 454, in handle_one_request() 
[10] File "C:/Users/comba/AppData/Local/Programs/Python/Python37/lib/site-packages/paste/httpserver.py", line 304, in wsgi_execute() 
[11] File "C:/Users/comba/AppData/Local/Programs/Python/Python37/lib/site-packages/paste/translogger.py", line 69, in __call__() 
[12] File "C:/Users/comba/AppData/Local/Programs/Python/Python37/lib/site-packages/bottle.py", line 979, in __call__() 
[13] File "C:/Users/comba/AppData/Local/Programs/Python/Python37/lib/site-packages/bottle.py", line 954, in wsgi() 
[14] File "C:/Users/comba/AppData/Local/Programs/Python/Python37/lib/site-packages/bottle.py", line 862, in _handle() 
[15] File "C:/Users/comba/AppData/Local/Programs/Python/Python37/lib/site-packages/bottle.py", line 1742, in wrapper() 
[16] File "C:/Users/comba/Desktop/知识城地牛/knowledgeCity/common/webutility.py", line 465, in _enable_cors() 
[17] File "C:/Users/comba/Desktop/知识城地牛/knowledgeCity/common/webutility.py", line 481, in _enable_cors() 
[18] File "C:/Users/comba/Desktop/知识城地牛/knowledgeCity/common/scadaUtility.py", line 45, in __call() 
[19] File "C:/Users/comba/Desktop/知识城地牛/knowledgeCity/remoteio/main_remoteio.py", line 87, in urlReadDOList() 
[20] File "../remoteio/remoteioMgr.py", line 158, in readDOList() 
[21] File "../remoteio/remoteioMgr.py", line 262, in readDOList() 
[22] File "C:/Users/comba/Desktop/知识城地牛/knowledgeCity/common/lock.py", line 124, in _call() 
[23] File "C:/Users/comba/Desktop/知识城地牛/knowledgeCity/common/lock.py", line 102, in release() 
[24] File "C:/Users/comba/Desktop/知识城地牛/knowledgeCity/common/enhance.py", line 268, in getTrace() 
[25] File "C:/Users/comba/Desktop/知识城地牛/knowledgeCity/common/enhance.py", line 248, in getThreadStack()
[INFO]2021-05-12 16:25:12,605: name=agvThread.3F-ChaChe-AGV, pid=16396, tid=12568
[01] File "C:/Users/comba/AppData/Local/Programs/Python/Python37/lib/threading.py", line 865, in run() 
[02] File "C:/Users/comba/Desktop/知识城地牛/knowledgeCity/agvCtrl/agvList.py", line 565, in run() 
[03] File "../driver/seerAgv/agvCtrl.py", line 36, in checkLink() 
[04] File "../driver/seerAgv/agvApi.py", line 185, in checkLink() 
[05] File "C:/Users/comba/Desktop/知识城地牛/knowledgeCity/common/lock.py", line 102, in release() 
[06] File "C:/Users/comba/Desktop/知识城地牛/knowledgeCity/common/enhance.py", line 268, in getTrace() 
[07] File "C:/Users/comba/Desktop/知识城地牛/knowledgeCity/common/enhance.py", line 248, in getThreadStack()
[INFO]2021-05-12 16:25:12,694: name=worker 4, pid=16396, tid=19368
[01] File "C:/Users/comba/AppData/Local/Programs/Python/Python37/lib/threading.py", line 865, in run() 
[02] File "C:/Users/comba/AppData/Local/Programs/Python/Python37/lib/site-packages/paste/httpserver.py", line 895, in worker_thread_callback() 
[03] File "C:/Users/comba/AppData/Local/Programs/Python/Python37/lib/site-packages/paste/httpserver.py", line 1069, in <lambda>() 
[04] File "C:/Users/comba/AppData/Local/Programs/Python/Python37/lib/site-packages/paste/httpserver.py", line 1085, in process_request_in_thread() 
[05] File "C:/Users/comba/AppData/Local/Programs/Python/Python37/lib/socketserver.py", line 357, in finish_request() 
[06] File "C:/Users/comba/AppData/Local/Programs/Python/Python37/lib/socketserver.py", line 717, in __init__() 
[07] File "C:/Users/comba/AppData/Local/Programs/Python/Python37/lib/site-packages/paste/httpserver.py", line 459, in handle() 
[08] File "C:/Users/comba/AppData/Local/Programs/Python/Python37/lib/http/server.py", line 426, in handle() 
[09] File "C:/Users/comba/AppData/Local/Programs/Python/Python37/lib/site-packages/paste/httpserver.py", line 454, in handle_one_request() 
[10] File "C:/Users/comba/AppData/Local/Programs/Python/Python37/lib/site-packages/paste/httpserver.py", line 304, in wsgi_execute() 
[11] File "C:/Users/comba/AppData/Local/Programs/Python/Python37/lib/site-packages/paste/translogger.py", line 69, in __call__() 
[12] File "C:/Users/comba/AppData/Local/Programs/Python/Python37/lib/site-packages/bottle.py", line 979, in __call__() 
[13] File "C:/Users/comba/AppData/Local/Programs/Python/Python37/lib/site-packages/bottle.py", line 954, in wsgi() 
[14] File "C:/Users/comba/AppData/Local/Programs/Python/Python37/lib/site-packages/bottle.py", line 862, in _handle() 
[15] File "C:/Users/comba/AppData/Local/Programs/Python/Python37/lib/site-packages/bottle.py", line 1742, in wrapper() 
[16] File "C:/Users/comba/Desktop/知识城地牛/knowledgeCity/common/webutility.py", line 465, in _enable_cors() 
[17] File "C:/Users/comba/Desktop/知识城地牛/knowledgeCity/common/webutility.py", line 481, in _enable_cors() 
[18] File "C:/Users/comba/Desktop/知识城地牛/knowledgeCity/common/scadaUtility.py", line 45, in __call() 
[19] File "C:/Users/comba/Desktop/知识城地牛/knowledgeCity/agvCtrl/main_agv.py", line 75, in urlLock() 
[20] File "C:/Users/comba/Desktop/知识城地牛/knowledgeCity/agvCtrl/agvControl.py", line 1155, in lock() 
[21] File "C:/Users/comba/Desktop/知识城地牛/knowledgeCity/agvCtrl/agvList.py", line 674, in clearTask() 
[22] File "C:/Users/comba/Desktop/知识城地牛/knowledgeCity/common/lock.py", line 124, in _call() 
[23] File "C:/Users/comba/Desktop/知识城地牛/knowledgeCity/common/lock.py", line 102, in release() 
[24] File "C:/Users/comba/Desktop/知识城地牛/knowledgeCity/common/enhance.py", line 268, in getTrace() 
[25] File "C:/Users/comba/Desktop/知识城地牛/knowledgeCity/common/enhance.py", line 248, in getThreadStack()
[CRITICAL]2021-05-12 16:25:12,749: upStation01 readDIList fail cause a error: [WinError 10060] 由于连接方在一段时间后没有正确答复或连接的主机没有反应，连接尝试失败。
pid=16396, ppid=13696, tid=12296
Traceback (most recent call last):
  File "..\remoteio\remoteioMgr.py", line 262, in readDOList
    return self._read(M30, IO_LENTH)
  File "C:\Users\comba\Desktop\知识城地牛\knowledgeCity\common\lock.py", line 122, in _call
    return func(*p,**pp)
  File "..\remoteio\remoteioMgr.py", line 311, in _read
    self.master.open()
  File "C:\Users\comba\Desktop\知识城地牛\knowledgeCity\common\modbusapi.py", line 60, in open
    self.master.open()
  File "C:\Users\comba\AppData\Local\Programs\Python\Python37\lib\site-packages\modbus_tk\modbus.py", line 99, in open
    self._do_open()
  File "C:\Users\comba\AppData\Local\Programs\Python\Python37\lib\site-packages\modbus_tk\modbus_tcp.py", line 173, in _do_open
    self._sock.connect((self._host, self._port))
TimeoutError: [WinError 10060] 由于连接方在一段时间后没有正确答复或连接的主机没有反应，连接尝试失败。

[CRITICAL]2021-05-12 16:25:12,918: invoke <function urlReadDOList at 0x000001751F1B49D8> cause a error: [WinError 10060] 由于连接方在一段时间后没有正确答复或连接的主机没有反应，连接尝试失败。
pid=16396, ppid=13696, tid=12296
Traceback (most recent call last):
  File "C:\Users\comba\Desktop\知识城地牛\knowledgeCity\common\scadaUtility.py", line 45, in __call
    ret = func(*p,**pp)
  File "C:\Users\comba\Desktop\知识城地牛\knowledgeCity\remoteio\main_remoteio.py", line 87, in urlReadDOList
    return ioMgr.readDOList(id)
  File "..\remoteio\remoteioMgr.py", line 158, in readDOList
    result=remoteioInfo.readDOList()
  File "..\remoteio\remoteioMgr.py", line 262, in readDOList
    return self._read(M30, IO_LENTH)
  File "C:\Users\comba\Desktop\知识城地牛\knowledgeCity\common\lock.py", line 122, in _call
    return func(*p,**pp)
  File "..\remoteio\remoteioMgr.py", line 311, in _read
    self.master.open()
  File "C:\Users\comba\Desktop\知识城地牛\knowledgeCity\common\modbusapi.py", line 60, in open
    self.master.open()
  File "C:\Users\comba\AppData\Local\Programs\Python\Python37\lib\site-packages\modbus_tk\modbus.py", line 99, in open
    self._do_open()
  File "C:\Users\comba\AppData\Local\Programs\Python\Python37\lib\site-packages\modbus_tk\modbus_tcp.py", line 173, in _do_open
    self._sock.connect((self._host, self._port))
TimeoutError: [WinError 10060] 由于连接方在一段时间后没有正确答复或连接的主机没有反应，连接尝试失败。

[INFO]2021-05-12 16:25:13,341: remoteio is alarm: []
[ERROR]2021-05-12 16:25:13,370: raise alarm obj=upStation01, typeId=39998, desc=远程控制IO离线异常, id=609b90e99dff6ea52d267291
[ERROR]2021-05-12 16:25:13,416: raise alarm obj=downStation01, typeId=39998, desc=远程控制IO离线异常, id=609b90e99dff6ea52d267293
[ERROR]2021-05-12 16:25:13,475: raise alarm obj=3F-ChaChe-AGV, typeId=49999, desc=AGV离线异常, id=609b90e99dff6ea52d267295
[INFO]2021-05-12 16:25:13,651: name=scada.609b839673dabd21b0330e71, pid=16396, tid=16508
[01] File "C:/Users/comba/AppData/Local/Programs/Python/Python37/lib/threading.py", line 865, in run() 
[02] File "C:/Users/comba/Desktop/知识城地牛/knowledgeCity/common/utility.py", line 167, in __call() 
[03] File "C:/Users/comba/Desktop/知识城地牛/knowledgeCity/autoCtrl/runTasks.py", line 920, in _taskFunc() 
[04] File "C:/Users/comba/Desktop/知识城地牛/knowledgeCity/common/lock.py", line 122, in _call() 
[05] File "C:/Users/comba/Desktop/知识城地牛/knowledgeCity/autoCtrl/runTasks.py", line 631, in handle() 

name=Thread-3, pid=16396, tid=1844
[01] File "C:/Users/comba/AppData/Local/Programs/Python/Python37/lib/threading.py", line 865, in run() 
[02] File "../agvCtrl/agvApi.py", line 236, in _checkFinish() 
[03] File "C:/Users/comba/Desktop/知识城地牛/knowledgeCity/common/utility.py", line 573, in is_exited() 

name=agv.hasDeadlock, pid=16396, tid=18640
[01] File "C:/Users/comba/AppData/Local/Programs/Python/Python37/lib/threading.py", line 865, in run() 
[02] File "C:/Users/comba/Desktop/知识城地牛/knowledgeCity/agvCtrl/agvControl.py", line 1020, in _threadFunc() 

name=worker 9, pid=16396, tid=8848
[01] File "C:/Users/comba/AppData/Local/Programs/Python/Python37/lib/threading.py", line 865, in run() 
[02] File "C:/Users/comba/AppData/Local/Programs/Python/Python37/lib/site-packages/paste/httpserver.py", line 883, in worker_thread_callback() 
[03] File "C:/Users/comba/AppData/Local/Programs/Python/Python37/lib/queue.py", line 170, in get() 
[04] File "C:/Users/comba/AppData/Local/Programs/Python/Python37/lib/threading.py", line 296, in wait() 

name=worker 8, pid=16396, tid=15860
[01] File "C:/Users/comba/AppData/Local/Programs/Python/Python37/lib/threading.py", line 865, in run() 
[02] File "C:/Users/comba/AppData/Local/Programs/Python/Python37/lib/site-packages/paste/httpserver.py", line 883, in worker_thread_callback() 
[03] File "C:/Users/comba/AppData/Local/Programs/Python/Python37/lib/queue.py", line 170, in get() 
[04] File "C:/Users/comba/AppData/Local/Programs/Python/Python37/lib/threading.py", line 296, in wait() 

name=worker 7, pid=16396, tid=12296
[01] File "C:/Users/comba/AppData/Local/Programs/Python/Python37/lib/threading.py", line 865, in run() 
[02] File "C:/Users/comba/AppData/Local/Programs/Python/Python37/lib/site-packages/paste/httpserver.py", line 895, in worker_thread_callback() 
[03] File "C:/Users/comba/AppData/Local/Programs/Python/Python37/lib/site-packages/paste/httpserver.py", line 1069, in <lambda>() 
[04] File "C:/Users/comba/AppData/Local/Programs/Python/Python37/lib/site-packages/paste/httpserver.py", line 1085, in process_request_in_thread() 
[05] File "C:/Users/comba/AppData/Local/Programs/Python/Python37/lib/socketserver.py", line 357, in finish_request() 
[06] File "C:/Users/comba/AppData/Local/Programs/Python/Python37/lib/socketserver.py", line 717, in __init__() 
[07] File "C:/Users/comba/AppData/Local/Programs/Python/Python37/lib/site-packages/paste/httpserver.py", line 459, in handle() 
[08] File "C:/Users/comba/AppData/Local/Programs/Python/Python37/lib/http/server.py", line 426, in handle() 
[09] File "C:/Users/comba/AppData/Local/Programs/Python/Python37/lib/site-packages/paste/httpserver.py", line 454, in handle_one_request() 
[10] File "C:/Users/comba/AppData/Local/Programs/Python/Python37/lib/site-packages/paste/httpserver.py", line 304, in wsgi_execute() 
[11] File "C:/Users/comba/AppData/Local/Programs/Python/Python37/lib/site-packages/paste/translogger.py", line 69, in __call__() 
[12] File "C:/Users/comba/AppData/Local/Programs/Python/Python37/lib/site-packages/bottle.py", line 979, in __call__() 
[13] File "C:/Users/comba/AppData/Local/Programs/Python/Python37/lib/site-packages/bottle.py", line 954, in wsgi() 
[14] File "C:/Users/comba/AppData/Local/Programs/Python/Python37/lib/site-packages/bottle.py", line 862, in _handle() 
[15] File "C:/Users/comba/AppData/Local/Programs/Python/Python37/lib/site-packages/bottle.py", line 1742, in wrapper() 
[16] File "C:/Users/comba/Desktop/知识城地牛/knowledgeCity/common/webutility.py", line 465, in _enable_cors() 
[17] File "C:/Users/comba/Desktop/知识城地牛/knowledgeCity/common/webutility.py", line 481, in _enable_cors() 
[18] File "C:/Users/comba/Desktop/知识城地牛/knowledgeCity/common/scadaUtility.py", line 45, in __call() 
[19] File "C:/Users/comba/Desktop/知识城地牛/knowledgeCity/remoteio/main_remoteio.py", line 87, in urlReadDOList() 
[20] File "../remoteio/remoteioMgr.py", line 158, in readDOList() 
[21] File "../remoteio/remoteioMgr.py", line 266, in readDOList() 
[22] File "C:/Users/comba/Desktop/知识城地牛/knowledgeCity/common/lock.py", line 124, in _call() 
[23] File "C:/Users/comba/Desktop/知识城地牛/knowledgeCity/common/lock.py", line 109, in release() 
[24] File "C:/Users/comba/Desktop/知识城地牛/knowledgeCity/common/log.py", line 216, in info() 
[25] File "C:/Users/comba/AppData/Local/Programs/Python/Python37/lib/logging/__init__.py", line 1332, in info() 
[26] File "C:/Users/comba/AppData/Local/Programs/Python/Python37/lib/logging/__init__.py", line 1468, in _log() 
[27] File "C:/Users/comba/AppData/Local/Programs/Python/Python37/lib/logging/__init__.py", line 1478, in handle() 
[28] File "C:/Users/comba/AppData/Local/Programs/Python/Python37/lib/logging/__init__.py", line 1552, in callHandlers() 
[29] File "C:/Users/comba/AppData/Local/Programs/Python/Python37/lib/logging/__init__.py", line 857, in handle() 
[30] File "C:/Users/comba/AppData/Local/Programs/Python/Python37/lib/logging/__init__.py", line 803, in acquire() 

name=worker 6, pid=16396, tid=11420
[01] File "C:/Users/comba/AppData/Local/Programs/Python/Python37/lib/threading.py", line 865, in run() 
[02] File "C:/Users/comba/AppData/Local/Programs/Python/Python37/lib/site-packages/paste/httpserver.py", line 883, in worker_thread_callback() 
[03] File "C:/Users/comba/AppData/Local/Programs/Python/Python37/lib/queue.py", line 170, in get() 
[04] File "C:/Users/comba/AppData/Local/Programs/Python/Python37/lib/threading.py", line 296, in wait() 

name=worker 5, pid=16396, tid=18692
[01] File "C:/Users/comba/AppData/Local/Programs/Python/Python37/lib/threading.py", line 865, in run() 
[02] File "C:/Users/comba/AppData/Local/Programs/Python/Python37/lib/site-packages/paste/httpserver.py", line 883, in worker_thread_callback() 
[03] File "C:/Users/comba/AppData/Local/Programs/Python/Python37/lib/queue.py", line 170, in get() 
[04] File "C:/Users/comba/AppData/Local/Programs/Python/Python37/lib/threading.py", line 296, in wait() 

name=worker 4, pid=16396, tid=19368
[01] File "C:/Users/comba/AppData/Local/Programs/Python/Python37/lib/threading.py", line 865, in run() 
[02] File "C:/Users/comba/AppData/Local/Programs/Python/Python37/lib/site-packages/paste/httpserver.py", line 883, in worker_thread_callback() 
[03] File "C:/Users/comba/AppData/Local/Programs/Python/Python37/lib/site-packages/paste/httpserver.py", line 1069, in <lambda>() 
[04] File "C:/Users/comba/AppData/Local/Programs/Python/Python37/lib/site-packages/paste/httpserver.py", line 1092, in process_request_in_thread() 
[05] File "C:/Users/comba/AppData/Local/Programs/Python/Python37/lib/socketserver.py", line 357, in finish_request() 
[06] File "C:/Users/comba/AppData/Local/Programs/Python/Python37/lib/socketserver.py", line 719, in __init__() 
[07] File "C:/Users/comba/AppData/Local/Programs/Python/Python37/lib/site-packages/paste/httpserver.py", line 461, in handle() 
[08] File "C:/Users/comba/AppData/Local/Programs/Python/Python37/lib/http/server.py", line 428, in handle() 
[09] File "C:/Users/comba/AppData/Local/Programs/Python/Python37/lib/site-packages/paste/httpserver.py", line 454, in handle_one_request() 
[10] File "C:/Users/comba/AppData/Local/Programs/Python/Python37/lib/site-packages/paste/httpserver.py", line 316, in wsgi_execute() 
[11] File "C:/Users/comba/AppData/Local/Programs/Python/Python37/lib/site-packages/paste/translogger.py", line 69, in __call__() 
[12] File "C:/Users/comba/AppData/Local/Programs/Python/Python37/lib/site-packages/bottle.py", line 979, in __call__() 
[13] File "C:/Users/comba/AppData/Local/Programs/Python/Python37/lib/site-packages/bottle.py", line 961, in wsgi() 
[14] File "C:/Users/comba/AppData/Local/Programs/Python/Python37/lib/site-packages/bottle.py", line 864, in _handle() 
[15] File "C:/Users/comba/AppData/Local/Programs/Python/Python37/lib/site-packages/bottle.py", line 1755, in wrapper() 
[16] File "C:/Users/comba/Desktop/知识城地牛/knowledgeCity/common/webutility.py", line 465, in _enable_cors() 
[17] File "C:/Users/comba/Desktop/知识城地牛/knowledgeCity/common/webutility.py", line 481, in _enable_cors() 
[18] File "C:/Users/comba/Desktop/知识城地牛/knowledgeCity/common/scadaUtility.py", line 47, in __call() 
[19] File "C:/Users/comba/Desktop/知识城地牛/knowledgeCity/agvCtrl/main_agv.py", line 75, in urlLock() 
[20] File "C:/Users/comba/Desktop/知识城地牛/knowledgeCity/agvCtrl/agvControl.py", line 1158, in lock() 
[21] File "C:/Users/comba/Desktop/知识城地牛/knowledgeCity/agvCtrl/agvList.py", line 676, in clearTask() 
[22] File "C:/Users/comba/Desktop/知识城地牛/knowledgeCity/common/lock.py", line 124, in _call() 
[23] File "C:/Users/comba/Desktop/知识城地牛/knowledgeCity/common/lock.py", line 109, in release() 
[24] File "C:/Users/comba/Desktop/知识城地牛/knowledgeCity/common/enhance.py", line 268, in getTrace() 
[25] File "C:/Users/comba/Desktop/知识城地牛/knowledgeCity/common/enhance.py", line 261, in getThreadStack() 
[26] File "C:/Users/comba/AppData/Local/Programs/Python/Python37/lib/traceback.py", line 209, in extract_stack() 
[27] File "C:/Users/comba/AppData/Local/Programs/Python/Python37/lib/traceback.py", line 358, in extract() 
[28] File "C:/Users/comba/AppData/Local/Programs/Python/Python37/lib/linecache.py", line 79, in checkcache() 

name=worker 3, pid=16396, tid=17148
[01] File "C:/Users/comba/AppData/Local/Programs/Python/Python37/lib/threading.py", line 865, in run() 
[02] File "C:/Users/comba/AppData/Local/Programs/Python/Python37/lib/site-packages/paste/httpserver.py", line 883, in worker_thread_callback() 
[03] File "C:/Users/comba/AppData/Local/Programs/Python/Python37/lib/queue.py", line 170, in get() 
[04] File "C:/Users/comba/AppData/Local/Programs/Python/Python37/lib/threading.py", line 296, in wait() 

name=worker 2, pid=16396, tid=15076
[01] File "C:/Users/comba/AppData/Local/Programs/Python/Python37/lib/threading.py", line 865, in run() 
[02] File "C:/Users/comba/AppData/Local/Programs/Python/Python37/lib/site-packages/paste/httpserver.py", line 883, in worker_thread_callback() 
[03] File "C:/Users/comba/AppData/Local/Programs/Python/Python37/lib/queue.py", line 170, in get() 
[04] File "C:/Users/comba/AppData/Local/Programs/Python/Python37/lib/threading.py", line 296, in wait() 

name=worker 1, pid=16396, tid=13940
[01] File "C:/Users/comba/AppData/Local/Programs/Python/Python37/lib/threading.py", line 865, in run() 
[02] File "C:/Users/comba/AppData/Local/Programs/Python/Python37/lib/site-packages/paste/httpserver.py", line 883, in worker_thread_callback() 
[03] File "C:/Users/comba/AppData/Local/Programs/Python/Python37/lib/queue.py", line 170, in get() 
[04] File "C:/Users/comba/AppData/Local/Programs/Python/Python37/lib/threading.py", line 296, in wait() 

name=worker 0, pid=16396, tid=1676
[01] File "C:/Users/comba/AppData/Local/Programs/Python/Python37/lib/threading.py", line 865, in run() 
[02] File "C:/Users/comba/AppData/Local/Programs/Python/Python37/lib/site-packages/paste/httpserver.py", line 883, in worker_thread_callback() 
[03] File "C:/Users/comba/AppData/Local/Programs/Python/Python37/lib/queue.py", line 170, in get() 
[04] File "C:/Users/comba/AppData/Local/Programs/Python/Python37/lib/threading.py", line 296, in wait() 

name=Thread-2, pid=16396, tid=14792
[01] File "C:/Users/comba/AppData/Local/Programs/Python/Python37/lib/site-packages/bottle.py", line 3171, in run() 
[02] File "C:/Users/comba/AppData/Local/Programs/Python/Python37/lib/site-packages/bottle.py", line 3157, in <lambda>() 

name=agvThread2.1F-ChaChe-AGV, pid=16396, tid=10784
[01] File "C:/Users/comba/AppData/Local/Programs/Python/Python37/lib/threading.py", line 865, in run() 
[02] File "C:/Users/comba/Desktop/知识城地牛/knowledgeCity/agvCtrl/agvList.py", line 596, in run2() 

name=agvThread.1F-ChaChe-AGV, pid=16396, tid=18332
[01] File "C:/Users/comba/AppData/Local/Programs/Python/Python37/lib/threading.py", line 865, in run() 
[02] File "C:/Users/comba/Desktop/知识城地牛/knowledgeCity/agvCtrl/agvList.py", line 584, in run() 

name=agvThread2.Jiaju-AGV, pid=16396, tid=6564
[01] File "C:/Users/comba/AppData/Local/Programs/Python/Python37/lib/threading.py", line 865, in run() 
[02] File "C:/Users/comba/Desktop/知识城地牛/knowledgeCity/agvCtrl/agvList.py", line 596, in run2() 

name=agvThread.Jiaju-AGV, pid=16396, tid=11936
[01] File "C:/Users/comba/AppData/Local/Programs/Python/Python37/lib/threading.py", line 865, in run() 
[02] File "C:/Users/comba/Desktop/知识城地牛/knowledgeCity/agvCtrl/agvList.py", line 584, in run() 

name=agvThread2.3F-ChaChe-AGV, pid=16396, tid=18952
[01] File "C:/Users/comba/AppData/Local/Programs/Python/Python37/lib/threading.py", line 865, in run() 
[02] File "C:/Users/comba/Desktop/知识城地牛/knowledgeCity/agvCtrl/agvList.py", line 591, in run2() 

name=agvThread.3F-ChaChe-AGV, pid=16396, tid=12568
[01] File "C:/Users/comba/AppData/Local/Programs/Python/Python37/lib/threading.py", line 865, in run() 
[02] File "C:/Users/comba/Desktop/知识城地牛/knowledgeCity/agvCtrl/agvList.py", line 571, in run() 
[03] File "../driver/seerAgv/agvCtrl.py", line 36, in checkLink() 
[04] File "../driver/seerAgv/agvApi.py", line 185, in checkLink() 
[05] File "C:/Users/comba/Desktop/知识城地牛/knowledgeCity/common/lock.py", line 109, in release() 
[06] File "C:/Users/comba/Desktop/知识城地牛/knowledgeCity/common/log.py", line 216, in info() 
[07] File "C:/Users/comba/AppData/Local/Programs/Python/Python37/lib/logging/__init__.py", line 1332, in info() 
[08] File "C:/Users/comba/AppData/Local/Programs/Python/Python37/lib/logging/__init__.py", line 1468, in _log() 
[09] File "C:/Users/comba/AppData/Local/Programs/Python/Python37/lib/logging/__init__.py", line 1478, in handle() 
[10] File "C:/Users/comba/AppData/Local/Programs/Python/Python37/lib/logging/__init__.py", line 1552, in callHandlers() 
[11] File "C:/Users/comba/AppData/Local/Programs/Python/Python37/lib/logging/__init__.py", line 857, in handle() 
[12] File "C:/Users/comba/AppData/Local/Programs/Python/Python37/lib/logging/__init__.py", line 803, in acquire() 

name=agvThread2.Wuliao-AGV, pid=16396, tid=16860
[01] File "C:/Users/comba/AppData/Local/Programs/Python/Python37/lib/threading.py", line 865, in run() 
[02] File "C:/Users/comba/Desktop/知识城地牛/knowledgeCity/agvCtrl/agvList.py", line 596, in run2() 

name=agvThread.Wuliao-AGV, pid=16396, tid=17852
[01] File "C:/Users/comba/AppData/Local/Programs/Python/Python37/lib/threading.py", line 865, in run() 
[02] File "C:/Users/comba/Desktop/知识城地牛/knowledgeCity/agvCtrl/agvList.py", line 584, in run() 

name=timer_thread, pid=16396, tid=19152
[01] File "C:/Users/comba/AppData/Local/Programs/Python/Python37/lib/threading.py", line 865, in run() 
[02] File "C:/Users/comba/Desktop/知识城地牛/knowledgeCity/common/mytimer.py", line 113, in _loop() 
[03] File "C:/Users/comba/Desktop/知识城地牛/knowledgeCity/autoCtrl/deviceCtrl.py", line 110, in _monitorDevices() 

name=remoteio.ping, pid=16396, tid=13660
[01] File "C:/Users/comba/AppData/Local/Programs/Python/Python37/lib/threading.py", line 865, in run() 
[02] File "../remoteio/remoteioMgr.py", line 465, in remoteioCheck() 
[03] File "C:/Users/comba/Desktop/知识城地牛/knowledgeCity/common/shell.py", line 128, in ping() 
[04] File "C:/Users/comba/Desktop/知识城地牛/knowledgeCity/common/utility.py", line 655, in run_cmd() 
[05] File "C:/Users/comba/AppData/Local/Programs/Python/Python37/lib/subprocess.py", line 971, in wait() 
[06] File "C:/Users/comba/AppData/Local/Programs/Python/Python37/lib/subprocess.py", line 1211, in _wait() 

name=Thread-1, pid=16396, tid=16700
[01] File "C:/Users/comba/AppData/Local/Programs/Python/Python37/lib/threading.py", line 865, in run() 
[02] File "C:/Users/comba/Desktop/知识城地牛/knowledgeCity/agvCtrl/main_agv.py", line 323, in showThread() 
[03] File "C:/Users/comba/Desktop/知识城地牛/knowledgeCity/agvCtrl/agvControl.py", line 1367, in show() 
[04] File "C:/Users/comba/Desktop/知识城地牛/knowledgeCity/agvCtrl/mainFrame.py", line 236, in show() 
[05] File "C:/Users/comba/Desktop/知识城地牛/knowledgeCity/common/utility.py", line 167, in __call() 
[06] File "C:/Users/comba/Desktop/知识城地牛/knowledgeCity/agvCtrl/agvUI.py", line 403, in autoUpdateAgv() 
[07] File "C:/Users/comba/Desktop/知识城地牛/knowledgeCity/agvCtrl/agvUI.py", line 260, in updateAgv() 
[08] File "C:/Users/comba/Desktop/知识城地牛/knowledgeCity/agvCtrl/agvUI.py", line 271, in updateButtons() 
[09] File "C:/Users/comba/Desktop/知识城地牛/knowledgeCity/common/lock.py", line 120, in _call() 
[10] File "C:/Users/comba/Desktop/知识城地牛/knowledgeCity/common/lock.py", line 80, in acquire() 
[11] File "C:/Users/comba/Desktop/知识城地牛/knowledgeCity/common/enhance.py", line 266, in getTrace() 
[12] File "C:/Users/comba/Desktop/知识城地牛/knowledgeCity/common/enhance.py", line 248, in getThreadStack() 

name=door.office.ping, pid=16396, tid=2156
[01] File "C:/Users/comba/AppData/Local/Programs/Python/Python37/lib/threading.py", line 865, in run() 
[02] File "C:/Users/comba/Desktop/知识城地牛/knowledgeCity/agvCtrl/doorMgr.py", line 193, in check() 

name=door.office, pid=16396, tid=18076
[01] File "C:/Users/comba/AppData/Local/Programs/Python/Python37/lib/threading.py", line 865, in run() 
[02] File "C:/Users/comba/Desktop/知识城地牛/knowledgeCity/agvCtrl/doorMgr.py", line 184, in run() 

name=door.comba-ZXC-F3.ping, pid=16396, tid=17908
[01] File "C:/Users/comba/AppData/Local/Programs/Python/Python37/lib/threading.py", line 865, in run() 
[02] File "C:/Users/comba/Desktop/知识城地牛/knowledgeCity/agvCtrl/doorMgr.py", line 193, in check() 

name=door.comba-ZXC-F3, pid=16396, tid=16560
[01] File "C:/Users/comba/AppData/Local/Programs/Python/Python37/lib/threading.py", line 865, in run() 
[02] File "C:/Users/comba/Desktop/知识城地牛/knowledgeCity/agvCtrl/doorMgr.py", line 184, in run() 

name=door.comba-ZXC-3F.ping, pid=16396, tid=7148
[01] File "C:/Users/comba/AppData/Local/Programs/Python/Python37/lib/threading.py", line 865, in run() 
[02] File "C:/Users/comba/Desktop/知识城地牛/knowledgeCity/agvCtrl/doorMgr.py", line 193, in check() 

name=door.comba-ZXC-3F, pid=16396, tid=1500
[01] File "C:/Users/comba/AppData/Local/Programs/Python/Python37/lib/threading.py", line 865, in run() 
[02] File "C:/Users/comba/Desktop/知识城地牛/knowledgeCity/agvCtrl/doorMgr.py", line 184, in run() 

name=door.comba-ZSC-F1-F3.ping, pid=16396, tid=17900
[01] File "C:/Users/comba/AppData/Local/Programs/Python/Python37/lib/threading.py", line 865, in run() 
[02] File "C:/Users/comba/Desktop/知识城地牛/knowledgeCity/agvCtrl/doorMgr.py", line 193, in check() 

name=door.comba-ZSC-F1-F3, pid=16396, tid=18672
[01] File "C:/Users/comba/AppData/Local/Programs/Python/Python37/lib/threading.py", line 865, in run() 
[02] File "C:/Users/comba/Desktop/知识城地牛/knowledgeCity/agvCtrl/doorMgr.py", line 184, in run() 

name=elevator.keep, pid=16396, tid=4140
[01] File "C:/Users/comba/AppData/Local/Programs/Python/Python37/lib/threading.py", line 865, in run() 
[02] File "C:/Users/comba/Desktop/知识城地牛/knowledgeCity/agvCtrl/elevatorMgr.py", line 497, in keepOpenThread() 

name=door.comba-ZSC-3F_0419.ping, pid=16396, tid=15692
[01] File "C:/Users/comba/AppData/Local/Programs/Python/Python37/lib/threading.py", line 865, in run() 
[02] File "C:/Users/comba/Desktop/知识城地牛/knowledgeCity/agvCtrl/doorMgr.py", line 193, in check() 

name=door.comba-ZSC-3F_0419, pid=16396, tid=9088
[01] File "C:/Users/comba/AppData/Local/Programs/Python/Python37/lib/threading.py", line 865, in run() 
[02] File "C:/Users/comba/Desktop/知识城地牛/knowledgeCity/agvCtrl/doorMgr.py", line 184, in run() 

name=pymongo_kill_cursors_thread, pid=16396, tid=14040
[01] File "C:/Users/comba/AppData/Local/Programs/Python/Python37/lib/threading.py", line 865, in run() 
[02] File "C:/Users/comba/AppData/Local/Programs/Python/Python37/lib/site-packages/pymongo/periodic_executor.py", line 128, in _run() 

name=pymongo_server_monitor_thread, pid=16396, tid=17012
[01] File "C:/Users/comba/AppData/Local/Programs/Python/Python37/lib/threading.py", line 865, in run() 
[02] File "C:/Users/comba/AppData/Local/Programs/Python/Python37/lib/site-packages/pymongo/periodic_executor.py", line 128, in _run() 

name=tcplisten.port_6789, pid=16396, tid=9696
[01] File "C:/Users/comba/AppData/Local/Programs/Python/Python37/lib/threading.py", line 865, in run() 
[02] File "C:/Users/comba/Desktop/知识城地牛/knowledgeCity/common/tcpSocket.py", line 65, in _acceptThread() 
[03] File "C:/Users/comba/AppData/Local/Programs/Python/Python37/lib/socket.py", line 212, in accept() 

name=MainThread, pid=16396, tid=4296
[01] File "run_all.py", line 60, in <module>() 
[02] File "C:/Users/comba/Desktop/知识城地牛/knowledgeCity/common/webutility.py", line 318, in run() 
[03] File "C:/Users/comba/AppData/Local/Programs/Python/Python37/lib/site-packages/bottle.py", line 3127, in run() 
[04] File "C:/Users/comba/AppData/Local/Programs/Python/Python37/lib/site-packages/bottle.py", line 2824, in run() 
[05] File "C:/Users/comba/AppData/Local/Programs/Python/Python37/lib/site-packages/paste/httpserver.py", line 1329, in serve() 
[06] File "C:/Users/comba/AppData/Local/Programs/Python/Python37/lib/site-packages/paste/httpserver.py", line 1101, in serve_forever() 
[07] File "C:/Users/comba/AppData/Local/Programs/Python/Python37/lib/socketserver.py", line 298, in handle_request() 
[08] File "C:/Users/comba/AppData/Local/Programs/Python/Python37/lib/selectors.py", line 338, in select() 
[09] File "C:/Users/comba/AppData/Local/Programs/Python/Python37/lib/selectors.py", line 315, in _select()
[WARN]2021-05-12 16:25:13,716: Thread-1[tid:16700] <lock name:agvList.Jiaju-AGV.lock,<locked _thread.RLock object owner=16700 count=1 at 0x000001751F190CB0>> ,hold 246393 ms
[INFO]2021-05-12 16:25:13,792: name=Thread-1, pid=16396, tid=16700
[01] File "C:/Users/comba/AppData/Local/Programs/Python/Python37/lib/threading.py", line 865, in run() 
[02] File "C:/Users/comba/Desktop/知识城地牛/knowledgeCity/agvCtrl/main_agv.py", line 323, in showThread() 
[03] File "C:/Users/comba/Desktop/知识城地牛/knowledgeCity/agvCtrl/agvControl.py", line 1367, in show() 
[04] File "C:/Users/comba/Desktop/知识城地牛/knowledgeCity/agvCtrl/mainFrame.py", line 236, in show() 
[05] File "C:/Users/comba/Desktop/知识城地牛/knowledgeCity/common/utility.py", line 167, in __call() 
[06] File "C:/Users/comba/Desktop/知识城地牛/knowledgeCity/agvCtrl/agvUI.py", line 403, in autoUpdateAgv() 
[07] File "C:/Users/comba/Desktop/知识城地牛/knowledgeCity/agvCtrl/agvUI.py", line 260, in updateAgv() 
[08] File "C:/Users/comba/Desktop/知识城地牛/knowledgeCity/agvCtrl/agvUI.py", line 271, in updateButtons() 
[09] File "C:/Users/comba/Desktop/知识城地牛/knowledgeCity/common/lock.py", line 124, in _call() 
[10] File "C:/Users/comba/Desktop/知识城地牛/knowledgeCity/common/lock.py", line 102, in release() 
[11] File "C:/Users/comba/Desktop/知识城地牛/knowledgeCity/common/enhance.py", line 268, in getTrace() 
[12] File "C:/Users/comba/Desktop/知识城地牛/knowledgeCity/common/enhance.py", line 248, in getThreadStack()
[DEBUG]2021-05-12 16:25:14,588: send http_get: http://127.0.0.1:8999/api/remoteio/readDOList?id=upStation01
[DEBUG]2021-05-12 16:25:14,808: try connect 3F-ChaChe-AGV 172.16.217.121:19204
[WARN]2021-05-12 16:25:17,431: scada.609b839673dabd21b0330e71[tid:16508] <locked _thread.RLock object owner=16508 count=1 at 0x00000175207395D0> ,hold 257479 ms
[INFO]2021-05-12 16:25:17,496: name=scada.609b839673dabd21b0330e71, pid=16396, tid=16508
[01] File "C:/Users/comba/AppData/Local/Programs/Python/Python37/lib/threading.py", line 865, in run() 
[02] File "C:/Users/comba/Desktop/知识城地牛/knowledgeCity/common/utility.py", line 167, in __call() 
[03] File "C:/Users/comba/Desktop/知识城地牛/knowledgeCity/autoCtrl/runTasks.py", line 920, in _taskFunc() 
[04] File "C:/Users/comba/Desktop/知识城地牛/knowledgeCity/common/lock.py", line 124, in _call() 
[05] File "C:/Users/comba/Desktop/知识城地牛/knowledgeCity/common/lock.py", line 102, in release() 
[06] File "C:/Users/comba/Desktop/知识城地牛/knowledgeCity/common/enhance.py", line 268, in getTrace() 
[07] File "C:/Users/comba/Desktop/知识城地牛/knowledgeCity/common/enhance.py", line 248, in getThreadStack()
[INFO]2021-05-12 16:25:17,549: *task[609b839673dabd21b0330e71][-] AP22(LM17) -> AP18(LM17) [waitForAgv] waitForAgv error
[DEBUG]2021-05-12 16:25:19,667: GET: http://127.0.0.1:8999/api/agv/apply?appName=akmTask&autoLock=False&exclude&loc=AP22&mapId=comba-ZXC-F3&taskId=609b839673dabd21b0330e71&timeout=10 addr: 127.0.0.1
[WARN]2021-05-12 16:25:19,699: apply Jiaju-AGV with same task 609b839673dabd21b0330e71
[INFO]2021-05-12 16:25:19,814: Jiaju-AGV
[DEBUG]2021-05-12 16:25:19,847: used 180ms 200 OK application/json;charset=utf-8, GET: http://127.0.0.1:8999/api/agv/apply?appName=akmTask&autoLock=False&exclude&loc=AP22&mapId=comba-ZXC-F3&taskId=609b839673dabd21b0330e71&timeout=10
[INFO]2021-05-12 16:25:19,956: comba-ZXC-F3.AP22 comba-ZXC-F3.AP18
[INFO]2021-05-12 16:25:19,972: Jiaju-AGV
[INFO]2021-05-12 16:25:20,013: 判断类型
[DEBUG]2021-05-12 16:25:20,105: GET: http://127.0.0.1:8999/api/agv/lock?agv=Jiaju-AGV&appName=akmTask&taskId=609b839673dabd21b0330e71 addr: 127.0.0.1
[DEBUG]2021-05-12 16:25:20,135: lock:  Jiaju-AGV taskId 609b839673dabd21b0330e71 app akmTask
[WARN]2021-05-12 16:25:21,171: Jiaju-AGV clear task finish, cur= comba-ZXC-F3.LM19 task_status= 4
[DEBUG]2021-05-12 16:25:21,200: used 1095ms 200 OK application/json;charset=utf-8, GET: http://127.0.0.1:8999/api/agv/lock?agv=Jiaju-AGV&appName=akmTask&taskId=609b839673dabd21b0330e71
[INFO]2021-05-12 16:25:21,264: Jiaju-AGV
[INFO]2021-05-12 16:25:21,294: *task[609b839673dabd21b0330e71][-] AP22(LM17) -> AP18(LM17) [waitForAgv] apply Jiaju-AGV
[INFO]2021-05-12 16:25:21,328: task[609b839673dabd21b0330e71] update info: {'agvId': 'Jiaju-AGV', 'failMsg': '成功分配小车Jiaju-AGV', 'updateTime': datetime.datetime(2021, 5, 12, 16, 25, 21, 322982)}
[DEBUG]2021-05-12 16:25:21,369: *task[609b839673dabd21b0330e71][Jiaju-AGV] AP22(LM17) -> AP18(LM17) [initAGV] waitForAgv -> initAGV
[INFO]2021-05-12 16:25:21,766: task[609b839673dabd21b0330e71] update info: {'failMsg': '前往三楼夹具点A工位点', 'updateTime': datetime.datetime(2021, 5, 12, 16, 25, 21, 760770)}
[DEBUG]2021-05-12 16:25:21,796: *task[609b839673dabd21b0330e71][Jiaju-AGV] AP22(LM17) -> AP18(LM17) [startMoveAGV] initAGV -> startMoveAGV
[INFO]2021-05-12 16:25:22,148: ---------------------------------------------------准备移动movejackup----------------------------------------------------
[INFO]2021-05-12 16:25:22,278: movejackup
[DEBUG]2021-05-12 16:25:22,359: GET: http://127.0.0.1:8999/api/agv/move?WorkPlace=true&agv=Jiaju-AGV&agvId=Jiaju-AGV&appName=akmTask&direction=None&floorId=comba-ZXC-F3&isRotate&loc=comba-ZXC-F3.AP22&location=AP22&p_direction=0.0&pgv_type=1&recognize=False&seer_jackup=JackLoad&taskId=609b839673dabd21b0330e71_2&taskType=scadaTask&timeoutSec=86400&use_pgv=False addr: 127.0.0.1
[INFO]2021-05-12 16:25:22,361: ----------------------------------move---------------------------------------------------
[INFO]2021-05-12 16:25:22,362: ------------------------------_func---------------------------------------------------
[INFO]2021-05-12 16:25:22,375: Begin: Jiaju-AGV move from comba-ZXC-F3.LM19 to comba-ZXC-F3.AP22 by paths: [('comba-ZXC-F3', ['LM19', 'LM20', 'LM21', 'LM17', 'AP18', 'AP22'], 6.061068178648613)] task: 609b839673dabd21b0330e71_2 timeout 86400 used 13 ms
[INFO]2021-05-12 16:25:22,377: ---------------------------------------------------状态转换成loadPlayload----------------------------------------------------
[DEBUG]2021-05-12 16:25:22,379: *task[609b839673dabd21b0330e71][Jiaju-AGV] AP22(LM17) -> AP18(LM17) [loadPlayload] startMoveAGV -> loadPlayload
[DEBUG]2021-05-12 16:25:23,326: agvInfo: Jiaju-AGV comba-ZXC-F3.LM19 move to comba-ZXC-F3.LM20 ,taskId 609b839673dabd21b0330e71_2
[DEBUG]2021-05-12 16:25:24,033: Jiaju-AGV turn to wait check cur LM19 next LM21 0.491 False
[DEBUG]2021-05-12 16:25:24,548: agvInfo: Jiaju-AGV comba-ZXC-F3.LM19 move to comba-ZXC-F3.LM21 ,taskId 609b839673dabd21b0330e71_2
[ERROR]2021-05-12 16:25:24,861: connect 3F-ChaChe-AGV failed timed out
[INFO]2021-05-12 16:25:24,863: 3F-ChaChe-AGV checkLink failed 172.16.217.121 19204
[WARN]2021-05-12 16:25:24,864: agvThread.3F-ChaChe-AGV[tid:12568] <lock name:agv.3F-ChaChe-AGV.lock_status,<locked _thread.RLock object owner=12568 count=1 at 0x000001751F190D00>> ,hold 10056 ms
[INFO]2021-05-12 16:25:24,890: name=agvThread.3F-ChaChe-AGV, pid=16396, tid=12568
[01] File "C:/Users/comba/AppData/Local/Programs/Python/Python37/lib/threading.py", line 865, in run() 
[02] File "C:/Users/comba/Desktop/知识城地牛/knowledgeCity/agvCtrl/agvList.py", line 565, in run() 
[03] File "../driver/seerAgv/agvCtrl.py", line 36, in checkLink() 
[04] File "../driver/seerAgv/agvApi.py", line 185, in checkLink() 
[05] File "C:/Users/comba/Desktop/知识城地牛/knowledgeCity/common/lock.py", line 102, in release() 
[06] File "C:/Users/comba/Desktop/知识城地牛/knowledgeCity/common/enhance.py", line 268, in getTrace() 
[07] File "C:/Users/comba/Desktop/知识城地牛/knowledgeCity/common/enhance.py", line 248, in getThreadStack()
[DEBUG]2021-05-12 16:25:26,895: try connect 3F-ChaChe-AGV 172.16.217.121:19204
[CRITICAL]2021-05-12 16:25:29,673: readDIList error cause a error: ('http get', 'http://127.0.0.1:8999/api/remoteio/readDOList', {'id': 'upStation01'}, 'error:', 'timed out')
pid=16396, ppid=13696, tid=19152
Traceback (most recent call last):
  File "C:\Users\comba\Desktop\知识城地牛\knowledgeCity\common\webutility.py", line 103, in http_get
    f = urllib.request.urlopen(u,timeout=timeout)
  File "C:\Users\comba\AppData\Local\Programs\Python\Python37\lib\urllib\request.py", line 222, in urlopen
    return opener.open(url, data, timeout)
  File "C:\Users\comba\AppData\Local\Programs\Python\Python37\lib\urllib\request.py", line 525, in open
    response = self._open(req, data)
  File "C:\Users\comba\AppData\Local\Programs\Python\Python37\lib\urllib\request.py", line 543, in _open
    '_open', req)
  File "C:\Users\comba\AppData\Local\Programs\Python\Python37\lib\urllib\request.py", line 503, in _call_chain
    result = func(*args)
  File "C:\Users\comba\AppData\Local\Programs\Python\Python37\lib\urllib\request.py", line 1345, in http_open
    return self.do_open(http.client.HTTPConnection, req)
  File "C:\Users\comba\AppData\Local\Programs\Python\Python37\lib\urllib\request.py", line 1320, in do_open
    r = h.getresponse()
  File "C:\Users\comba\AppData\Local\Programs\Python\Python37\lib\http\client.py", line 1321, in getresponse
    response.begin()
  File "C:\Users\comba\AppData\Local\Programs\Python\Python37\lib\http\client.py", line 296, in begin
    version, status, reason = self._read_status()
  File "C:\Users\comba\AppData\Local\Programs\Python\Python37\lib\http\client.py", line 257, in _read_status
    line = str(self.fp.readline(_MAXLINE + 1), "iso-8859-1")
  File "C:\Users\comba\AppData\Local\Programs\Python\Python37\lib\socket.py", line 589, in readinto
    return self._sock.recv_into(b)
socket.timeout: timed out

During handling of the above exception, another exception occurred:

Traceback (most recent call last):
  File "C:\Users\comba\Desktop\知识城地牛\knowledgeCity\autoCtrl\deviceCtrl.py", line 71, in _monitorDevices
    s1 = ioApi.readDOList(devices[d]["io1"])["status"] #上板机
  File "..\remoteio\remoteioApi.py", line 73, in readDOList
    return _remoteio('/api/remoteio/readDOList', id, param)
  File "..\remoteio\remoteioApi.py", line 100, in _remoteio
    return http_get(url + apiurl, param)
  File "..\remoteio\remoteioApi.py", line 16, in http_get
    r = webutility.http_get(url, param)
  File "C:\Users\comba\Desktop\知识城地牛\knowledgeCity\common\webutility.py", line 105, in http_get
    raise Exception("http get",url,params,"error:",str(e))
Exception: ('http get', 'http://127.0.0.1:8999/api/remoteio/readDOList', {'id': 'upStation01'}, 'error:', 'timed out')

[DEBUG]2021-05-12 16:25:30,160: Jiaju-AGV set loc comba-ZXC-F3.LM20 ,old LM19 (6.06,6.14)
[WARN]2021-05-12 16:25:35,687: worker 9[tid:8848] <locked _thread.RLock object owner=8848 count=1 at 0x00000175206436E8> ,hold 21017 ms
[ERROR]2021-05-12 16:25:36,910: connect 3F-ChaChe-AGV failed timed out
[CRITICAL]2021-05-12 16:26:13,530: checkFinish cause a error: ('http get', 'http://127.0.0.1:8999/api/agv/taskStatus', {'taskId': '609b839673dabd21b0330e71_2', 'appName': 'akmTask'}, 'error:', 'timed out')
pid=16396, ppid=13696, tid=1844
Traceback (most recent call last):
  File "C:\Users\comba\Desktop\知识城地牛\knowledgeCity\common\webutility.py", line 103, in http_get
    f = urllib.request.urlopen(u,timeout=timeout)
  File "C:\Users\comba\AppData\Local\Programs\Python\Python37\lib\urllib\request.py", line 222, in urlopen
    return opener.open(url, data, timeout)
  File "C:\Users\comba\AppData\Local\Programs\Python\Python37\lib\urllib\request.py", line 525, in open
    response = self._open(req, data)
  File "C:\Users\comba\AppData\Local\Programs\Python\Python37\lib\urllib\request.py", line 543, in _open
    '_open', req)
  File "C:\Users\comba\AppData\Local\Programs\Python\Python37\lib\urllib\request.py", line 503, in _call_chain
    result = func(*args)
  File "C:\Users\comba\AppData\Local\Programs\Python\Python37\lib\urllib\request.py", line 1345, in http_open
    return self.do_open(http.client.HTTPConnection, req)
  File "C:\Users\comba\AppData\Local\Programs\Python\Python37\lib\urllib\request.py", line 1320, in do_open
    r = h.getresponse()
  File "C:\Users\comba\AppData\Local\Programs\Python\Python37\lib\http\client.py", line 1321, in getresponse
    response.begin()
  File "C:\Users\comba\AppData\Local\Programs\Python\Python37\lib\http\client.py", line 296, in begin
    version, status, reason = self._read_status()
  File "C:\Users\comba\AppData\Local\Programs\Python\Python37\lib\http\client.py", line 257, in _read_status
    line = str(self.fp.readline(_MAXLINE + 1), "iso-8859-1")
  File "C:\Users\comba\AppData\Local\Programs\Python\Python37\lib\socket.py", line 589, in readinto
    return self._sock.recv_into(b)
socket.timeout: timed out

During handling of the above exception, another exception occurred:

Traceback (most recent call last):
  File "..\agvCtrl\agvApi.py", line 243, in _checkFinish
    status = getTaskStatus(ids)
  File "..\agvCtrl\agvApi.py", line 74, in getTaskStatus
    return _http_get(url + '/api/agv/taskStatus',{"taskId": taskId})["taskList"]
  File "..\agvCtrl\agvApi.py", line 61, in _http_get
    r = webutility.http_get(url, param, timeout=45,writelog=False)
  File "C:\Users\comba\Desktop\知识城地牛\knowledgeCity\common\webutility.py", line 105, in http_get
    raise Exception("http get",url,params,"error:",str(e))
Exception: ('http get', 'http://127.0.0.1:8999/api/agv/taskStatus', {'taskId': '609b839673dabd21b0330e71_2', 'appName': 'akmTask'}, 'error:', 'timed out')

[INFO]2021-05-12 16:28:15,520: 3F-ChaChe-AGV checkLink failed 172.16.217.121 19204
[INFO]2021-05-12 16:28:15,521: name=worker 9, pid=16396, tid=8848
[01] File "C:/Users/comba/AppData/Local/Programs/Python/Python37/lib/threading.py", line 865, in run() 
[02] File "C:/Users/comba/AppData/Local/Programs/Python/Python37/lib/site-packages/paste/httpserver.py", line 895, in worker_thread_callback() 
[03] File "C:/Users/comba/AppData/Local/Programs/Python/Python37/lib/site-packages/paste/httpserver.py", line 1069, in <lambda>() 
[04] File "C:/Users/comba/AppData/Local/Programs/Python/Python37/lib/site-packages/paste/httpserver.py", line 1085, in process_request_in_thread() 
[05] File "C:/Users/comba/AppData/Local/Programs/Python/Python37/lib/socketserver.py", line 357, in finish_request() 
[06] File "C:/Users/comba/AppData/Local/Programs/Python/Python37/lib/socketserver.py", line 717, in __init__() 
[07] File "C:/Users/comba/AppData/Local/Programs/Python/Python37/lib/site-packages/paste/httpserver.py", line 459, in handle() 
[08] File "C:/Users/comba/AppData/Local/Programs/Python/Python37/lib/http/server.py", line 426, in handle() 
[09] File "C:/Users/comba/AppData/Local/Programs/Python/Python37/lib/site-packages/paste/httpserver.py", line 454, in handle_one_request() 
[10] File "C:/Users/comba/AppData/Local/Programs/Python/Python37/lib/site-packages/paste/httpserver.py", line 304, in wsgi_execute() 
[11] File "C:/Users/comba/AppData/Local/Programs/Python/Python37/lib/site-packages/paste/translogger.py", line 69, in __call__() 
[12] File "C:/Users/comba/AppData/Local/Programs/Python/Python37/lib/site-packages/bottle.py", line 979, in __call__() 
[13] File "C:/Users/comba/AppData/Local/Programs/Python/Python37/lib/site-packages/bottle.py", line 954, in wsgi() 
[14] File "C:/Users/comba/AppData/Local/Programs/Python/Python37/lib/site-packages/bottle.py", line 862, in _handle() 
[15] File "C:/Users/comba/AppData/Local/Programs/Python/Python37/lib/site-packages/bottle.py", line 1742, in wrapper() 
[16] File "C:/Users/comba/Desktop/知识城地牛/knowledgeCity/common/webutility.py", line 465, in _enable_cors() 
[17] File "C:/Users/comba/Desktop/知识城地牛/knowledgeCity/common/webutility.py", line 481, in _enable_cors() 
[18] File "C:/Users/comba/Desktop/知识城地牛/knowledgeCity/common/scadaUtility.py", line 45, in __call() 
[19] File "C:/Users/comba/Desktop/知识城地牛/knowledgeCity/remoteio/main_remoteio.py", line 87, in urlReadDOList() 
[20] File "../remoteio/remoteioMgr.py", line 158, in readDOList() 
[21] File "../remoteio/remoteioMgr.py", line 262, in readDOList() 
[22] File "C:/Users/comba/Desktop/知识城地牛/knowledgeCity/common/lock.py", line 124, in _call() 
[23] File "C:/Users/comba/Desktop/知识城地牛/knowledgeCity/common/lock.py", line 102, in release() 
[24] File "C:/Users/comba/Desktop/知识城地牛/knowledgeCity/common/enhance.py", line 268, in getTrace() 
[25] File "C:/Users/comba/Desktop/知识城地牛/knowledgeCity/common/enhance.py", line 248, in getThreadStack()
[WARN]2021-05-12 16:28:15,522: agvThread.3F-ChaChe-AGV[tid:12568] <lock name:agv.3F-ChaChe-AGV.lock_status,<locked _thread.RLock object owner=12568 count=1 at 0x000001751F190D00>> ,hold 168627 ms
[CRITICAL]2021-05-12 16:28:15,528: upStation01 readDIList fail cause a error: [WinError 10060] 由于连接方在一段时间后没有正确答复或连接的主机没有反应，连接尝试失败。
pid=16396, ppid=13696, tid=8848
Traceback (most recent call last):
  File "..\remoteio\remoteioMgr.py", line 262, in readDOList
    return self._read(M30, IO_LENTH)
  File "C:\Users\comba\Desktop\知识城地牛\knowledgeCity\common\lock.py", line 122, in _call
    return func(*p,**pp)
  File "..\remoteio\remoteioMgr.py", line 311, in _read
    self.master.open()
  File "C:\Users\comba\Desktop\知识城地牛\knowledgeCity\common\modbusapi.py", line 60, in open
    self.master.open()
  File "C:\Users\comba\AppData\Local\Programs\Python\Python37\lib\site-packages\modbus_tk\modbus.py", line 99, in open
    self._do_open()
  File "C:\Users\comba\AppData\Local\Programs\Python\Python37\lib\site-packages\modbus_tk\modbus_tcp.py", line 173, in _do_open
    self._sock.connect((self._host, self._port))
TimeoutError: [WinError 10060] 由于连接方在一段时间后没有正确答复或连接的主机没有反应，连接尝试失败。

[INFO]2021-05-12 16:28:15,529: name=agvThread.3F-ChaChe-AGV, pid=16396, tid=12568
[01] File "C:/Users/comba/AppData/Local/Programs/Python/Python37/lib/threading.py", line 865, in run() 
[02] File "C:/Users/comba/Desktop/知识城地牛/knowledgeCity/agvCtrl/agvList.py", line 565, in run() 
[03] File "../driver/seerAgv/agvCtrl.py", line 36, in checkLink() 
[04] File "../driver/seerAgv/agvApi.py", line 185, in checkLink() 
[05] File "C:/Users/comba/Desktop/知识城地牛/knowledgeCity/common/lock.py", line 102, in release() 
[06] File "C:/Users/comba/Desktop/知识城地牛/knowledgeCity/common/enhance.py", line 268, in getTrace() 
[07] File "C:/Users/comba/Desktop/知识城地牛/knowledgeCity/common/enhance.py", line 248, in getThreadStack()
[CRITICAL]2021-05-12 16:28:15,534: invoke <function urlReadDOList at 0x000001751F1B49D8> cause a error: [WinError 10060] 由于连接方在一段时间后没有正确答复或连接的主机没有反应，连接尝试失败。
pid=16396, ppid=13696, tid=8848
Traceback (most recent call last):
  File "C:\Users\comba\Desktop\知识城地牛\knowledgeCity\common\scadaUtility.py", line 45, in __call
    ret = func(*p,**pp)
  File "C:\Users\comba\Desktop\知识城地牛\knowledgeCity\remoteio\main_remoteio.py", line 87, in urlReadDOList
    return ioMgr.readDOList(id)
  File "..\remoteio\remoteioMgr.py", line 158, in readDOList
    result=remoteioInfo.readDOList()
  File "..\remoteio\remoteioMgr.py", line 262, in readDOList
    return self._read(M30, IO_LENTH)
  File "C:\Users\comba\Desktop\知识城地牛\knowledgeCity\common\lock.py", line 122, in _call
    return func(*p,**pp)
  File "..\remoteio\remoteioMgr.py", line 311, in _read
    self.master.open()
  File "C:\Users\comba\Desktop\知识城地牛\knowledgeCity\common\modbusapi.py", line 60, in open
    self.master.open()
  File "C:\Users\comba\AppData\Local\Programs\Python\Python37\lib\site-packages\modbus_tk\modbus.py", line 99, in open
    self._do_open()
  File "C:\Users\comba\AppData\Local\Programs\Python\Python37\lib\site-packages\modbus_tk\modbus_tcp.py", line 173, in _do_open
    self._sock.connect((self._host, self._port))
TimeoutError: [WinError 10060] 由于连接方在一段时间后没有正确答复或连接的主机没有反应，连接尝试失败。

[DEBUG]2021-05-12 16:28:16,050: Jiaju-AGV set loc comba-ZXC-F3.LM21 ,old LM20 (9.19,6.17)
[DEBUG]2021-05-12 16:28:16,107: Jiaju-AGV turn to wait check cur LM21 next LM17 0 False
[INFO]2021-05-12 16:28:16,522: remoteio is alarm: ['upStation01', 'downStation01']
[DEBUG]2021-05-12 16:28:16,624: agvInfo: Jiaju-AGV comba-ZXC-F3.LM21 move to comba-ZXC-F3.LM17 ,taskId 609b839673dabd21b0330e71_2
[DEBUG]2021-05-12 16:28:17,537: try connect 3F-ChaChe-AGV 172.16.217.121:19204
[DEBUG]2021-05-12 16:28:18,234: Jiaju-AGV turn to wait check cur LM21 next AP18 0.452 False
[INFO]2021-05-12 16:28:18,638: remoteio is alarm: ['upStation01', 'downStation01']
[DEBUG]2021-05-12 16:28:18,756: agvInfo: Jiaju-AGV comba-ZXC-F3.LM21 move to comba-ZXC-F3.AP18 ,taskId 609b839673dabd21b0330e71_2
[DEBUG]2021-05-12 16:28:25,611: Jiaju-AGV set loc comba-ZXC-F3.LM17 ,old LM21 (9.19,5.84)
[DEBUG]2021-05-12 16:28:26,037: Jiaju-AGV choise next pos cur LM17 next AP22 pre AP18 1.978 False
[DEBUG]2021-05-12 16:28:26,039: Jiaju-AGV turn to wait check cur LM17 next AP22 1.978 False
[INFO]2021-05-12 16:28:26,546: -----------------------------走了oncheck中的movejackup-----------------------------------------
[DEBUG]2021-05-12 16:28:26,547: agvInfo: Jiaju-AGV comba-ZXC-F3.LM17 move jackup to comba-ZXC-F3.AP22 ,taskId 609b839673dabd21b0330e71_2
[INFO]2021-05-12 16:28:26,547: if中的gotargetanddowork
[INFO]2021-05-12 16:28:26,548: 1
[INFO]2021-05-12 16:28:26,548: {'id': 'AP22', 'operation': 'ForkLoad', 'recognize': False, 'use_pgv': False}
[ERROR]2021-05-12 16:28:27,541: connect 3F-ChaChe-AGV failed timed out
[INFO]2021-05-12 16:28:27,542: 3F-ChaChe-AGV checkLink failed 172.16.217.121 19204
[WARN]2021-05-12 16:28:27,542: agvThread.3F-ChaChe-AGV[tid:12568] <lock name:agv.3F-ChaChe-AGV.lock_status,<locked _thread.RLock object owner=12568 count=1 at 0x000001751F190D00>> ,hold 10005 ms
[INFO]2021-05-12 16:28:27,544: name=agvThread.3F-ChaChe-AGV, pid=16396, tid=12568
[01] File "C:/Users/comba/AppData/Local/Programs/Python/Python37/lib/threading.py", line 865, in run() 
[02] File "C:/Users/comba/Desktop/知识城地牛/knowledgeCity/agvCtrl/agvList.py", line 565, in run() 
[03] File "../driver/seerAgv/agvCtrl.py", line 36, in checkLink() 
[04] File "../driver/seerAgv/agvApi.py", line 185, in checkLink() 
[05] File "C:/Users/comba/Desktop/知识城地牛/knowledgeCity/common/lock.py", line 102, in release() 
[06] File "C:/Users/comba/Desktop/知识城地牛/knowledgeCity/common/enhance.py", line 268, in getTrace() 
[07] File "C:/Users/comba/Desktop/知识城地牛/knowledgeCity/common/enhance.py", line 248, in getThreadStack()
[DEBUG]2021-05-12 16:28:29,546: try connect 3F-ChaChe-AGV 172.16.217.121:19204
[INFO]2021-05-12 16:28:29,822: remoteio is alarm: ['upStation01', 'downStation01']
[DEBUG]2021-05-12 16:28:36,198: Jiaju-AGV set loc comba-ZXC-F3.AP18 ,old LM17 (7.81,5.74)
[ERROR]2021-05-12 16:28:36,752: raise alarm obj=Jiaju-AGV, typeId=55501, desc=AGV异常, id=609b91b49dff6ea52d2673dc
[WARN]2021-05-12 16:28:36,789: Jiaju-AGV clear task,taskId= 609b839673dabd21b0330e71_2 map= comba-ZXC-F3 paths= LM19,LM20,LM21,LM17,AP18,AP22 task_status= 5
[WARN]2021-05-12 16:28:37,791: Jiaju-AGV clear task finish, cur= comba-ZXC-F3.AP18 task_status= 5
[ERROR]2021-05-12 16:28:39,547: connect 3F-ChaChe-AGV failed timed out
[INFO]2021-05-12 16:28:39,550: 3F-ChaChe-AGV checkLink failed 172.16.217.121 19204
[WARN]2021-05-12 16:28:39,553: agvThread.3F-ChaChe-AGV[tid:12568] <lock name:agv.3F-ChaChe-AGV.lock_status,<locked _thread.RLock object owner=12568 count=1 at 0x000001751F190D00>> ,hold 10007 ms
[INFO]2021-05-12 16:28:39,554: name=agvThread.3F-ChaChe-AGV, pid=16396, tid=12568
[01] File "C:/Users/comba/AppData/Local/Programs/Python/Python37/lib/threading.py", line 865, in run() 
[02] File "C:/Users/comba/Desktop/知识城地牛/knowledgeCity/agvCtrl/agvList.py", line 565, in run() 
[03] File "../driver/seerAgv/agvCtrl.py", line 36, in checkLink() 
[04] File "../driver/seerAgv/agvApi.py", line 185, in checkLink() 
[05] File "C:/Users/comba/Desktop/知识城地牛/knowledgeCity/common/lock.py", line 102, in release() 
[06] File "C:/Users/comba/Desktop/知识城地牛/knowledgeCity/common/enhance.py", line 268, in getTrace() 
[07] File "C:/Users/comba/Desktop/知识城地牛/knowledgeCity/common/enhance.py", line 248, in getThreadStack()
[WARN]2021-05-12 16:28:39,798: Jiaju-AGV clear task finish, cur= comba-ZXC-F3.AP18 task_status= 5
[CRITICAL]2021-05-12 16:28:39,804: agv thread cause a error: Jiaju-AGV执行move AP22失败,taskId:609b839673dabd21b0330e71_2
pid=16396, ppid=13696, tid=6564

[ERROR]2021-05-12 16:28:39,805: Jiaju-AGV failed to arrived comba-ZXC-F3.AP22 ,task: 609b839673dabd21b0330e71_2 error Jiaju-AGV执行move AP22失败,taskId:609b839673dabd21b0330e71_2
[INFO]2021-05-12 16:28:39,854: task: move finish callback *task[609b839673dabd21b0330e71][Jiaju-AGV] AP22(LM17) -> AP18(LM17) [loadPlayload]
[WARN]2021-05-12 16:28:39,856: task[609b839673dabd21b0330e71]:  error {'failMsg': 'Jiaju-AGV执行move AP22失败,taskId:609b839673dabd21b0330e71_2', 'endTime': datetime.datetime(2021, 5, 12, 16, 28, 39, 855465), 'status': 'error'}
[INFO]2021-05-12 16:28:40,066: *task[609b839673dabd21b0330e71][Jiaju-AGV] AP22(LM17) -> AP18(LM17) [loadPlayload] Jiaju-AGV release task, release agv True True False
[DEBUG]2021-05-12 16:28:40,079: GET: http://127.0.0.1:8999/api/agv/isLocked?agv=Jiaju-AGV&appName=akmTask&taskId=609b839673dabd21b0330e71 addr: 127.0.0.1
[DEBUG]2021-05-12 16:28:40,080: used 1ms 200 OK application/json;charset=utf-8, GET: http://127.0.0.1:8999/api/agv/isLocked?agv=Jiaju-AGV&appName=akmTask&taskId=609b839673dabd21b0330e71
[DEBUG]2021-05-12 16:28:40,093: GET: http://127.0.0.1:8999/api/agv/release?agv=Jiaju-AGV&appName=akmTask&force=False&taskId=609b839673dabd21b0330e71 addr: 127.0.0.1
[DEBUG]2021-05-12 16:28:40,094: unlock: Jiaju-AGV taskId 609b839673dabd21b0330e71 app akmTask force False
[DEBUG]2021-05-12 16:28:40,094: used 1ms 200 OK application/json;charset=utf-8, GET: http://127.0.0.1:8999/api/agv/release?agv=Jiaju-AGV&appName=akmTask&force=False&taskId=609b839673dabd21b0330e71
[INFO]2021-05-12 16:28:40,096: *task[609b839673dabd21b0330e71][Jiaju-AGV] AP22(LM17) -> AP18(LM17) [loadPlayload] let Jiaju-AGV gohome
[DEBUG]2021-05-12 16:28:40,109: GET: http://127.0.0.1:8999/api/agv/goHome?agv=Jiaju-AGV&appName=akmTask&force=False&timeout=10800 addr: 127.0.0.1
[INFO]2021-05-12 16:28:40,110: Jiaju-AGV gohome home_2 force False taskId home_2 : Jiaju-AGV.AP18 -> comba-ZXC-F3.LM20
[INFO]2021-05-12 16:28:40,111: ----------------------------------move---------------------------------------------------
[INFO]2021-05-12 16:28:40,111: ------------------------------_func---------------------------------------------------
[INFO]2021-05-12 16:28:40,116: Begin: Jiaju-AGV move from comba-ZXC-F3.AP18 to comba-ZXC-F3.LM20 by paths: [('comba-ZXC-F3', ['AP18', 'AP22', 'LM19', 'LM20'], 2.1293487257932187)] task: home_2 timeout 10800 used 5 ms
[DEBUG]2021-05-12 16:28:40,116: used 7ms 200 OK application/json;charset=utf-8, GET: http://127.0.0.1:8999/api/agv/goHome?agv=Jiaju-AGV&appName=akmTask&force=False&timeout=10800
[INFO]2021-05-12 16:28:40,118: task: stop *task[609b839673dabd21b0330e71][-] AP22(LM17) -> AP18(LM17) [loadPlayload]
[INFO]2021-05-12 16:28:40,344: remoteio is alarm: ['upStation01', 'downStation01']
[DEBUG]2021-05-12 16:28:41,008: agvInfo: Jiaju-AGV comba-ZXC-F3.AP18 move to comba-ZXC-F3.AP22 ,taskId home_2
[DEBUG]2021-05-12 16:28:41,555: try connect 3F-ChaChe-AGV 172.16.217.121:19204
[WARN]2021-05-12 16:28:44,194: clear alarm obj=Jiaju-AGV, typeId=55501, id=609b91b49dff6ea52d2673dc
[DEBUG]2021-05-12 16:28:44,419: Jiaju-AGV choise next pos cur AP18 next LM19 pre AP22 1.582 False
[DEBUG]2021-05-12 16:28:44,471: Jiaju-AGV turn to wait check cur AP18 next LM19 1.582 False
[DEBUG]2021-05-12 16:28:45,216: agvInfo: Jiaju-AGV comba-ZXC-F3.AP18 move to comba-ZXC-F3.LM19 ,taskId home_2
[DEBUG]2021-05-12 16:28:46,160: Jiaju-AGV set loc comba-ZXC-F3.AP22 ,old AP18 (7.33,5.76)
[DEBUG]2021-05-12 16:28:48,017: Jiaju-AGV turn to wait check cur AP22 next LM20 0.805 False
[DEBUG]2021-05-12 16:28:48,787: agvInfo: Jiaju-AGV comba-ZXC-F3.AP22 move to comba-ZXC-F3.LM20 ,taskId home_2
[DEBUG]2021-05-12 16:28:49,789: Jiaju-AGV set loc comba-ZXC-F3.LM19 ,old AP22 (6.19,5.79)
[INFO]2021-05-12 16:28:51,062: remoteio is alarm: ['upStation01', 'downStation01']
[ERROR]2021-05-12 16:28:53,737: connect 3F-ChaChe-AGV failed timed out
[INFO]2021-05-12 16:28:53,761: 3F-ChaChe-AGV checkLink failed 172.16.217.121 19204
[WARN]2021-05-12 16:28:53,784: agvThread.3F-ChaChe-AGV[tid:12568] <lock name:agv.3F-ChaChe-AGV.lock_status,<locked _thread.RLock object owner=12568 count=1 at 0x000001751F190D00>> ,hold 12229 ms
[INFO]2021-05-12 16:28:53,903: name=agvThread.3F-ChaChe-AGV, pid=16396, tid=12568
[01] File "C:/Users/comba/AppData/Local/Programs/Python/Python37/lib/threading.py", line 865, in run() 
[02] File "C:/Users/comba/Desktop/知识城地牛/knowledgeCity/agvCtrl/agvList.py", line 565, in run() 
[03] File "../driver/seerAgv/agvCtrl.py", line 36, in checkLink() 
[04] File "../driver/seerAgv/agvApi.py", line 185, in checkLink() 
[05] File "C:/Users/comba/Desktop/知识城地牛/knowledgeCity/common/lock.py", line 102, in release() 
[06] File "C:/Users/comba/Desktop/知识城地牛/knowledgeCity/common/enhance.py", line 268, in getTrace() 
[07] File "C:/Users/comba/Desktop/知识城地牛/knowledgeCity/common/enhance.py", line 248, in getThreadStack()
[DEBUG]2021-05-12 16:28:55,951: try connect 3F-ChaChe-AGV 172.16.217.121:19204
[DEBUG]2021-05-12 16:28:57,498: Jiaju-AGV set loc comba-ZXC-F3.LM20 ,old LM19 (6.05,6.18)
[WARN]2021-05-12 16:28:57,628: Jiaju-AGV waitFinish status error: LM20 ,target= LM20 task_status= 2
[WARN]2021-05-12 16:28:58,156: Jiaju-AGV waitFinish status error: LM20 ,target= LM20 task_status= 2
[WARN]2021-05-12 16:28:58,721: Jiaju-AGV waitFinish status error: LM20 ,target= LM20 task_status= 2
[WARN]2021-05-12 16:28:59,252: Jiaju-AGV waitFinish status error: LM20 ,target= LM20 task_status= 2
[WARN]2021-05-12 16:28:59,792: Jiaju-AGV waitFinish status error: LM20 ,target= LM20 task_status= 2
[WARN]2021-05-12 16:29:00,330: Jiaju-AGV waitFinish status error: LM20 ,target= LM20 task_status= 2
[WARN]2021-05-12 16:29:00,852: Jiaju-AGV waitFinish status error: LM20 ,target= LM20 task_status= 2
[WARN]2021-05-12 16:29:01,401: Jiaju-AGV waitFinish status error: LM20 ,target= LM20 task_status= 2
[INFO]2021-05-12 16:29:01,726: remoteio is alarm: ['upStation01', 'downStation01']
[WARN]2021-05-12 16:29:01,919: Jiaju-AGV waitFinish status error: LM20 ,target= LM20 task_status= 2
[WARN]2021-05-12 16:29:02,447: Jiaju-AGV waitFinish status error: LM20 ,target= LM20 task_status= 2
[WARN]2021-05-12 16:29:02,985: Jiaju-AGV waitFinish status error: LM20 ,target= LM20 task_status= 2
[WARN]2021-05-12 16:29:03,522: Jiaju-AGV waitFinish status error: LM20 ,target= LM20 task_status= 2
[WARN]2021-05-12 16:29:04,056: Jiaju-AGV waitFinish status error: LM20 ,target= LM20 task_status= 2
[SUCC]2021-05-12 16:29:05,602: Finish:  Jiaju-AGV arrived comba-ZXC-F3.LM20 ,task: home_2
[DEBUG]2021-05-12 16:29:05,631: unlock: Jiaju-AGV taskId None app None force False
[ERROR]2021-05-12 16:29:06,045: connect 3F-ChaChe-AGV failed timed out
[INFO]2021-05-12 16:29:06,075: 3F-ChaChe-AGV checkLink failed 172.16.217.121 19204
[WARN]2021-05-12 16:29:06,121: agvThread.3F-ChaChe-AGV[tid:12568] <lock name:agv.3F-ChaChe-AGV.lock_status,<locked _thread.RLock object owner=12568 count=1 at 0x000001751F190D00>> ,hold 10170 ms
[INFO]2021-05-12 16:29:06,192: name=agvThread.3F-ChaChe-AGV, pid=16396, tid=12568
[01] File "C:/Users/comba/AppData/Local/Programs/Python/Python37/lib/threading.py", line 865, in run() 
[02] File "C:/Users/comba/Desktop/知识城地牛/knowledgeCity/agvCtrl/agvList.py", line 565, in run() 
[03] File "../driver/seerAgv/agvCtrl.py", line 36, in checkLink() 
[04] File "../driver/seerAgv/agvApi.py", line 185, in checkLink() 
[05] File "C:/Users/comba/Desktop/知识城地牛/knowledgeCity/common/lock.py", line 102, in release() 
[06] File "C:/Users/comba/Desktop/知识城地牛/knowledgeCity/common/enhance.py", line 268, in getTrace() 
[07] File "C:/Users/comba/Desktop/知识城地牛/knowledgeCity/common/enhance.py", line 248, in getThreadStack()
[DEBUG]2021-05-12 16:29:08,238: try connect 3F-ChaChe-AGV 172.16.217.121:19204
[INFO]2021-05-12 16:29:12,456: remoteio is alarm: ['upStation01', 'downStation01']
[ERROR]2021-05-12 16:29:18,326: connect 3F-ChaChe-AGV failed timed out
[INFO]2021-05-12 16:29:23,164: remoteio is alarm: ['upStation01', 'downStation01']
[INFO]2021-05-12 16:32:14,166: name=Thread-3, pid=16396, tid=1844
[01] File "C:/Users/comba/AppData/Local/Programs/Python/Python37/lib/threading.py", line 865, in run() 
[02] File "../agvCtrl/agvApi.py", line 237, in _checkFinish() 

name=agv.hasDeadlock, pid=16396, tid=18640
[01] File "C:/Users/comba/AppData/Local/Programs/Python/Python37/lib/threading.py", line 865, in run() 
[02] File "C:/Users/comba/Desktop/知识城地牛/knowledgeCity/agvCtrl/agvControl.py", line 1020, in _threadFunc() 

name=worker 9, pid=16396, tid=8848
[01] File "C:/Users/comba/AppData/Local/Programs/Python/Python37/lib/threading.py", line 865, in run() 
[02] File "C:/Users/comba/AppData/Local/Programs/Python/Python37/lib/site-packages/paste/httpserver.py", line 895, in worker_thread_callback() 
[03] File "C:/Users/comba/AppData/Local/Programs/Python/Python37/lib/site-packages/paste/httpserver.py", line 1069, in <lambda>() 
[04] File "C:/Users/comba/AppData/Local/Programs/Python/Python37/lib/site-packages/paste/httpserver.py", line 1085, in process_request_in_thread() 
[05] File "C:/Users/comba/AppData/Local/Programs/Python/Python37/lib/socketserver.py", line 357, in finish_request() 
[06] File "C:/Users/comba/AppData/Local/Programs/Python/Python37/lib/socketserver.py", line 717, in __init__() 
[07] File "C:/Users/comba/AppData/Local/Programs/Python/Python37/lib/site-packages/paste/httpserver.py", line 459, in handle() 
[08] File "C:/Users/comba/AppData/Local/Programs/Python/Python37/lib/http/server.py", line 426, in handle() 
[09] File "C:/Users/comba/AppData/Local/Programs/Python/Python37/lib/site-packages/paste/httpserver.py", line 448, in handle_one_request() 
[10] File "C:/Users/comba/AppData/Local/Programs/Python/Python37/lib/socket.py", line 589, in readinto() 

name=worker 8, pid=16396, tid=15860
[01] File "C:/Users/comba/AppData/Local/Programs/Python/Python37/lib/threading.py", line 865, in run() 
[02] File "C:/Users/comba/AppData/Local/Programs/Python/Python37/lib/site-packages/paste/httpserver.py", line 883, in worker_thread_callback() 
[03] File "C:/Users/comba/AppData/Local/Programs/Python/Python37/lib/queue.py", line 170, in get() 
[04] File "C:/Users/comba/AppData/Local/Programs/Python/Python37/lib/threading.py", line 296, in wait() 

name=worker 7, pid=16396, tid=12296
[01] File "C:/Users/comba/AppData/Local/Programs/Python/Python37/lib/threading.py", line 865, in run() 
[02] File "C:/Users/comba/AppData/Local/Programs/Python/Python37/lib/site-packages/paste/httpserver.py", line 883, in worker_thread_callback() 
[03] File "C:/Users/comba/AppData/Local/Programs/Python/Python37/lib/queue.py", line 170, in get() 
[04] File "C:/Users/comba/AppData/Local/Programs/Python/Python37/lib/threading.py", line 296, in wait() 

name=worker 6, pid=16396, tid=11420
[01] File "C:/Users/comba/AppData/Local/Programs/Python/Python37/lib/threading.py", line 865, in run() 
[02] File "C:/Users/comba/AppData/Local/Programs/Python/Python37/lib/site-packages/paste/httpserver.py", line 883, in worker_thread_callback() 
[03] File "C:/Users/comba/AppData/Local/Programs/Python/Python37/lib/queue.py", line 170, in get() 
[04] File "C:/Users/comba/AppData/Local/Programs/Python/Python37/lib/threading.py", line 296, in wait() 

name=worker 5, pid=16396, tid=18692
[01] File "C:/Users/comba/AppData/Local/Programs/Python/Python37/lib/threading.py", line 865, in run() 
[02] File "C:/Users/comba/AppData/Local/Programs/Python/Python37/lib/site-packages/paste/httpserver.py", line 883, in worker_thread_callback() 
[03] File "C:/Users/comba/AppData/Local/Programs/Python/Python37/lib/queue.py", line 170, in get() 
[04] File "C:/Users/comba/AppData/Local/Programs/Python/Python37/lib/threading.py", line 296, in wait() 

name=worker 4, pid=16396, tid=19368
[01] File "C:/Users/comba/AppData/Local/Programs/Python/Python37/lib/threading.py", line 865, in run() 
[02] File "C:/Users/comba/AppData/Local/Programs/Python/Python37/lib/site-packages/paste/httpserver.py", line 883, in worker_thread_callback() 
[03] File "C:/Users/comba/AppData/Local/Programs/Python/Python37/lib/queue.py", line 170, in get() 
[04] File "C:/Users/comba/AppData/Local/Programs/Python/Python37/lib/threading.py", line 296, in wait() 

name=worker 3, pid=16396, tid=17148
[01] File "C:/Users/comba/AppData/Local/Programs/Python/Python37/lib/threading.py", line 865, in run() 
[02] File "C:/Users/comba/AppData/Local/Programs/Python/Python37/lib/site-packages/paste/httpserver.py", line 883, in worker_thread_callback() 
[03] File "C:/Users/comba/AppData/Local/Programs/Python/Python37/lib/queue.py", line 170, in get() 
[04] File "C:/Users/comba/AppData/Local/Programs/Python/Python37/lib/threading.py", line 296, in wait() 

name=worker 2, pid=16396, tid=15076
[01] File "C:/Users/comba/AppData/Local/Programs/Python/Python37/lib/threading.py", line 865, in run() 
[02] File "C:/Users/comba/AppData/Local/Programs/Python/Python37/lib/site-packages/paste/httpserver.py", line 883, in worker_thread_callback() 
[03] File "C:/Users/comba/AppData/Local/Programs/Python/Python37/lib/queue.py", line 170, in get() 
[04] File "C:/Users/comba/AppData/Local/Programs/Python/Python37/lib/threading.py", line 296, in wait() 

name=worker 1, pid=16396, tid=13940
[01] File "C:/Users/comba/AppData/Local/Programs/Python/Python37/lib/threading.py", line 865, in run() 
[02] File "C:/Users/comba/AppData/Local/Programs/Python/Python37/lib/site-packages/paste/httpserver.py", line 883, in worker_thread_callback() 
[03] File "C:/Users/comba/AppData/Local/Programs/Python/Python37/lib/queue.py", line 170, in get() 
[04] File "C:/Users/comba/AppData/Local/Programs/Python/Python37/lib/threading.py", line 296, in wait() 

name=worker 0, pid=16396, tid=1676
[01] File "C:/Users/comba/AppData/Local/Programs/Python/Python37/lib/threading.py", line 865, in run() 
[02] File "C:/Users/comba/AppData/Local/Programs/Python/Python37/lib/site-packages/paste/httpserver.py", line 883, in worker_thread_callback() 
[03] File "C:/Users/comba/AppData/Local/Programs/Python/Python37/lib/queue.py", line 170, in get() 
[04] File "C:/Users/comba/AppData/Local/Programs/Python/Python37/lib/threading.py", line 296, in wait() 

name=Thread-2, pid=16396, tid=14792
[01] File "C:/Users/comba/AppData/Local/Programs/Python/Python37/lib/site-packages/bottle.py", line 3175, in run() 

name=agvThread2.1F-ChaChe-AGV, pid=16396, tid=10784
[01] File "C:/Users/comba/AppData/Local/Programs/Python/Python37/lib/threading.py", line 865, in run() 
[02] File "C:/Users/comba/Desktop/知识城地牛/knowledgeCity/agvCtrl/agvList.py", line 596, in run2() 

name=agvThread.1F-ChaChe-AGV, pid=16396, tid=18332
[01] File "C:/Users/comba/AppData/Local/Programs/Python/Python37/lib/threading.py", line 865, in run() 
[02] File "C:/Users/comba/Desktop/知识城地牛/knowledgeCity/agvCtrl/agvList.py", line 584, in run() 

name=agvThread2.Jiaju-AGV, pid=16396, tid=6564
[01] File "C:/Users/comba/AppData/Local/Programs/Python/Python37/lib/threading.py", line 865, in run() 
[02] File "C:/Users/comba/Desktop/知识城地牛/knowledgeCity/agvCtrl/agvList.py", line 596, in run2() 

name=agvThread.Jiaju-AGV, pid=16396, tid=11936
[01] File "C:/Users/comba/AppData/Local/Programs/Python/Python37/lib/threading.py", line 865, in run() 
[02] File "C:/Users/comba/Desktop/知识城地牛/knowledgeCity/agvCtrl/agvList.py", line 584, in run() 
[03] File "C:/Users/comba/Desktop/知识城地牛/knowledgeCity/agvCtrl/agvList.py", line 874, in readStatus1() 
[04] File "C:/Users/comba/Desktop/知识城地牛/knowledgeCity/agvCtrl/agvList.py", line 841, in _readStatus1() 
[05] File "../driver/seerAgv/agvCtrl.py", line 846, in readStatus1() 
[06] File "../driver/seerAgv/agvApi.py", line 196, in status() 
[07] File "../driver/seerAgv/agvApi.py", line 255, in _handle() 
[08] File "../driver/seerAgv/agvApi.py", line 291, in _request() 
[09] File "../driver/seerAgv/agvApi.py", line 316, in sendCmd() 
[10] File "../driver/seerAgv/agvApi.py", line 384, in _recv() 
[11] File "C:/Users/comba/Desktop/知识城地牛/knowledgeCity/common/tcpSocketLong.py", line 150, in recv() 
[12] File "C:/Users/comba/Desktop/知识城地牛/knowledgeCity/common/tcpSocketLong.py", line 99, in recv() 

name=agvThread2.3F-ChaChe-AGV, pid=16396, tid=18952
[01] File "C:/Users/comba/AppData/Local/Programs/Python/Python37/lib/threading.py", line 865, in run() 
[02] File "C:/Users/comba/Desktop/知识城地牛/knowledgeCity/agvCtrl/agvList.py", line 591, in run2() 

name=agvThread.3F-ChaChe-AGV, pid=16396, tid=12568
[01] File "C:/Users/comba/AppData/Local/Programs/Python/Python37/lib/threading.py", line 865, in run() 
[02] File "C:/Users/comba/Desktop/知识城地牛/knowledgeCity/agvCtrl/agvList.py", line 565, in run() 
[03] File "../driver/seerAgv/agvCtrl.py", line 36, in checkLink() 
[04] File "../driver/seerAgv/agvApi.py", line 181, in checkLink() 
[05] File "../driver/seerAgv/agvApi.py", line 377, in _getClient() 
[06] File "C:/Users/comba/Desktop/知识城地牛/knowledgeCity/common/tcpSocketLong.py", line 115, in _getClient() 
[07] File "C:/Users/comba/Desktop/知识城地牛/knowledgeCity/common/tcpSocketLong.py", line 56, in doConnect() 
[08] File "C:/Users/comba/Desktop/知识城地牛/knowledgeCity/common/log.py", line 234, in error() 
[09] File "C:/Users/comba/AppData/Local/Programs/Python/Python37/lib/logging/__init__.py", line 1361, in error() 
[10] File "C:/Users/comba/AppData/Local/Programs/Python/Python37/lib/logging/__init__.py", line 1468, in _log() 
[11] File "C:/Users/comba/AppData/Local/Programs/Python/Python37/lib/logging/__init__.py", line 1478, in handle() 
[12] File "C:/Users/comba/AppData/Local/Programs/Python/Python37/lib/logging/__init__.py", line 1540, in callHandlers() 
[13] File "C:/Users/comba/AppData/Local/Programs/Python/Python37/lib/logging/__init__.py", line 854, in handle() 
[14] File "C:/Users/comba/Desktop/知识城地牛/knowledgeCity/common/winConsole.py", line 104, in emit() 
[15] File "C:/Users/comba/Desktop/知识城地牛/knowledgeCity/common/winConsole.py", line 74, in printColor() 

name=agvThread2.Wuliao-AGV, pid=16396, tid=16860
[01] File "C:/Users/comba/AppData/Local/Programs/Python/Python37/lib/threading.py", line 865, in run() 
[02] File "C:/Users/comba/Desktop/知识城地牛/knowledgeCity/agvCtrl/agvList.py", line 596, in run2() 

name=agvThread.Wuliao-AGV, pid=16396, tid=17852
[01] File "C:/Users/comba/AppData/Local/Programs/Python/Python37/lib/threading.py", line 865, in run() 
[02] File "C:/Users/comba/Desktop/知识城地牛/knowledgeCity/agvCtrl/agvList.py", line 584, in run() 

name=timer_thread, pid=16396, tid=19152
[01] File "C:/Users/comba/AppData/Local/Programs/Python/Python37/lib/threading.py", line 865, in run() 
[02] File "C:/Users/comba/Desktop/知识城地牛/knowledgeCity/common/mytimer.py", line 113, in _loop() 
[03] File "C:/Users/comba/Desktop/知识城地牛/knowledgeCity/autoCtrl/deviceCtrl.py", line 151, in _loadDevicesAlarm() 
[04] File "C:/Users/comba/Desktop/知识城地牛/knowledgeCity/common/log.py", line 211, in info() 
[05] File "C:/Users/comba/AppData/Local/Programs/Python/Python37/lib/logging/__init__.py", line 1332, in info() 
[06] File "C:/Users/comba/AppData/Local/Programs/Python/Python37/lib/logging/__init__.py", line 1468, in _log() 
[07] File "C:/Users/comba/AppData/Local/Programs/Python/Python37/lib/logging/__init__.py", line 1478, in handle() 
[08] File "C:/Users/comba/AppData/Local/Programs/Python/Python37/lib/logging/__init__.py", line 1540, in callHandlers() 
[09] File "C:/Users/comba/AppData/Local/Programs/Python/Python37/lib/logging/__init__.py", line 852, in handle() 
[10] File "C:/Users/comba/AppData/Local/Programs/Python/Python37/lib/logging/__init__.py", line 803, in acquire() 

name=remoteio.ping, pid=16396, tid=13660
[01] File "C:/Users/comba/AppData/Local/Programs/Python/Python37/lib/threading.py", line 865, in run() 
[02] File "../remoteio/remoteioMgr.py", line 465, in remoteioCheck() 
[03] File "C:/Users/comba/Desktop/知识城地牛/knowledgeCity/common/shell.py", line 125, in ping() 
[04] File "C:/Users/comba/Desktop/知识城地牛/knowledgeCity/common/utility.py", line 638, in run_cmd() 
[05] File "C:/Users/comba/AppData/Local/Programs/Python/Python37/lib/subprocess.py", line 971, in wait() 
[06] File "C:/Users/comba/AppData/Local/Programs/Python/Python37/lib/subprocess.py", line 1207, in _wait() 

name=Thread-1, pid=16396, tid=16700
[01] File "C:/Users/comba/AppData/Local/Programs/Python/Python37/lib/threading.py", line 865, in run() 
[02] File "C:/Users/comba/Desktop/知识城地牛/knowledgeCity/agvCtrl/main_agv.py", line 323, in showThread() 
[03] File "C:/Users/comba/Desktop/知识城地牛/knowledgeCity/agvCtrl/agvControl.py", line 1367, in show() 
[04] File "C:/Users/comba/Desktop/知识城地牛/knowledgeCity/agvCtrl/mainFrame.py", line 236, in show() 
[05] File "C:/Users/comba/Desktop/知识城地牛/knowledgeCity/common/utility.py", line 167, in __call() 
[06] File "C:/Users/comba/Desktop/知识城地牛/knowledgeCity/agvCtrl/agvUI.py", line 404, in autoUpdateAgv() 
[07] File "C:/Users/comba/Desktop/知识城地牛/knowledgeCity/agvCtrl/agvUI.py", line 260, in updateAgv() 
[08] File "C:/Users/comba/Desktop/知识城地牛/knowledgeCity/agvCtrl/agvUI.py", line 125, in getAgvStatus() 
[09] File "C:/Users/comba/Desktop/知识城地牛/knowledgeCity/common/local.py", line 90, in getfloat() 
[10] File "C:/Users/comba/Desktop/知识城地牛/knowledgeCity/common/local.py", line 34, in _get_cfg() 
[11] File "C:/Users/comba/Desktop/知识城地牛/knowledgeCity/common/local.py", line 29, in _loadStackFiles() 
[12] File "C:/Users/comba/AppData/Local/Programs/Python/Python37/lib/inspect.py", line 1506, in stack() 
[13] File "C:/Users/comba/AppData/Local/Programs/Python/Python37/lib/inspect.py", line 1486, in getouterframes() 
[14] File "C:/Users/comba/AppData/Local/Programs/Python/Python37/lib/inspect.py", line 1467, in getframeinfo() 
[15] File "C:/Users/comba/AppData/Local/Programs/Python/Python37/lib/inspect.py", line 830, in findsource() 
[16] File "C:/Users/comba/AppData/Local/Programs/Python/Python37/lib/inspect.py", line 694, in getsourcefile() 
[17] File "C:/Users/comba/AppData/Local/Programs/Python/Python37/lib/genericpath.py", line 22, in exists() 

name=door.office.ping, pid=16396, tid=2156
[01] File "C:/Users/comba/AppData/Local/Programs/Python/Python37/lib/threading.py", line 865, in run() 
[02] File "C:/Users/comba/Desktop/知识城地牛/knowledgeCity/agvCtrl/doorMgr.py", line 193, in check() 

name=door.office, pid=16396, tid=18076
[01] File "C:/Users/comba/AppData/Local/Programs/Python/Python37/lib/threading.py", line 865, in run() 
[02] File "C:/Users/comba/Desktop/知识城地牛/knowledgeCity/agvCtrl/doorMgr.py", line 184, in run() 

name=door.comba-ZXC-F3.ping, pid=16396, tid=17908
[01] File "C:/Users/comba/AppData/Local/Programs/Python/Python37/lib/threading.py", line 865, in run() 
[02] File "C:/Users/comba/Desktop/知识城地牛/knowledgeCity/agvCtrl/doorMgr.py", line 193, in check() 

name=door.comba-ZXC-F3, pid=16396, tid=16560
[01] File "C:/Users/comba/AppData/Local/Programs/Python/Python37/lib/threading.py", line 865, in run() 
[02] File "C:/Users/comba/Desktop/知识城地牛/knowledgeCity/agvCtrl/doorMgr.py", line 184, in run() 

name=door.comba-ZXC-3F.ping, pid=16396, tid=7148
[01] File "C:/Users/comba/AppData/Local/Programs/Python/Python37/lib/threading.py", line 865, in run() 
[02] File "C:/Users/comba/Desktop/知识城地牛/knowledgeCity/agvCtrl/doorMgr.py", line 193, in check() 

name=door.comba-ZXC-3F, pid=16396, tid=1500
[01] File "C:/Users/comba/AppData/Local/Programs/Python/Python37/lib/threading.py", line 865, in run() 
[02] File "C:/Users/comba/Desktop/知识城地牛/knowledgeCity/agvCtrl/doorMgr.py", line 184, in run() 

name=door.comba-ZSC-F1-F3.ping, pid=16396, tid=17900
[01] File "C:/Users/comba/AppData/Local/Programs/Python/Python37/lib/threading.py", line 865, in run() 
[02] File "C:/Users/comba/Desktop/知识城地牛/knowledgeCity/agvCtrl/doorMgr.py", line 193, in check() 

name=door.comba-ZSC-F1-F3, pid=16396, tid=18672
[01] File "C:/Users/comba/AppData/Local/Programs/Python/Python37/lib/threading.py", line 865, in run() 
[02] File "C:/Users/comba/Desktop/知识城地牛/knowledgeCity/agvCtrl/doorMgr.py", line 184, in run() 

name=elevator.keep, pid=16396, tid=4140
[01] File "C:/Users/comba/AppData/Local/Programs/Python/Python37/lib/threading.py", line 865, in run() 
[02] File "C:/Users/comba/Desktop/知识城地牛/knowledgeCity/agvCtrl/elevatorMgr.py", line 497, in keepOpenThread() 

name=door.comba-ZSC-3F_0419.ping, pid=16396, tid=15692
[01] File "C:/Users/comba/AppData/Local/Programs/Python/Python37/lib/threading.py", line 865, in run() 
[02] File "C:/Users/comba/Desktop/知识城地牛/knowledgeCity/agvCtrl/doorMgr.py", line 193, in check() 

name=door.comba-ZSC-3F_0419, pid=16396, tid=9088
[01] File "C:/Users/comba/AppData/Local/Programs/Python/Python37/lib/threading.py", line 865, in run() 
[02] File "C:/Users/comba/Desktop/知识城地牛/knowledgeCity/agvCtrl/doorMgr.py", line 184, in run() 

name=pymongo_kill_cursors_thread, pid=16396, tid=14040
[01] File "C:/Users/comba/AppData/Local/Programs/Python/Python37/lib/threading.py", line 865, in run() 
[02] File "C:/Users/comba/AppData/Local/Programs/Python/Python37/lib/site-packages/pymongo/periodic_executor.py", line 128, in _run() 

name=pymongo_server_monitor_thread, pid=16396, tid=17012
[01] File "C:/Users/comba/AppData/Local/Programs/Python/Python37/lib/threading.py", line 865, in run() 
[02] File "C:/Users/comba/AppData/Local/Programs/Python/Python37/lib/site-packages/pymongo/periodic_executor.py", line 128, in _run() 

name=tcplisten.port_6789, pid=16396, tid=9696
[01] File "C:/Users/comba/AppData/Local/Programs/Python/Python37/lib/threading.py", line 865, in run() 
[02] File "C:/Users/comba/Desktop/知识城地牛/knowledgeCity/common/tcpSocket.py", line 65, in _acceptThread() 
[03] File "C:/Users/comba/AppData/Local/Programs/Python/Python37/lib/socket.py", line 212, in accept() 

name=MainThread, pid=16396, tid=4296
[01] File "run_all.py", line 60, in <module>() 
[02] File "C:/Users/comba/Desktop/知识城地牛/knowledgeCity/common/webutility.py", line 318, in run() 
[03] File "C:/Users/comba/AppData/Local/Programs/Python/Python37/lib/site-packages/bottle.py", line 3127, in run() 
[04] File "C:/Users/comba/AppData/Local/Programs/Python/Python37/lib/site-packages/bottle.py", line 2824, in run() 
[05] File "C:/Users/comba/AppData/Local/Programs/Python/Python37/lib/site-packages/paste/httpserver.py", line 1329, in serve() 
[06] File "C:/Users/comba/AppData/Local/Programs/Python/Python37/lib/site-packages/paste/httpserver.py", line 1101, in serve_forever() 
[07] File "C:/Users/comba/AppData/Local/Programs/Python/Python37/lib/socketserver.py", line 291, in handle_request() 
[08] File "C:/Users/comba/AppData/Local/Programs/Python/Python37/lib/selectors.py", line 323, in select() 
[09] File "C:/Users/comba/AppData/Local/Programs/Python/Python37/lib/selectors.py", line 314, in _select() 
[10] File "C:/Users/comba/Desktop/知识城地牛/knowledgeCity/common/utility.py", line 598, in exit() 
[11] File "C:/Users/comba/Desktop/知识城地牛/knowledgeCity/common/enhance.py", line 266, in getTrace() 
[12] File "C:/Users/comba/Desktop/知识城地牛/knowledgeCity/common/enhance.py", line 248, in getThreadStack()
