[INFO]2021-03-25 14:14:25,645: log files at D:\python_work\AKMfloor\common\log
[INFO]2021-03-25 14:14:25,645: find module account.main_account
[INFO]2021-03-25 14:14:25,646: find module agvCtrl.main_agv
[INFO]2021-03-25 14:14:25,646: find module agvDevice.main_agvDevice
[INFO]2021-03-25 14:14:25,647: find module alarm.main_alarm
[INFO]2021-03-25 14:14:25,647: find module auth.main_auth
[INFO]2021-03-25 14:14:25,648: find module door.main_door
[INFO]2021-03-25 14:14:25,648: find module elevator.main_elevator
[INFO]2021-03-25 14:14:25,649: find module feed.main_feed
[INFO]2021-03-25 14:14:25,649: find module menu.main_menu
[INFO]2021-03-25 14:14:25,649: find module pharmapackCtrl.main_scadaCtrl
[INFO]2021-03-25 14:14:25,650: find module webFront.main_web
[INFO]2021-03-25 14:14:25,651: find module wmqtt.main_wmqtt
[INFO]2021-03-25 14:14:25,651: import account.main_account
[INFO]2021-03-25 14:14:25,828: import agvCtrl.main_agv
[INFO]2021-03-25 14:14:26,509: create lock <lock name:doorMgr.lock,<unlocked _thread.RLock object owner=0 count=0 at 0x0000023503631AE0>>
[INFO]2021-03-25 14:14:26,530: create lock <lock name:door.lock,<unlocked _thread.RLock object owner=0 count=0 at 0x0000023503641420>>
[INFO]2021-03-25 14:14:26,770: create lock <lock name:timer.lock_2426716593648,<unlocked _thread.RLock object owner=0 count=0 at 0x0000023503949F30>>
[ERROR]2021-03-25 14:14:26,810: mqtt is disabled
[INFO]2021-03-25 14:14:26,811: mqtt: subscribe [alarm/raise/+]
[INFO]2021-03-25 14:14:26,811: mqtt: subscribe [alarm/clear/+]
[INFO]2021-03-25 14:14:29,887: Mongodb connect to 127.0.0.1 port 27017
[INFO]2021-03-25 14:14:29,963: create lock <lock name:elevatorApi.g_lock,<unlocked _thread.RLock object owner=0 count=0 at 0x0000023503BA9570>>
[INFO]2021-03-25 14:14:29,966: create lock <lock name:elevatorMgr.lock,<unlocked _thread.RLock object owner=0 count=0 at 0x0000023503B9C930>>
[INFO]2021-03-25 14:14:31,172: create lock <lock name:mapMgr.lock,<unlocked _thread.RLock object owner=0 count=0 at 0x0000023503BB34E0>>
[INFO]2021-03-25 14:14:31,600: create lock <lock name:agvList.g_agvLock,<unlocked _thread.RLock object owner=0 count=0 at 0x0000023503C93510>>
[INFO]2021-03-25 14:14:31,611: create lock <lock name:taskList.lock,<unlocked _thread.RLock object owner=0 count=0 at 0x0000023503D34330>>
[INFO]2021-03-25 14:14:31,899: charge policy 1 , fix time
[INFO]2021-03-25 14:14:32,056: create lock <lock name:agvApi.g_lock,<unlocked _thread.RLock object owner=0 count=0 at 0x0000023503D34ED0>>
[INFO]2021-03-25 14:14:32,548: start load map D:\python_work\AKMfloor\agvCtrl\projects\AKMfloor\AKM2F.smap
[DEBUG]2021-03-25 14:14:33,076: elevator thread start
[INFO]2021-03-25 14:14:33,127: load map D:\python_work\AKMfloor\agvCtrl\projects\AKMfloor\AKM2F.smap ,used 591 ms
[INFO]2021-03-25 14:14:33,162: start load map D:\python_work\AKMfloor\agvCtrl\projects\AKMfloor\AKM4F.smap
[INFO]2021-03-25 14:14:33,245: load map D:\python_work\AKMfloor\agvCtrl\projects\AKMfloor\AKM4F.smap ,used 117 ms
[INFO]2021-03-25 14:14:33,248: import agvDevice.main_agvDevice
[INFO]2021-03-25 14:14:33,248: import alarm.main_alarm
[INFO]2021-03-25 14:14:33,248: import auth.main_auth
[INFO]2021-03-25 14:14:33,259: import door.main_door
[INFO]2021-03-25 14:14:33,262: import elevator.main_elevator
[INFO]2021-03-25 14:14:33,262: import feed.main_feed
[INFO]2021-03-25 14:14:33,274: create lock <lock name:feedTask.g_lock,<unlocked _thread.RLock object owner=0 count=0 at 0x0000023503F75360>>
[INFO]2021-03-25 14:14:33,277: create lock <lock name:agvApi.g_lock,<unlocked _thread.RLock object owner=0 count=0 at 0x0000023503F75F00>>
[INFO]2021-03-25 14:14:35,175: import menu.main_menu
[INFO]2021-03-25 14:14:35,190: import pharmapackCtrl.main_scadaCtrl
[INFO]2021-03-25 14:14:35,562: create lock <lock name:runTasks.g_lock,<unlocked _thread.RLock object owner=0 count=0 at 0x0000023504C6E330>>
[INFO]2021-03-25 14:14:35,562: create lock <lock name:runTasks.pre_lock,<unlocked _thread.RLock object owner=0 count=0 at 0x0000023504C6EDB0>>
[INFO]2021-03-25 14:14:35,572: import webFront.main_web
[INFO]2021-03-25 14:14:35,582: import wmqtt.main_wmqtt
[SUCC]2021-03-25 14:14:35,612: utility start, pid=15956, ppid=9204
[DEBUG]2021-03-25 14:14:35,613: start timer
[INFO]2021-03-25 14:14:35,650: load agv file: D:\python_work\AKMfloor\agvCtrl/projects/AKMfloor/agv.cfg
[INFO]2021-03-25 14:14:35,650: create lock <lock name:agvList.AGV03.lock,<unlocked _thread.RLock object owner=0 count=0 at 0x00000235029618D0>>
[DEBUG]2021-03-25 14:14:35,659: create aliveObj AGV03 AGV离线异常 timeout 300
[INFO]2021-03-25 14:14:35,661: AGV03 start agvList run thread
[INFO]2021-03-25 14:14:35,662: create lock <lock name:agv.AGV03.lock_status,<unlocked _thread.RLock object owner=0 count=0 at 0x000002350297F7B0>>
[INFO]2021-03-25 14:14:35,662: AGV03 start agvList run2 thread
[DEBUG]2021-03-25 14:14:35,663: try connect AGV03 192.168.20.182:19204
[INFO]2021-03-25 14:14:35,673: AGV03 connected 192.168.20.182 19204
[INFO]2021-03-25 14:14:35,674: create lock <lock name:agv.AGV03.lock_ctrl,<unlocked _thread.RLock object owner=0 count=0 at 0x000002350297F7E0>>
[DEBUG]2021-03-25 14:14:35,675: try connect AGV03 192.168.20.182:19205
[INFO]2021-03-25 14:14:35,680: add_ignore: taskStatus
[INFO]2021-03-25 14:14:35,681: add_ignore: api/elevator/status
[INFO]2021-03-25 14:14:35,682: add_ignore: scada/getTask
[INFO]2021-03-25 14:14:35,685: AGV03 connected 192.168.20.182 19205
[INFO]2021-03-25 14:14:35,686: create lock <lock name:agv.AGV03.lock_task,<unlocked _thread.RLock object owner=0 count=0 at 0x000002350297F810>>
[DEBUG]2021-03-25 14:14:35,687: try connect AGV03 192.168.20.182:19206
[INFO]2021-03-25 14:14:35,694: AGV03 connected 192.168.20.182 19206
[INFO]2021-03-25 14:14:35,695: create lock <lock name:agv.AGV03.lock_conf,<unlocked _thread.RLock object owner=0 count=0 at 0x000002350297F930>>
[DEBUG]2021-03-25 14:14:35,696: try connect AGV03 192.168.20.182:19207
[INFO]2021-03-25 14:14:35,703: AGV03 connected 192.168.20.182 19207
[INFO]2021-03-25 14:14:35,704: create lock <lock name:agv.AGV03.lock_core,<unlocked _thread.RLock object owner=0 count=0 at 0x000002350297F9F0>>
[DEBUG]2021-03-25 14:14:35,705: try connect AGV03 192.168.20.182:19208
[INFO]2021-03-25 14:14:35,809: AGV03 connected 192.168.20.182 19208
[INFO]2021-03-25 14:14:35,811: create lock <lock name:agv.AGV03.lock_other,<unlocked _thread.RLock object owner=0 count=0 at 0x000002350297FAB0>>
[DEBUG]2021-03-25 14:14:35,811: try connect AGV03 192.168.20.182:19210
[INFO]2021-03-25 14:14:35,820: AGV03 connected 192.168.20.182 19210
[INFO]2021-03-25 14:14:35,860: AGV03 current map AKM4F
[INFO]2021-03-25 14:14:35,913: AGV03 is online
[CRITICAL]2021-03-25 14:14:39,651: agvApi.init cause a error: ('http get', 'http://127.0.0.1:5551/api/agv/init', {'appName': 'scadaTask'}, 'error:', '<urlopen error [WinError 10061] 由于目标计算机积极拒绝，无法连接。>')
pid=15956, ppid=9204, tid=13876
Traceback (most recent call last):
  File "C:\Python38\lib\urllib\request.py", line 1317, in do_open
    h.request(req.get_method(), req.selector, req.data, headers,
  File "C:\Python38\lib\http\client.py", line 1230, in request
    self._send_request(method, url, body, headers, encode_chunked)
  File "C:\Python38\lib\http\client.py", line 1276, in _send_request
    self.endheaders(body, encode_chunked=encode_chunked)
  File "C:\Python38\lib\http\client.py", line 1225, in endheaders
    self._send_output(message_body, encode_chunked=encode_chunked)
  File "C:\Python38\lib\http\client.py", line 1004, in _send_output
    self.send(msg)
  File "C:\Python38\lib\http\client.py", line 944, in send
    self.connect()
  File "C:\Python38\lib\http\client.py", line 915, in connect
    self.sock = self._create_connection(
  File "C:\Python38\lib\socket.py", line 807, in create_connection
    raise err
  File "C:\Python38\lib\socket.py", line 796, in create_connection
    sock.connect(sa)
ConnectionRefusedError: [WinError 10061] 由于目标计算机积极拒绝，无法连接。

During handling of the above exception, another exception occurred:

Traceback (most recent call last):
  File "D:\python_work\AKMfloor\common\webutility.py", line 103, in http_get
    f = urllib.request.urlopen(u,timeout=timeout)
  File "C:\Python38\lib\urllib\request.py", line 222, in urlopen
    return opener.open(url, data, timeout)
  File "C:\Python38\lib\urllib\request.py", line 525, in open
    response = self._open(req, data)
  File "C:\Python38\lib\urllib\request.py", line 542, in _open
    result = self._call_chain(self.handle_open, protocol, protocol +
  File "C:\Python38\lib\urllib\request.py", line 502, in _call_chain
    result = func(*args)
  File "C:\Python38\lib\urllib\request.py", line 1346, in http_open
    return self.do_open(http.client.HTTPConnection, req)
  File "C:\Python38\lib\urllib\request.py", line 1320, in do_open
    raise URLError(err)
urllib.error.URLError: <urlopen error [WinError 10061] 由于目标计算机积极拒绝，无法连接。>

During handling of the above exception, another exception occurred:

Traceback (most recent call last):
  File "D:\python_work\AKMfloor\agvCtrl\agvApi.py", line 40, in init
    _http_get(url + '/api/agv/init', param)
  File "D:\python_work\AKMfloor\agvCtrl\agvApi.py", line 61, in _http_get
    r = webutility.http_get(url, param, timeout=45,writelog=False)
  File "D:\python_work\AKMfloor\common\webutility.py", line 105, in http_get
    raise Exception("http get",url,params,"error:",str(e))
Exception: ('http get', 'http://127.0.0.1:5551/api/agv/init', {'appName': 'scadaTask'}, 'error:', '<urlopen error [WinError 10061] 由于目标计算机积极拒绝，无法连接。>')

[CRITICAL]2021-03-25 14:14:42,665: agvApi.init cause a error: ('http get', 'http://127.0.0.1:5551/api/agv/init', {'appName': 'scadaTask'}, 'error:', '<urlopen error [WinError 10061] 由于目标计算机积极拒绝，无法连接。>')
pid=15956, ppid=9204, tid=13876
Traceback (most recent call last):
  File "C:\Python38\lib\urllib\request.py", line 1317, in do_open
    h.request(req.get_method(), req.selector, req.data, headers,
  File "C:\Python38\lib\http\client.py", line 1230, in request
    self._send_request(method, url, body, headers, encode_chunked)
  File "C:\Python38\lib\http\client.py", line 1276, in _send_request
    self.endheaders(body, encode_chunked=encode_chunked)
  File "C:\Python38\lib\http\client.py", line 1225, in endheaders
    self._send_output(message_body, encode_chunked=encode_chunked)
  File "C:\Python38\lib\http\client.py", line 1004, in _send_output
    self.send(msg)
  File "C:\Python38\lib\http\client.py", line 944, in send
    self.connect()
  File "C:\Python38\lib\http\client.py", line 915, in connect
    self.sock = self._create_connection(
  File "C:\Python38\lib\socket.py", line 807, in create_connection
    raise err
  File "C:\Python38\lib\socket.py", line 796, in create_connection
    sock.connect(sa)
ConnectionRefusedError: [WinError 10061] 由于目标计算机积极拒绝，无法连接。

During handling of the above exception, another exception occurred:

Traceback (most recent call last):
  File "D:\python_work\AKMfloor\common\webutility.py", line 103, in http_get
    f = urllib.request.urlopen(u,timeout=timeout)
  File "C:\Python38\lib\urllib\request.py", line 222, in urlopen
    return opener.open(url, data, timeout)
  File "C:\Python38\lib\urllib\request.py", line 525, in open
    response = self._open(req, data)
  File "C:\Python38\lib\urllib\request.py", line 542, in _open
    result = self._call_chain(self.handle_open, protocol, protocol +
  File "C:\Python38\lib\urllib\request.py", line 502, in _call_chain
    result = func(*args)
  File "C:\Python38\lib\urllib\request.py", line 1346, in http_open
    return self.do_open(http.client.HTTPConnection, req)
  File "C:\Python38\lib\urllib\request.py", line 1320, in do_open
    raise URLError(err)
urllib.error.URLError: <urlopen error [WinError 10061] 由于目标计算机积极拒绝，无法连接。>

During handling of the above exception, another exception occurred:

Traceback (most recent call last):
  File "D:\python_work\AKMfloor\agvCtrl\agvApi.py", line 40, in init
    _http_get(url + '/api/agv/init', param)
  File "D:\python_work\AKMfloor\agvCtrl\agvApi.py", line 61, in _http_get
    r = webutility.http_get(url, param, timeout=45,writelog=False)
  File "D:\python_work\AKMfloor\common\webutility.py", line 105, in http_get
    raise Exception("http get",url,params,"error:",str(e))
Exception: ('http get', 'http://127.0.0.1:5551/api/agv/init', {'appName': 'scadaTask'}, 'error:', '<urlopen error [WinError 10061] 由于目标计算机积极拒绝，无法连接。>')

[CRITICAL]2021-03-25 14:14:45,700: agvApi.init cause a error: ('http get', 'http://127.0.0.1:5551/api/agv/init', {'appName': 'scadaTask'}, 'error:', '<urlopen error [WinError 10061] 由于目标计算机积极拒绝，无法连接。>')
pid=15956, ppid=9204, tid=13876
Traceback (most recent call last):
  File "C:\Python38\lib\urllib\request.py", line 1317, in do_open
    h.request(req.get_method(), req.selector, req.data, headers,
  File "C:\Python38\lib\http\client.py", line 1230, in request
    self._send_request(method, url, body, headers, encode_chunked)
  File "C:\Python38\lib\http\client.py", line 1276, in _send_request
    self.endheaders(body, encode_chunked=encode_chunked)
  File "C:\Python38\lib\http\client.py", line 1225, in endheaders
    self._send_output(message_body, encode_chunked=encode_chunked)
  File "C:\Python38\lib\http\client.py", line 1004, in _send_output
    self.send(msg)
  File "C:\Python38\lib\http\client.py", line 944, in send
    self.connect()
  File "C:\Python38\lib\http\client.py", line 915, in connect
    self.sock = self._create_connection(
  File "C:\Python38\lib\socket.py", line 807, in create_connection
    raise err
  File "C:\Python38\lib\socket.py", line 796, in create_connection
    sock.connect(sa)
ConnectionRefusedError: [WinError 10061] 由于目标计算机积极拒绝，无法连接。

During handling of the above exception, another exception occurred:

Traceback (most recent call last):
  File "D:\python_work\AKMfloor\common\webutility.py", line 103, in http_get
    f = urllib.request.urlopen(u,timeout=timeout)
  File "C:\Python38\lib\urllib\request.py", line 222, in urlopen
    return opener.open(url, data, timeout)
  File "C:\Python38\lib\urllib\request.py", line 525, in open
    response = self._open(req, data)
  File "C:\Python38\lib\urllib\request.py", line 542, in _open
    result = self._call_chain(self.handle_open, protocol, protocol +
  File "C:\Python38\lib\urllib\request.py", line 502, in _call_chain
    result = func(*args)
  File "C:\Python38\lib\urllib\request.py", line 1346, in http_open
    return self.do_open(http.client.HTTPConnection, req)
  File "C:\Python38\lib\urllib\request.py", line 1320, in do_open
    raise URLError(err)
urllib.error.URLError: <urlopen error [WinError 10061] 由于目标计算机积极拒绝，无法连接。>

During handling of the above exception, another exception occurred:

Traceback (most recent call last):
  File "D:\python_work\AKMfloor\agvCtrl\agvApi.py", line 40, in init
    _http_get(url + '/api/agv/init', param)
  File "D:\python_work\AKMfloor\agvCtrl\agvApi.py", line 61, in _http_get
    r = webutility.http_get(url, param, timeout=45,writelog=False)
  File "D:\python_work\AKMfloor\common\webutility.py", line 105, in http_get
    raise Exception("http get",url,params,"error:",str(e))
Exception: ('http get', 'http://127.0.0.1:5551/api/agv/init', {'appName': 'scadaTask'}, 'error:', '<urlopen error [WinError 10061] 由于目标计算机积极拒绝，无法连接。>')

[CRITICAL]2021-03-25 14:14:48,738: agvApi.init cause a error: ('http get', 'http://127.0.0.1:5551/api/agv/init', {'appName': 'scadaTask'}, 'error:', '<urlopen error [WinError 10061] 由于目标计算机积极拒绝，无法连接。>')
pid=15956, ppid=9204, tid=13876
Traceback (most recent call last):
  File "C:\Python38\lib\urllib\request.py", line 1317, in do_open
    h.request(req.get_method(), req.selector, req.data, headers,
  File "C:\Python38\lib\http\client.py", line 1230, in request
    self._send_request(method, url, body, headers, encode_chunked)
  File "C:\Python38\lib\http\client.py", line 1276, in _send_request
    self.endheaders(body, encode_chunked=encode_chunked)
  File "C:\Python38\lib\http\client.py", line 1225, in endheaders
    self._send_output(message_body, encode_chunked=encode_chunked)
  File "C:\Python38\lib\http\client.py", line 1004, in _send_output
    self.send(msg)
  File "C:\Python38\lib\http\client.py", line 944, in send
    self.connect()
  File "C:\Python38\lib\http\client.py", line 915, in connect
    self.sock = self._create_connection(
  File "C:\Python38\lib\socket.py", line 807, in create_connection
    raise err
  File "C:\Python38\lib\socket.py", line 796, in create_connection
    sock.connect(sa)
ConnectionRefusedError: [WinError 10061] 由于目标计算机积极拒绝，无法连接。

During handling of the above exception, another exception occurred:

Traceback (most recent call last):
  File "D:\python_work\AKMfloor\common\webutility.py", line 103, in http_get
    f = urllib.request.urlopen(u,timeout=timeout)
  File "C:\Python38\lib\urllib\request.py", line 222, in urlopen
    return opener.open(url, data, timeout)
  File "C:\Python38\lib\urllib\request.py", line 525, in open
    response = self._open(req, data)
  File "C:\Python38\lib\urllib\request.py", line 542, in _open
    result = self._call_chain(self.handle_open, protocol, protocol +
  File "C:\Python38\lib\urllib\request.py", line 502, in _call_chain
    result = func(*args)
  File "C:\Python38\lib\urllib\request.py", line 1346, in http_open
    return self.do_open(http.client.HTTPConnection, req)
  File "C:\Python38\lib\urllib\request.py", line 1320, in do_open
    raise URLError(err)
urllib.error.URLError: <urlopen error [WinError 10061] 由于目标计算机积极拒绝，无法连接。>

During handling of the above exception, another exception occurred:

Traceback (most recent call last):
  File "D:\python_work\AKMfloor\agvCtrl\agvApi.py", line 40, in init
    _http_get(url + '/api/agv/init', param)
  File "D:\python_work\AKMfloor\agvCtrl\agvApi.py", line 61, in _http_get
    r = webutility.http_get(url, param, timeout=45,writelog=False)
  File "D:\python_work\AKMfloor\common\webutility.py", line 105, in http_get
    raise Exception("http get",url,params,"error:",str(e))
Exception: ('http get', 'http://127.0.0.1:5551/api/agv/init', {'appName': 'scadaTask'}, 'error:', '<urlopen error [WinError 10061] 由于目标计算机积极拒绝，无法连接。>')

[CRITICAL]2021-03-25 14:14:51,785: agvApi.init cause a error: ('http get', 'http://127.0.0.1:5551/api/agv/init', {'appName': 'scadaTask'}, 'error:', '<urlopen error [WinError 10061] 由于目标计算机积极拒绝，无法连接。>')
pid=15956, ppid=9204, tid=13876
Traceback (most recent call last):
  File "C:\Python38\lib\urllib\request.py", line 1317, in do_open
    h.request(req.get_method(), req.selector, req.data, headers,
  File "C:\Python38\lib\http\client.py", line 1230, in request
    self._send_request(method, url, body, headers, encode_chunked)
  File "C:\Python38\lib\http\client.py", line 1276, in _send_request
    self.endheaders(body, encode_chunked=encode_chunked)
  File "C:\Python38\lib\http\client.py", line 1225, in endheaders
    self._send_output(message_body, encode_chunked=encode_chunked)
  File "C:\Python38\lib\http\client.py", line 1004, in _send_output
    self.send(msg)
  File "C:\Python38\lib\http\client.py", line 944, in send
    self.connect()
  File "C:\Python38\lib\http\client.py", line 915, in connect
    self.sock = self._create_connection(
  File "C:\Python38\lib\socket.py", line 807, in create_connection
    raise err
  File "C:\Python38\lib\socket.py", line 796, in create_connection
    sock.connect(sa)
ConnectionRefusedError: [WinError 10061] 由于目标计算机积极拒绝，无法连接。

During handling of the above exception, another exception occurred:

Traceback (most recent call last):
  File "D:\python_work\AKMfloor\common\webutility.py", line 103, in http_get
    f = urllib.request.urlopen(u,timeout=timeout)
  File "C:\Python38\lib\urllib\request.py", line 222, in urlopen
    return opener.open(url, data, timeout)
  File "C:\Python38\lib\urllib\request.py", line 525, in open
    response = self._open(req, data)
  File "C:\Python38\lib\urllib\request.py", line 542, in _open
    result = self._call_chain(self.handle_open, protocol, protocol +
  File "C:\Python38\lib\urllib\request.py", line 502, in _call_chain
    result = func(*args)
  File "C:\Python38\lib\urllib\request.py", line 1346, in http_open
    return self.do_open(http.client.HTTPConnection, req)
  File "C:\Python38\lib\urllib\request.py", line 1320, in do_open
    raise URLError(err)
urllib.error.URLError: <urlopen error [WinError 10061] 由于目标计算机积极拒绝，无法连接。>

During handling of the above exception, another exception occurred:

Traceback (most recent call last):
  File "D:\python_work\AKMfloor\agvCtrl\agvApi.py", line 40, in init
    _http_get(url + '/api/agv/init', param)
  File "D:\python_work\AKMfloor\agvCtrl\agvApi.py", line 61, in _http_get
    r = webutility.http_get(url, param, timeout=45,writelog=False)
  File "D:\python_work\AKMfloor\common\webutility.py", line 105, in http_get
    raise Exception("http get",url,params,"error:",str(e))
Exception: ('http get', 'http://127.0.0.1:5551/api/agv/init', {'appName': 'scadaTask'}, 'error:', '<urlopen error [WinError 10061] 由于目标计算机积极拒绝，无法连接。>')

[DEBUG]2021-03-25 14:14:53,293: GET: http://127.0.0.1:5551/api/agv/init?appName=scadaTask addr: 127.0.0.1
[INFO]2021-03-25 14:14:53,295: scadaTask init client agvApi
[DEBUG]2021-03-25 14:14:53,298: used 4ms 200 OK application/json;charset=utf-8, GET: http://127.0.0.1:5551/api/agv/init?appName=scadaTask
[DEBUG]2021-03-25 14:14:56,389: GET: http://127.0.0.1:5551/api/agv/startCharge?appName=scadaTask addr: 127.0.0.1
[DEBUG]2021-03-25 14:14:56,427: used 38ms 200 OK application/json;charset=utf-8, GET: http://127.0.0.1:5551/api/agv/startCharge?appName=scadaTask
[WARNING]2021-03-25 14:14:56,513: timer_thread[tid:13876] <lock name:runTasks.g_lock,<locked _thread.RLock object owner=13876 count=1 at 0x0000023504C6E330>> ,hold 18882 ms
[INFO]2021-03-25 14:14:56,610: name=timer_thread, pid=15956, tid=13876
[01] File "C:/Python38/lib/threading.py", line 870, in run() 
[02] File "D:/python_work/AKMfloor/common/mytimer.py", line 113, in _loop() 
[03] File "D:/python_work/AKMfloor/common/lock.py", line 122, in _call() 
[04] File "D:/python_work/AKMfloor/common/lock.py", line 100, in release() 
[05] File "D:/python_work/AKMfloor/common/enhance.py", line 258, in getTrace() 
[06] File "D:/python_work/AKMfloor/common/enhance.py", line 240, in getThreadStack()
[WARNING]2021-03-25 14:14:57,726: AGV03 low battery charge,batteryLevel= 0.460 start charge level= 0.500
[INFO]2021-03-25 14:14:57,753: AGV03 battery 0.460 check success
[WARNING]2021-03-25 14:14:57,787: AGV03 Can't find charge point at AKM4F battery: 0.460
[DEBUG]2021-03-25 14:15:06,556: GET: http://192.168.20.48:5551/api/scada/addTask?source=%E5%9B%9B%E6%A5%BCTest1&target=%E5%9B%9B%E6%A5%BCTest2 addr: 192.168.20.60
[INFO]2021-03-25 14:15:06,585: Scada send a task to the server from 四楼Test1 to 四楼Test2 payloadId: None
[INFO]2021-03-25 14:15:06,629: create task[605c2a6a6f5e08a010ef4422]: type= scadaTask , 从四楼Test1运送货架到四楼Test2 {'source': '四楼Test1', 'target': '四楼Test2', 'payloadId': None, 'priority': 1, 'type': 'scadaTask', 'taskName': '从四楼Test1运送货架到四楼Test2', 'createTime': datetime.datetime(2021, 3, 25, 14, 15, 6, 605535), 'updateTime': datetime.datetime(2021, 3, 25, 14, 15, 6, 605535), 'startTime': None, 'endTime': None, 'status': 'waiting', 'step': 'waiting', 'failMsg': None, 'history': [], '_id': ObjectId('605c2a6a6f5e08a010ef4422')}
[INFO]2021-03-25 14:15:06,737: task[605c2a6a6f5e08a010ef4422][-] AP13(LM15) -> AP14(LM16) [waiting] is inside False
[INFO]2021-03-25 14:15:06,762: task cmd: got a task from scada task[605c2a6a6f5e08a010ef4422][-] AP13(LM15) -> AP14(LM16) [waiting]
[DEBUG]2021-03-25 14:15:06,784: used 228ms 200 OK application/json;charset=utf-8, GET: http://192.168.20.48:5551/api/scada/addTask?source=%E5%9B%9B%E6%A5%BCTest1&target=%E5%9B%9B%E6%A5%BCTest2
[WARNING]2021-03-25 14:15:08,022: AGV03 low battery charge,batteryLevel= 0.460 start charge level= 0.500
[INFO]2021-03-25 14:15:08,048: AGV03 battery 0.460 check success
[WARNING]2021-03-25 14:15:08,082: AGV03 Can't find charge point at AKM4F battery: 0.460
[INFO]2021-03-25 14:15:08,132: task[605c2a6a6f5e08a010ef4422]:  start {'failMsg': '任务等待执行', 'startTime': datetime.datetime(2021, 3, 25, 14, 15, 8, 107225), 'updateTime': datetime.datetime(2021, 3, 25, 14, 15, 8, 107225), 'status': 'running'}
[INFO]2021-03-25 14:15:08,168: task: start task[605c2a6a6f5e08a010ef4422][-] AP13(LM15) -> AP14(LM16) [waiting]
[INFO]2021-03-25 14:15:08,215: task[605c2a6a6f5e08a010ef4422] update info: {'failMsg': '等待分配小车', 'updateTime': datetime.datetime(2021, 3, 25, 14, 15, 8, 185720)}
[DEBUG]2021-03-25 14:15:08,233: task[605c2a6a6f5e08a010ef4422][-] AP13(LM15) -> AP14(LM16) [waitForAgv] waiting -> waitForAgv
[DEBUG]2021-03-25 14:15:09,608: GET: http://127.0.0.1:5551/api/agv/apply?appName=scadaTask&autoLock=False&exclude&loc=AP13&mapId=AKM4F&taskId=605c2a6a6f5e08a010ef4422&timeout=10 addr: 127.0.0.1
[INFO]2021-03-25 14:15:11,162: apply AGV03 ,taskId: 605c2a6a6f5e08a010ef4422 ,loc AKM4F.AP13 ,autoLock False , used 1519 ms
[DEBUG]2021-03-25 14:15:11,320: GET: http://127.0.0.1:5551/api/agv/lock?agv=AGV03&appName=scadaTask&taskId=605c2a6a6f5e08a010ef4422 addr: 127.0.0.1
[DEBUG]2021-03-25 14:15:11,355: lock:  AGV03 taskId 605c2a6a6f5e08a010ef4422 app scadaTask
[WARNING]2021-03-25 14:15:12,418: AGV03 clear task finish, cur= AKM4F.LM10 task_status= 4
[DEBUG]2021-03-25 14:15:12,453: used 1133ms 200 OK application/json;charset=utf-8, GET: http://127.0.0.1:5551/api/agv/lock?agv=AGV03&appName=scadaTask&taskId=605c2a6a6f5e08a010ef4422
[INFO]2021-03-25 14:15:12,544: task[605c2a6a6f5e08a010ef4422][-] AP13(LM15) -> AP14(LM16) [waitForAgv] apply AGV03
[INFO]2021-03-25 14:15:12,582: task[605c2a6a6f5e08a010ef4422] update info: {'agvId': 'AGV03', 'failMsg': '成功分配小车AGV03,检测顶升下降', 'updateTime': datetime.datetime(2021, 3, 25, 14, 15, 12, 563266)}
[WARNING]2021-03-25 14:15:12,605: scada.605c2a6a6f5e08a010ef4422[tid:11020] <locked _thread.RLock object owner=11020 count=1 at 0x0000023504EE1DE0> ,hold 3057 ms
[INFO]2021-03-25 14:15:12,656: name=scada.605c2a6a6f5e08a010ef4422, pid=15956, tid=11020
[01] File "C:/Python38/lib/threading.py", line 870, in run() 
[02] File "D:/python_work/AKMfloor/common/utility.py", line 167, in __call() 
[03] File "D:/python_work/AKMfloor/pharmapackCtrl/runTasks.py", line 725, in _taskFunc() 
[04] File "D:/python_work/AKMfloor/common/lock.py", line 122, in _call() 
[05] File "D:/python_work/AKMfloor/common/lock.py", line 100, in release() 
[06] File "D:/python_work/AKMfloor/common/enhance.py", line 258, in getTrace() 
[07] File "D:/python_work/AKMfloor/common/enhance.py", line 240, in getThreadStack()
[DEBUG]2021-03-25 14:15:12,711: task[605c2a6a6f5e08a010ef4422][AGV03] AP13(LM15) -> AP14(LM16) [initJackdown] waitForAgv -> initJackdown
[INFO]2021-03-25 14:15:13,056: task[605c2a6a6f5e08a010ef4422][AGV03] AP13(LM15) -> AP14(LM16) [initJackdown] _jackDown
[DEBUG]2021-03-25 14:15:13,079: send http_get: http://127.0.0.1:5551/api/agv/jackdown?agv=AGV03&loc=None&timeoutSec=90
[DEBUG]2021-03-25 14:15:13,135: GET: http://127.0.0.1:5551/api/agv/jackdown?agv=AGV03&loc=None&timeoutSec=90 addr: 127.0.0.1
[INFO]2021-03-25 14:15:14,455: _jack in jackMgr: AGV03 down [{'id': 0, 'source': 'normal', 'status': True}, {'id': 1, 'source': 'normal', 'status': True}, {'id': 2, 'source': 'normal', 'status': True}, {'id': 3, 'source': 'normal', 'status': True}, {'id': 4, 'source': 'normal', 'status': True}, {'id': 5, 'source': 'normal', 'status': True}, {'id': 6, 'source': 'normal', 'status': True}, {'id': 7, 'source': 'normal', 'status': True}, {'id': 17, 'source': 'reserve', 'status': False}, {'id': 20, 'source': 'modbus', 'status': False}, {'id': 21, 'source': 'modbus', 'status': False}, {'id': 22, 'source': 'modbus', 'status': False}, {'id': 23, 'source': 'modbus', 'status': False}, {'id': 24, 'source': 'modbus', 'status': False}, {'id': 25, 'source': 'modbus', 'status': False}, {'id': 26, 'source': 'modbus', 'status': False}, {'id': 27, 'source': 'modbus', 'status': False}, {'id': 30, 'source': 'modbus', 'status': False}, {'id': 31, 'source': 'modbus', 'status': False}, {'id': 32, 'source': 'modbus', 'status': True}, {'id': 33, 'source': 'modbus', 'status': True}, {'id': 34, 'source': 'modbus', 'status': False}, {'id': 35, 'source': 'modbus', 'status': False}, {'id': 36, 'source': 'modbus', 'status': False}, {'id': 37, 'source': 'modbus', 'status': True}]
[INFO]2021-03-25 14:15:14,572: AGV03 jack down status:  True
[DEBUG]2021-03-25 14:15:14,602: used 1467ms 200 OK application/json;charset=utf-8, GET: http://127.0.0.1:5551/api/agv/jackdown?agv=AGV03&loc=None&timeoutSec=90
[DEBUG]2021-03-25 14:15:14,667: [return] use 1588 ms,http_get: http://127.0.0.1:5551/api/agv/jackdown?agv=AGV03&loc=None&timeoutSec=90
[INFO]2021-03-25 14:15:14,704: task[605c2a6a6f5e08a010ef4422] update info: {'failMsg': '前往四楼Test1工位点拉取货架', 'updateTime': datetime.datetime(2021, 3, 25, 14, 15, 14, 695599)}
[DEBUG]2021-03-25 14:15:14,728: task[605c2a6a6f5e08a010ef4422][AGV03] AP13(LM15) -> AP14(LM16) [startMoveJackup] initJackdown -> startMoveJackup
[DEBUG]2021-03-25 14:15:15,092: GET: http://127.0.0.1:5551/api/agv/move?WorkPlace=None&agv=AGV03&agvId=AGV03&appName=scadaTask&direction=None&floorId=AKM4F&isRotate&loc=AKM4F.AP13&location=AP13&p_direction=0.0&pgv_type=1&recognize=False&seer_jackup=JackLoad&taskId=605c2a6a6f5e08a010ef4422_2&taskType=scadaTask&timeoutSec=86400&use_pgv=False addr: 127.0.0.1
[INFO]2021-03-25 14:15:15,137: Begin: AGV03 move from AKM4F.LM10 to AKM4F.AP13 by paths: [('AKM4F', ['LM10', 'LM9', 'LM15', 'AP13'], 4.044999999999999)] task: 605c2a6a6f5e08a010ef4422_2 timeout 86400 used 43 ms
[DEBUG]2021-03-25 14:15:15,139: used 46ms 200 OK application/json;charset=utf-8, GET: http://127.0.0.1:5551/api/agv/move?WorkPlace=None&agv=AGV03&agvId=AGV03&appName=scadaTask&direction=None&floorId=AKM4F&isRotate&loc=AKM4F.AP13&location=AP13&p_direction=0.0&pgv_type=1&recognize=False&seer_jackup=JackLoad&taskId=605c2a6a6f5e08a010ef4422_2&taskType=scadaTask&timeoutSec=86400&use_pgv=False
[DEBUG]2021-03-25 14:15:15,142: task[605c2a6a6f5e08a010ef4422][AGV03] AP13(LM15) -> AP14(LM16) [loadPlayload] startMoveJackup -> loadPlayload
[DEBUG]2021-03-25 14:15:16,043: agvInfo: AGV03 AKM4F.LM10 move to AKM4F.LM9 ,taskId 605c2a6a6f5e08a010ef4422_2
[INFO]2021-03-25 14:15:16,043: goTarget {'id': 'LM9'}
[CRITICAL]2021-03-25 14:15:16,152: agvApi step callback cause a error: 'dict' object is not callable
pid=15956, ppid=9204, tid=7272
Traceback (most recent call last):
  File "D:\python_work\AKMfloor\agvCtrl\agvApi.py", line 261, in _checkFinish
    t.stepCallback(t.params,t.status)
TypeError: 'dict' object is not callable

[WARNING]2021-03-25 14:15:18,323: AGV03 low battery charge,batteryLevel= 0.460 start charge level= 0.500
[WARNING]2021-03-25 14:15:18,341: AGV03 battery 0.460 check failed: isLocked
[DEBUG]2021-03-25 14:15:26,812: AGV03 turn to wait check cur LM10 next LM15 0.974 False
[DEBUG]2021-03-25 14:15:27,376: agvInfo: AGV03 AKM4F.LM10 move to AKM4F.LM15 ,taskId 605c2a6a6f5e08a010ef4422_2
[INFO]2021-03-25 14:15:27,378: goTarget {'id': 'LM15'}
[CRITICAL]2021-03-25 14:15:27,465: agvApi step callback cause a error: 'dict' object is not callable
pid=15956, ppid=9204, tid=7272
Traceback (most recent call last):
  File "D:\python_work\AKMfloor\agvCtrl\agvApi.py", line 261, in _checkFinish
    t.stepCallback(t.params,t.status)
TypeError: 'dict' object is not callable

[DEBUG]2021-03-25 14:15:28,307: AGV03 set loc AKM4F.LM9 ,old LM10 (-9.74,-4.42)
[WARNING]2021-03-25 14:15:28,380: AGV03 low battery charge,batteryLevel= 0.460 start charge level= 0.500
[WARNING]2021-03-25 14:15:28,381: AGV03 battery 0.460 check failed: isLocked
[DEBUG]2021-03-25 14:15:28,604: AGV03 choise next pos cur LM9 next AP13 pre LM15 2.200 False
[DEBUG]2021-03-25 14:15:28,633: AGV03 turn to wait check cur LM9 next AP13 2.200 False
[DEBUG]2021-03-25 14:15:29,208: agvInfo: AGV03 AKM4F.LM9 move jackup to AKM4F.AP13 ,taskId 605c2a6a6f5e08a010ef4422_2
[INFO]2021-03-25 14:15:29,209: +++++++ {'id': 'AP13', 'operation': 'JackLoad', 'recognize': False, 'use_pgv': False}
[CRITICAL]2021-03-25 14:15:29,543: agvApi step callback cause a error: 'dict' object is not callable
pid=15956, ppid=9204, tid=7272
Traceback (most recent call last):
  File "D:\python_work\AKMfloor\agvCtrl\agvApi.py", line 261, in _checkFinish
    t.stepCallback(t.params,t.status)
TypeError: 'dict' object is not callable

[DEBUG]2021-03-25 14:15:36,676: AGV03 set loc AKM4F.LM15 ,old LM9 (-9.89,-3.62)
[WARNING]2021-03-25 14:15:37,974: AGV03 waitFinish: loc is diff LM15 AP13 task_status= 2
[WARNING]2021-03-25 14:15:38,427: AGV03 low battery charge,batteryLevel= 0.460 start charge level= 0.500
[WARNING]2021-03-25 14:15:38,428: AGV03 battery 0.460 check failed: isLocked
[WARNING]2021-03-25 14:15:38,477: AGV03 waitFinish: loc is diff LM15 AP13 task_status= 2
[WARNING]2021-03-25 14:15:38,979: AGV03 waitFinish: loc is diff LM15 AP13 task_status= 2
[WARNING]2021-03-25 14:15:39,481: AGV03 waitFinish: loc is diff LM15 AP13 task_status= 2
[WARNING]2021-03-25 14:15:39,983: AGV03 waitFinish: loc is diff LM15 AP13 task_status= 2
[WARNING]2021-03-25 14:15:40,486: AGV03 waitFinish: loc is diff LM15 AP13 task_status= 2
[DEBUG]2021-03-25 14:15:40,571: AGV03 set loc AKM4F.AP13 ,old LM15 (-9.89,-2.35)
[SUCC]2021-03-25 14:15:43,011: Finish:  AGV03 arrived AKM4F.AP13 ,task: 605c2a6a6f5e08a010ef4422_2
[INFO]2021-03-25 14:15:43,412: task: move finish callback task[605c2a6a6f5e08a010ef4422][AGV03] AP13(LM15) -> AP14(LM16) [loadPlayload]
[INFO]2021-03-25 14:15:43,418: task[605c2a6a6f5e08a010ef4422] update info: {'failMsg': 'AGV顶升', 'updateTime': datetime.datetime(2021, 3, 25, 14, 15, 43, 413072)}
[DEBUG]2021-03-25 14:15:43,621: task[605c2a6a6f5e08a010ef4422][AGV03] AP13(LM15) -> AP14(LM16) [loadPlayload_jackup] loadPlayload_readqr -> loadPlayload_jackup
[INFO]2021-03-25 14:15:43,932: task[605c2a6a6f5e08a010ef4422][AGV03] AP13(LM15) -> AP14(LM16) [loadPlayload_jackup] _jackUp
[DEBUG]2021-03-25 14:15:43,962: send http_get: http://127.0.0.1:5551/api/agv/jackup?agv=AGV03&loc=None&timeoutSec=90
[DEBUG]2021-03-25 14:15:44,034: GET: http://127.0.0.1:5551/api/agv/jackup?agv=AGV03&loc=None&timeoutSec=90 addr: 127.0.0.1
[WARNING]2021-03-25 14:15:48,596: AGV03 low battery charge,batteryLevel= 0.460 start charge level= 0.500
[WARNING]2021-03-25 14:15:48,632: AGV03 battery 0.460 check failed: isLocked
[WARNING]2021-03-25 14:15:48,746: disconnect AGV03 192.168.20.182 19204
[WARNING]2021-03-25 14:15:48,770: agvThread.AGV03[tid:11524] <lock name:agv.AGV03.lock_status,<locked _thread.RLock object owner=11524 count=1 at 0x000002350297F7B0>> ,hold 3557 ms
[INFO]2021-03-25 14:15:48,842: name=agvThread.AGV03, pid=15956, tid=11524
[01] File "C:/Python38/lib/threading.py", line 870, in run() 
[02] File "D:/python_work/AKMfloor/agvCtrl/agvList.py", line 578, in run() 
[03] File "D:/python_work/AKMfloor/agvCtrl/agvList.py", line 859, in readStatus1() 
[04] File "D:/python_work/AKMfloor/agvCtrl/agvList.py", line 839, in _readStatus1() 
[05] File "D:/python_work/AKMfloor/driver/seerAgv/agvCtrl.py", line 716, in readStatus1() 
[06] File "D:/python_work/AKMfloor/driver/seerAgv/agvApi.py", line 197, in status() 
[07] File "D:/python_work/AKMfloor/driver/seerAgv/agvApi.py", line 256, in _handle() 
[08] File "D:/python_work/AKMfloor/common/lock.py", line 100, in release() 
[09] File "D:/python_work/AKMfloor/common/enhance.py", line 258, in getTrace() 
[10] File "D:/python_work/AKMfloor/common/enhance.py", line 240, in getThreadStack()
[WARNING]2021-03-25 14:15:49,156: disconnect AGV03 192.168.20.182 19210
[WARNING]2021-03-25 14:15:49,191: worker 3[tid:2212] <lock name:agv.AGV03.lock_other,<locked _thread.RLock object owner=2212 count=1 at 0x000002350297FAB0>> ,hold 3608 ms
[INFO]2021-03-25 14:15:49,359: name=worker 3, pid=15956, tid=2212
[01] File "C:/Python38/lib/threading.py", line 870, in run() 
[02] File "C:/Python38/lib/site-packages/paste/httpserver.py", line 903, in worker_thread_callback() 
[03] File "C:/Python38/lib/site-packages/paste/httpserver.py", line 1077, in <lambda>() 
[04] File "C:/Python38/lib/site-packages/paste/httpserver.py", line 1092, in process_request_in_thread() 
[05] File "C:/Python38/lib/socketserver.py", line 360, in finish_request() 
[06] File "C:/Python38/lib/socketserver.py", line 720, in __init__() 
[07] File "C:/Python38/lib/site-packages/paste/httpserver.py", line 460, in handle() 
[08] File "C:/Python38/lib/http/server.py", line 426, in handle() 
[09] File "C:/Python38/lib/site-packages/paste/httpserver.py", line 455, in handle_one_request() 
[10] File "C:/Python38/lib/site-packages/paste/httpserver.py", line 304, in wsgi_execute() 
[11] File "C:/Python38/lib/site-packages/paste/translogger.py", line 69, in __call__() 
[12] File "C:/Python38/lib/site-packages/bottle.py", line 985, in __call__() 
[13] File "C:/Python38/lib/site-packages/bottle.py", line 960, in wsgi() 
[14] File "C:/Python38/lib/site-packages/bottle.py", line 868, in _handle() 
[15] File "C:/Python38/lib/site-packages/bottle.py", line 1748, in wrapper() 
[16] File "D:/python_work/AKMfloor/common/webutility.py", line 465, in _enable_cors() 
[17] File "D:/python_work/AKMfloor/common/webutility.py", line 481, in _enable_cors() 
[18] File "D:/python_work/AKMfloor/common/scadaUtility.py", line 45, in __call() 
[19] File "D:/python_work/AKMfloor/agvDevice/main_agvDevice.py", line 23, in urlJackup() 
[20] File "D:/python_work/AKMfloor/agvDevice/jackMgr.py", line 23, in jackUp() 
[21] File "D:/python_work/AKMfloor/driver/seerAgv/agvCtrl.py", line 259, in jackUp() 
[22] File "D:/python_work/AKMfloor/driver/seerAgv/agvCtrl.py", line 223, in setOperation() 
[23] File "D:/python_work/AKMfloor/driver/seerAgv/agvApi.py", line 225, in other() 
[24] File "D:/python_work/AKMfloor/driver/seerAgv/agvApi.py", line 256, in _handle() 
[25] File "D:/python_work/AKMfloor/common/lock.py", line 100, in release() 
[26] File "D:/python_work/AKMfloor/common/enhance.py", line 258, in getTrace() 
[27] File "D:/python_work/AKMfloor/common/enhance.py", line 240, in getThreadStack()
[DEBUG]2021-03-25 14:15:49,396: try connect AGV03 192.168.20.182:19204
[INFO]2021-03-25 14:15:49,459: AGV03 connected 192.168.20.182 19204
[DEBUG]2021-03-25 14:15:49,466: try connect AGV03 192.168.20.182:19210
[CRITICAL]2021-03-25 14:15:49,472: invoke <function urlJackup at 0x0000023503D0AC10> cause a error: [WinError 10054] 远程主机强迫关闭了一个现有的连接。
pid=15956, ppid=9204, tid=2212
Traceback (most recent call last):
  File "D:\python_work\AKMfloor\common\scadaUtility.py", line 45, in __call
    ret = func(*p,**pp)
  File "D:\python_work\AKMfloor\agvDevice\main_agvDevice.py", line 23, in urlJackup
    return jackMgr.jackUp(agvId=agvId, timeout=timeout,loc=loc)
  File "D:\python_work\AKMfloor\agvDevice\jackMgr.py", line 23, in jackUp
    ret = agvCtrl.jackUp(agvId,loc=loc)
  File "D:\python_work\AKMfloor\driver\seerAgv\agvCtrl.py", line 259, in jackUp
    setOperation(agvId,21,True)
  File "D:\python_work\AKMfloor\driver\seerAgv\agvCtrl.py", line 223, in setOperation
    agvApi.other(agvId, "robot_other_setdo_req", {"id":20, "status":True})
  File "D:\python_work\AKMfloor\driver\seerAgv\agvApi.py", line 225, in other
    return _handle(agvId, API_PORT_OTHER, type, data)
  File "D:\python_work\AKMfloor\driver\seerAgv\agvApi.py", line 253, in _handle
    result = _request(agvId, port, typeId, data)
  File "D:\python_work\AKMfloor\driver\seerAgv\agvApi.py", line 291, in _request
    result = sendCmd(agvId, buf, ip, port, type)
  File "D:\python_work\AKMfloor\driver\seerAgv\agvApi.py", line 302, in sendCmd
    headData = _recv(agvId,ip, port, 1)
  File "D:\python_work\AKMfloor\driver\seerAgv\agvApi.py", line 386, in _recv
    return tcpSocketLong.recv(agvId,ip, port, len)
  File "D:\python_work\AKMfloor\common\tcpSocketLong.py", line 166, in recv
    raise e
  File "D:\python_work\AKMfloor\common\tcpSocketLong.py", line 161, in recv
    return c.recv(len)
  File "D:\python_work\AKMfloor\common\tcpSocketLong.py", line 90, in recv
    recvdata = self._socket.recv(remainLen)
ConnectionResetError: [WinError 10054] 远程主机强迫关闭了一个现有的连接。

[INFO]2021-03-25 14:15:49,527: AGV03 connected 192.168.20.182 19210
[DEBUG]2021-03-25 14:15:49,527: [return] use 5566 ms,http_get: http://127.0.0.1:5551/api/agv/jackup?agv=AGV03&loc=None&timeoutSec=90
[CRITICAL]2021-03-25 14:15:49,685: task[605c2a6a6f5e08a010ef4422][AGV03] AP13(LM15) -> AP14(LM16) [loadPlayload_jackup] jackup cause a error: ConnectionResetError: [WinError 10054] 远程主机强迫关闭了一个现有的连接。
pid=15956, ppid=9204, tid=11020
Traceback (most recent call last):
  File "D:\python_work\AKMfloor\pharmapackCtrl\runTasks.py", line 897, in _jackUp
    jackApi.jackUp(self.agvId, timeoutSec=90)
  File "D:\python_work\AKMfloor\agvDevice\jackApi.py", line 44, in jackUp
    return _jack('/api/agv/jackup', agvId,timeoutSec,loc)
  File "D:\python_work\AKMfloor\agvDevice\jackApi.py", line 64, in _jack
    return http_get(url + apiurl, param,timeout=timeoutSec+2)
  File "D:\python_work\AKMfloor\agvDevice\jackApi.py", line 18, in http_get
    raise Exception(result["errormsg"])
Exception: ConnectionResetError: [WinError 10054] 远程主机强迫关闭了一个现有的连接。

[WARNING]2021-03-25 14:15:49,708: scada.605c2a6a6f5e08a010ef4422[tid:11020] <locked _thread.RLock object owner=11020 count=1 at 0x0000023504EE1DE0> ,hold 5776 ms
[INFO]2021-03-25 14:15:49,738: name=scada.605c2a6a6f5e08a010ef4422, pid=15956, tid=11020
[01] File "C:/Python38/lib/threading.py", line 870, in run() 
[02] File "D:/python_work/AKMfloor/common/utility.py", line 167, in __call() 
[03] File "D:/python_work/AKMfloor/pharmapackCtrl/runTasks.py", line 725, in _taskFunc() 
[04] File "D:/python_work/AKMfloor/common/lock.py", line 122, in _call() 
[05] File "D:/python_work/AKMfloor/common/lock.py", line 100, in release() 
[06] File "D:/python_work/AKMfloor/common/enhance.py", line 258, in getTrace() 
[07] File "D:/python_work/AKMfloor/common/enhance.py", line 240, in getThreadStack()
[INFO]2021-03-25 14:15:49,775: task[605c2a6a6f5e08a010ef4422][AGV03] AP13(LM15) -> AP14(LM16) [loadPlayload_jackup] loadPlayload_jackup error
[INFO]2021-03-25 14:15:51,808: task[605c2a6a6f5e08a010ef4422][AGV03] AP13(LM15) -> AP14(LM16) [loadPlayload_jackup] _jackUp
[DEBUG]2021-03-25 14:15:51,838: send http_get: http://127.0.0.1:5551/api/agv/jackup?agv=AGV03&loc=None&timeoutSec=90
[DEBUG]2021-03-25 14:15:51,914: GET: http://127.0.0.1:5551/api/agv/jackup?agv=AGV03&loc=None&timeoutSec=90 addr: 127.0.0.1
[WARNING]2021-03-25 14:15:53,317: disconnect AGV03 192.168.20.182 19207
[CRITICAL]2021-03-25 14:15:53,477: invoke <function urlJackup at 0x0000023503D0AC10> cause a error: [WinError 10054] 远程主机强迫关闭了一个现有的连接。
pid=15956, ppid=9204, tid=11312
Traceback (most recent call last):
  File "D:\python_work\AKMfloor\common\scadaUtility.py", line 45, in __call
    ret = func(*p,**pp)
  File "D:\python_work\AKMfloor\agvDevice\main_agvDevice.py", line 23, in urlJackup
    return jackMgr.jackUp(agvId=agvId, timeout=timeout,loc=loc)
  File "D:\python_work\AKMfloor\agvDevice\jackMgr.py", line 23, in jackUp
    ret = agvCtrl.jackUp(agvId,loc=loc)
  File "D:\python_work\AKMfloor\driver\seerAgv\agvCtrl.py", line 261, in jackUp
    elif checkCfgSeer(agvId):
  File "D:\python_work\AKMfloor\driver\seerAgv\agvApi.py", line 215, in conf
    return _handle(agvId, API_PORT_CONFIG, type, data)
  File "D:\python_work\AKMfloor\driver\seerAgv\agvApi.py", line 253, in _handle
    result = _request(agvId, port, typeId, data)
  File "D:\python_work\AKMfloor\driver\seerAgv\agvApi.py", line 291, in _request
    result = sendCmd(agvId, buf, ip, port, type)
  File "D:\python_work\AKMfloor\driver\seerAgv\agvApi.py", line 299, in sendCmd
    _send(agvId,ip, port, buf.buf)
  File "D:\python_work\AKMfloor\driver\seerAgv\agvApi.py", line 383, in _send
    return tcpSocketLong.send(agvId,ip, port, buf)
  File "D:\python_work\AKMfloor\common\tcpSocketLong.py", line 147, in send
    raise e
  File "D:\python_work\AKMfloor\common\tcpSocketLong.py", line 142, in send
    c.send(sendData)
  File "D:\python_work\AKMfloor\common\tcpSocketLong.py", line 78, in send
    self._socket.send(sendData)
ConnectionResetError: [WinError 10054] 远程主机强迫关闭了一个现有的连接。

[DEBUG]2021-03-25 14:15:53,500: used 1586ms 200 OK application/json;charset=utf-8, GET: http://127.0.0.1:5551/api/agv/jackup?agv=AGV03&loc=None&timeoutSec=90
[DEBUG]2021-03-25 14:15:53,568: [return] use 1730 ms,http_get: http://127.0.0.1:5551/api/agv/jackup?agv=AGV03&loc=None&timeoutSec=90
[CRITICAL]2021-03-25 14:15:53,646: task[605c2a6a6f5e08a010ef4422][AGV03] AP13(LM15) -> AP14(LM16) [loadPlayload_jackup] jackup cause a error: ConnectionResetError: [WinError 10054] 远程主机强迫关闭了一个现有的连接。
pid=15956, ppid=9204, tid=11020
Traceback (most recent call last):
  File "D:\python_work\AKMfloor\pharmapackCtrl\runTasks.py", line 897, in _jackUp
    jackApi.jackUp(self.agvId, timeoutSec=90)
  File "D:\python_work\AKMfloor\agvDevice\jackApi.py", line 44, in jackUp
    return _jack('/api/agv/jackup', agvId,timeoutSec,loc)
  File "D:\python_work\AKMfloor\agvDevice\jackApi.py", line 64, in _jack
    return http_get(url + apiurl, param,timeout=timeoutSec+2)
  File "D:\python_work\AKMfloor\agvDevice\jackApi.py", line 18, in http_get
    raise Exception(result["errormsg"])
Exception: ConnectionResetError: [WinError 10054] 远程主机强迫关闭了一个现有的连接。

[INFO]2021-03-25 14:15:53,668: task[605c2a6a6f5e08a010ef4422][AGV03] AP13(LM15) -> AP14(LM16) [loadPlayload_jackup] loadPlayload_jackup error
[DEBUG]2021-03-25 14:15:53,902: try connect AGV03 192.168.20.182:19207
[INFO]2021-03-25 14:15:53,954: AGV03 connected 192.168.20.182 19207
[INFO]2021-03-25 14:15:55,700: task[605c2a6a6f5e08a010ef4422][AGV03] AP13(LM15) -> AP14(LM16) [loadPlayload_jackup] _jackUp
[DEBUG]2021-03-25 14:15:55,723: send http_get: http://127.0.0.1:5551/api/agv/jackup?agv=AGV03&loc=None&timeoutSec=90
[DEBUG]2021-03-25 14:15:55,788: GET: http://127.0.0.1:5551/api/agv/jackup?agv=AGV03&loc=None&timeoutSec=90 addr: 127.0.0.1
[INFO]2021-03-25 14:15:56,545: _jack in jackMgr: AGV03 up [{'id': 0, 'source': 'normal', 'status': True}, {'id': 1, 'source': 'normal', 'status': True}, {'id': 2, 'source': 'normal', 'status': True}, {'id': 3, 'source': 'normal', 'status': True}, {'id': 4, 'source': 'normal', 'status': True}, {'id': 5, 'source': 'normal', 'status': True}, {'id': 6, 'source': 'normal', 'status': True}, {'id': 7, 'source': 'normal', 'status': True}, {'id': 17, 'source': 'reserve', 'status': False}, {'id': 20, 'source': 'modbus', 'status': False}, {'id': 21, 'source': 'modbus', 'status': False}, {'id': 22, 'source': 'modbus', 'status': False}, {'id': 23, 'source': 'modbus', 'status': False}, {'id': 24, 'source': 'modbus', 'status': False}, {'id': 25, 'source': 'modbus', 'status': False}, {'id': 26, 'source': 'modbus', 'status': False}, {'id': 27, 'source': 'modbus', 'status': False}, {'id': 30, 'source': 'modbus', 'status': False}, {'id': 31, 'source': 'modbus', 'status': True}, {'id': 32, 'source': 'modbus', 'status': True}, {'id': 33, 'source': 'modbus', 'status': True}, {'id': 34, 'source': 'modbus', 'status': False}, {'id': 35, 'source': 'modbus', 'status': False}, {'id': 36, 'source': 'modbus', 'status': False}, {'id': 37, 'source': 'modbus', 'status': True}]
[INFO]2021-03-25 14:15:56,593: AGV03 jack up status:  True
[DEBUG]2021-03-25 14:15:56,652: [return] use 929 ms,http_get: http://127.0.0.1:5551/api/agv/jackup?agv=AGV03&loc=None&timeoutSec=90
[INFO]2021-03-25 14:15:56,678: task[605c2a6a6f5e08a010ef4422] update info: {'failMsg': '等待四楼Test2工位点锁', 'updateTime': datetime.datetime(2021, 3, 25, 14, 15, 56, 668565)}
[DEBUG]2021-03-25 14:15:56,722: task[605c2a6a6f5e08a010ef4422][AGV03] AP13(LM15) -> AP14(LM16) [waitDestPreLoc] loadPlayload_jackup -> waitDestPreLoc
[INFO]2021-03-25 14:15:57,118: task: prepoint locked  605c2a6a6f5e08a010ef4422 AKM4F.AP14
[INFO]2021-03-25 14:15:57,153: task[605c2a6a6f5e08a010ef4422] update info: {'failMsg': '前往AP14工位点放下货架', 'updateTime': datetime.datetime(2021, 3, 25, 14, 15, 57, 149937)}
[DEBUG]2021-03-25 14:15:57,181: task[605c2a6a6f5e08a010ef4422][AGV03] AP13(LM15) -> AP14(LM16) [dropPayloadMove] waitDestPreLoc -> dropPayloadMove
[DEBUG]2021-03-25 14:15:57,569: GET: http://127.0.0.1:5551/api/agv/move?WorkPlace=None&agv=AGV03&agvId=AGV03&appName=scadaTask&direction=None&floorId=AKM4F&isRotate&loc=AKM4F.AP14&location=AP14&p_direction=0.0&pgv_type=1&recognize=False&result=True&resultDesc=None&seer_jackup=JackUnload&taskId=605c2a6a6f5e08a010ef4422_4&taskType=scadaTask&timeoutSec=86400&use_pgv=False addr: 127.0.0.1
[INFO]2021-03-25 14:15:57,611: Begin: AGV03 move from AKM4F.AP13 to AKM4F.AP14 by paths: [('AKM4F', ['AP13', 'LM15', 'LM9', 'LM10', 'LM16', 'AP14'], 6.244999999999999)] task: 605c2a6a6f5e08a010ef4422_4 timeout 86400 used 39 ms
[INFO]2021-03-25 14:15:57,618: task[605c2a6a6f5e08a010ef4422] update info: {'step': 'dropPayload', 'updateTime': datetime.datetime(2021, 3, 25, 14, 15, 57, 615622)}
[DEBUG]2021-03-25 14:15:57,618: task[605c2a6a6f5e08a010ef4422][AGV03] AP13(LM15) -> AP14(LM16) [dropPayload] dropPayloadMove -> dropPayload
[DEBUG]2021-03-25 14:15:58,237: agvInfo: AGV03 AKM4F.AP13 move to AKM4F.LM15 ,taskId 605c2a6a6f5e08a010ef4422_4
[INFO]2021-03-25 14:15:58,247: goTarget {'id': 'LM15'}
[WARNING]2021-03-25 14:15:58,277: disconnect AGV03 192.168.20.182 19206
[CRITICAL]2021-03-25 14:15:58,311: agvApi send task, agvId=AGV03 cause a error: [WinError 10054] 远程主机强迫关闭了一个现有的连接。
pid=15956, ppid=9204, tid=23100
Traceback (most recent call last):
  File "D:\python_work\AKMfloor\driver\seerAgv\agvApi.py", line 204, in task
    ret = _handle(agvId, API_PORT_TASK, type, data)
  File "D:\python_work\AKMfloor\driver\seerAgv\agvApi.py", line 253, in _handle
    result = _request(agvId, port, typeId, data)
  File "D:\python_work\AKMfloor\driver\seerAgv\agvApi.py", line 291, in _request
    result = sendCmd(agvId, buf, ip, port, type)
  File "D:\python_work\AKMfloor\driver\seerAgv\agvApi.py", line 299, in sendCmd
    _send(agvId,ip, port, buf.buf)
  File "D:\python_work\AKMfloor\driver\seerAgv\agvApi.py", line 383, in _send
    return tcpSocketLong.send(agvId,ip, port, buf)
  File "D:\python_work\AKMfloor\common\tcpSocketLong.py", line 147, in send
    raise e
  File "D:\python_work\AKMfloor\common\tcpSocketLong.py", line 142, in send
    c.send(sendData)
  File "D:\python_work\AKMfloor\common\tcpSocketLong.py", line 78, in send
    self._socket.send(sendData)
ConnectionResetError: [WinError 10054] 远程主机强迫关闭了一个现有的连接。

[DEBUG]2021-03-25 14:15:58,539: try connect AGV03 192.168.20.182:19206
[INFO]2021-03-25 14:15:58,570: AGV03 connected 192.168.20.182 19206
[WARNING]2021-03-25 14:15:58,779: AGV03 low battery charge,batteryLevel= 0.460 start charge level= 0.500
[WARNING]2021-03-25 14:15:58,780: AGV03 battery 0.460 check failed: isLocked
[DEBUG]2021-03-25 14:16:02,087: AGV03 turn to wait check cur AP13 next LM9 0.836 False
[DEBUG]2021-03-25 14:16:02,924: agvInfo: AGV03 AKM4F.AP13 move to AKM4F.LM9 ,taskId 605c2a6a6f5e08a010ef4422_4
[INFO]2021-03-25 14:16:02,925: goTarget {'id': 'LM9'}
[DEBUG]2021-03-25 14:16:03,724: AGV03 set loc AKM4F.LM15 ,old AP13 (-9.89,-3.40)
[DEBUG]2021-03-25 14:16:04,154: AGV03 turn to wait check cur LM15 next LM10 0.842 False
[DEBUG]2021-03-25 14:16:04,809: agvInfo: AGV03 AKM4F.LM15 move to AKM4F.LM10 ,taskId 605c2a6a6f5e08a010ef4422_4
[INFO]2021-03-25 14:16:04,812: goTarget {'id': 'LM10'}
[WARNING]2021-03-25 14:16:08,838: AGV03 low battery charge,batteryLevel= 0.460 start charge level= 0.500
[WARNING]2021-03-25 14:16:08,839: AGV03 battery 0.460 check failed: isLocked
[DEBUG]2021-03-25 14:16:13,698: AGV03 set loc AKM4F.LM9 ,old LM15 (-9.90,-4.23)
[ERROR]2021-03-25 14:16:17,664: raise alarm obj=AGV03, typeId=49997, desc=小车置信度小于最低阈值,当前值:0.7383, id=605c2ab107e2e631304f4444
[WARNING]2021-03-25 14:16:18,330: clear alarm obj=AGV03, typeId=49997, id=605c2ab107e2e631304f4444
[WARNING]2021-03-25 14:16:18,880: AGV03 low battery charge,batteryLevel= 0.460 start charge level= 0.500
[WARNING]2021-03-25 14:16:18,881: AGV03 battery 0.460 check failed: isLocked
[DEBUG]2021-03-25 14:16:22,647: AGV03 turn to wait check cur LM9 next LM16 0.922 False
[DEBUG]2021-03-25 14:16:23,227: agvInfo: AGV03 AKM4F.LM9 move to AKM4F.LM16 ,taskId 605c2a6a6f5e08a010ef4422_4
[INFO]2021-03-25 14:16:23,228: goTarget {'id': 'LM16'}
[DEBUG]2021-03-25 14:16:24,092: AGV03 set loc AKM4F.LM10 ,old LM9 (-8.16,-4.43)
[DEBUG]2021-03-25 14:16:24,448: AGV03 choise next pos cur LM10 next AP14 pre LM16 2.200 False
[DEBUG]2021-03-25 14:16:24,449: AGV03 turn to wait check cur LM10 next AP14 2.200 False
[DEBUG]2021-03-25 14:16:25,011: agvInfo: AGV03 AKM4F.LM10 move jackdown to AKM4F.AP14 ,taskId 605c2a6a6f5e08a010ef4422_4
[INFO]2021-03-25 14:16:25,012: +++++++ {'id': 'AP14', 'operation': 'JackUnload', 'recognize': False, 'use_pgv': False}
[WARNING]2021-03-25 14:16:28,943: AGV03 low battery charge,batteryLevel= 0.460 start charge level= 0.500
[WARNING]2021-03-25 14:16:28,944: AGV03 battery 0.460 check failed: isLocked
[DEBUG]2021-03-25 14:16:32,324: AGV03 set loc AKM4F.LM16 ,old LM10 (-8.04,-3.69)
[WARNING]2021-03-25 14:16:33,856: AGV03 waitFinish: loc is diff LM16 AP14 task_status= 2
[WARNING]2021-03-25 14:16:34,359: AGV03 waitFinish: loc is diff LM16 AP14 task_status= 2
[WARNING]2021-03-25 14:16:34,860: AGV03 waitFinish: loc is diff LM16 AP14 task_status= 2
[WARNING]2021-03-25 14:16:35,364: AGV03 waitFinish: loc is diff LM16 AP14 task_status= 2
[WARNING]2021-03-25 14:16:35,866: AGV03 waitFinish: loc is diff LM16 AP14 task_status= 2
[DEBUG]2021-03-25 14:16:36,272: AGV03 set loc AKM4F.AP14 ,old LM16 (-8.04,-2.38)
[WARNING]2021-03-25 14:16:38,985: AGV03 low battery charge,batteryLevel= 0.460 start charge level= 0.500
[WARNING]2021-03-25 14:16:38,988: AGV03 battery 0.460 check failed: isLocked
[SUCC]2021-03-25 14:16:39,398: Finish:  AGV03 arrived AKM4F.AP14 ,task: 605c2a6a6f5e08a010ef4422_4
[INFO]2021-03-25 14:16:39,589: task: move finish callback task[605c2a6a6f5e08a010ef4422][AGV03] AP13(LM15) -> AP14(LM16) [dropPayload]
[INFO]2021-03-25 14:16:39,593: task[605c2a6a6f5e08a010ef4422] update info: {'failMsg': '放下货架，旋转顶升机构初始化', 'updateTime': datetime.datetime(2021, 3, 25, 14, 16, 39, 589870)}
[INFO]2021-03-25 14:16:39,605: task[605c2a6a6f5e08a010ef4422][AGV03] AP13(LM15) -> AP14(LM16) [dropPayloadJackdown] _jackDown
[DEBUG]2021-03-25 14:16:39,606: send http_get: http://127.0.0.1:5551/api/agv/jackdown?agv=AGV03&loc=None&timeoutSec=90
[DEBUG]2021-03-25 14:16:39,621: GET: http://127.0.0.1:5551/api/agv/jackdown?agv=AGV03&loc=None&timeoutSec=90 addr: 127.0.0.1
[INFO]2021-03-25 14:16:40,904: _jack in jackMgr: AGV03 down [{'id': 0, 'source': 'normal', 'status': True}, {'id': 1, 'source': 'normal', 'status': True}, {'id': 2, 'source': 'normal', 'status': True}, {'id': 3, 'source': 'normal', 'status': True}, {'id': 4, 'source': 'normal', 'status': True}, {'id': 5, 'source': 'normal', 'status': True}, {'id': 6, 'source': 'normal', 'status': True}, {'id': 7, 'source': 'normal', 'status': True}, {'id': 17, 'source': 'reserve', 'status': False}, {'id': 20, 'source': 'modbus', 'status': False}, {'id': 21, 'source': 'modbus', 'status': False}, {'id': 22, 'source': 'modbus', 'status': False}, {'id': 23, 'source': 'modbus', 'status': False}, {'id': 24, 'source': 'modbus', 'status': False}, {'id': 25, 'source': 'modbus', 'status': False}, {'id': 26, 'source': 'modbus', 'status': False}, {'id': 27, 'source': 'modbus', 'status': False}, {'id': 30, 'source': 'modbus', 'status': False}, {'id': 31, 'source': 'modbus', 'status': True}, {'id': 32, 'source': 'modbus', 'status': True}, {'id': 33, 'source': 'modbus', 'status': True}, {'id': 34, 'source': 'modbus', 'status': False}, {'id': 35, 'source': 'modbus', 'status': False}, {'id': 36, 'source': 'modbus', 'status': False}, {'id': 37, 'source': 'modbus', 'status': True}]
[INFO]2021-03-25 14:16:42,649: _jack in jackMgr: AGV03 down [{'id': 0, 'source': 'normal', 'status': True}, {'id': 1, 'source': 'normal', 'status': True}, {'id': 2, 'source': 'normal', 'status': True}, {'id': 3, 'source': 'normal', 'status': True}, {'id': 4, 'source': 'normal', 'status': True}, {'id': 5, 'source': 'normal', 'status': True}, {'id': 6, 'source': 'normal', 'status': True}, {'id': 7, 'source': 'normal', 'status': True}, {'id': 17, 'source': 'reserve', 'status': False}, {'id': 20, 'source': 'modbus', 'status': False}, {'id': 21, 'source': 'modbus', 'status': False}, {'id': 22, 'source': 'modbus', 'status': False}, {'id': 23, 'source': 'modbus', 'status': False}, {'id': 24, 'source': 'modbus', 'status': False}, {'id': 25, 'source': 'modbus', 'status': False}, {'id': 26, 'source': 'modbus', 'status': False}, {'id': 27, 'source': 'modbus', 'status': False}, {'id': 30, 'source': 'modbus', 'status': False}, {'id': 31, 'source': 'modbus', 'status': True}, {'id': 32, 'source': 'modbus', 'status': True}, {'id': 33, 'source': 'modbus', 'status': True}, {'id': 34, 'source': 'modbus', 'status': False}, {'id': 35, 'source': 'modbus', 'status': False}, {'id': 36, 'source': 'modbus', 'status': False}, {'id': 37, 'source': 'modbus', 'status': True}]
[INFO]2021-03-25 14:16:44,551: _jack in jackMgr: AGV03 down [{'id': 0, 'source': 'normal', 'status': True}, {'id': 1, 'source': 'normal', 'status': True}, {'id': 2, 'source': 'normal', 'status': True}, {'id': 3, 'source': 'normal', 'status': True}, {'id': 4, 'source': 'normal', 'status': True}, {'id': 5, 'source': 'normal', 'status': True}, {'id': 6, 'source': 'normal', 'status': True}, {'id': 7, 'source': 'normal', 'status': True}, {'id': 17, 'source': 'reserve', 'status': False}, {'id': 20, 'source': 'modbus', 'status': False}, {'id': 21, 'source': 'modbus', 'status': False}, {'id': 22, 'source': 'modbus', 'status': False}, {'id': 23, 'source': 'modbus', 'status': False}, {'id': 24, 'source': 'modbus', 'status': False}, {'id': 25, 'source': 'modbus', 'status': False}, {'id': 26, 'source': 'modbus', 'status': False}, {'id': 27, 'source': 'modbus', 'status': False}, {'id': 30, 'source': 'modbus', 'status': False}, {'id': 31, 'source': 'modbus', 'status': True}, {'id': 32, 'source': 'modbus', 'status': True}, {'id': 33, 'source': 'modbus', 'status': True}, {'id': 34, 'source': 'modbus', 'status': False}, {'id': 35, 'source': 'modbus', 'status': False}, {'id': 36, 'source': 'modbus', 'status': False}, {'id': 37, 'source': 'modbus', 'status': True}]
[INFO]2021-03-25 14:16:46,233: _jack in jackMgr: AGV03 down [{'id': 0, 'source': 'normal', 'status': True}, {'id': 1, 'source': 'normal', 'status': True}, {'id': 2, 'source': 'normal', 'status': True}, {'id': 3, 'source': 'normal', 'status': True}, {'id': 4, 'source': 'normal', 'status': True}, {'id': 5, 'source': 'normal', 'status': True}, {'id': 6, 'source': 'normal', 'status': True}, {'id': 7, 'source': 'normal', 'status': True}, {'id': 17, 'source': 'reserve', 'status': False}, {'id': 20, 'source': 'modbus', 'status': False}, {'id': 21, 'source': 'modbus', 'status': False}, {'id': 22, 'source': 'modbus', 'status': False}, {'id': 23, 'source': 'modbus', 'status': False}, {'id': 24, 'source': 'modbus', 'status': False}, {'id': 25, 'source': 'modbus', 'status': False}, {'id': 26, 'source': 'modbus', 'status': False}, {'id': 27, 'source': 'modbus', 'status': False}, {'id': 30, 'source': 'modbus', 'status': False}, {'id': 31, 'source': 'modbus', 'status': True}, {'id': 32, 'source': 'modbus', 'status': True}, {'id': 33, 'source': 'modbus', 'status': True}, {'id': 34, 'source': 'modbus', 'status': False}, {'id': 35, 'source': 'modbus', 'status': False}, {'id': 36, 'source': 'modbus', 'status': False}, {'id': 37, 'source': 'modbus', 'status': True}]
[INFO]2021-03-25 14:16:47,925: _jack in jackMgr: AGV03 down [{'id': 0, 'source': 'normal', 'status': True}, {'id': 1, 'source': 'normal', 'status': True}, {'id': 2, 'source': 'normal', 'status': True}, {'id': 3, 'source': 'normal', 'status': True}, {'id': 4, 'source': 'normal', 'status': True}, {'id': 5, 'source': 'normal', 'status': True}, {'id': 6, 'source': 'normal', 'status': True}, {'id': 7, 'source': 'normal', 'status': True}, {'id': 17, 'source': 'reserve', 'status': False}, {'id': 20, 'source': 'modbus', 'status': False}, {'id': 21, 'source': 'modbus', 'status': False}, {'id': 22, 'source': 'modbus', 'status': False}, {'id': 23, 'source': 'modbus', 'status': False}, {'id': 24, 'source': 'modbus', 'status': False}, {'id': 25, 'source': 'modbus', 'status': False}, {'id': 26, 'source': 'modbus', 'status': False}, {'id': 27, 'source': 'modbus', 'status': False}, {'id': 30, 'source': 'modbus', 'status': False}, {'id': 31, 'source': 'modbus', 'status': True}, {'id': 32, 'source': 'modbus', 'status': True}, {'id': 33, 'source': 'modbus', 'status': True}, {'id': 34, 'source': 'modbus', 'status': False}, {'id': 35, 'source': 'modbus', 'status': False}, {'id': 36, 'source': 'modbus', 'status': False}, {'id': 37, 'source': 'modbus', 'status': True}]
[WARNING]2021-03-25 14:16:49,254: AGV03 low battery charge,batteryLevel= 0.460 start charge level= 0.500
[WARNING]2021-03-25 14:16:49,288: AGV03 battery 0.460 check failed: isLocked
[INFO]2021-03-25 14:16:49,805: _jack in jackMgr: AGV03 down [{'id': 0, 'source': 'normal', 'status': True}, {'id': 1, 'source': 'normal', 'status': True}, {'id': 2, 'source': 'normal', 'status': True}, {'id': 3, 'source': 'normal', 'status': True}, {'id': 4, 'source': 'normal', 'status': True}, {'id': 5, 'source': 'normal', 'status': True}, {'id': 6, 'source': 'normal', 'status': True}, {'id': 7, 'source': 'normal', 'status': True}, {'id': 17, 'source': 'reserve', 'status': False}, {'id': 20, 'source': 'modbus', 'status': False}, {'id': 21, 'source': 'modbus', 'status': False}, {'id': 22, 'source': 'modbus', 'status': False}, {'id': 23, 'source': 'modbus', 'status': False}, {'id': 24, 'source': 'modbus', 'status': False}, {'id': 25, 'source': 'modbus', 'status': False}, {'id': 26, 'source': 'modbus', 'status': False}, {'id': 27, 'source': 'modbus', 'status': False}, {'id': 30, 'source': 'modbus', 'status': False}, {'id': 31, 'source': 'modbus', 'status': True}, {'id': 32, 'source': 'modbus', 'status': True}, {'id': 33, 'source': 'modbus', 'status': True}, {'id': 34, 'source': 'modbus', 'status': False}, {'id': 35, 'source': 'modbus', 'status': False}, {'id': 36, 'source': 'modbus', 'status': False}, {'id': 37, 'source': 'modbus', 'status': True}]
[INFO]2021-03-25 14:16:51,539: _jack in jackMgr: AGV03 down [{'id': 0, 'source': 'normal', 'status': True}, {'id': 1, 'source': 'normal', 'status': True}, {'id': 2, 'source': 'normal', 'status': True}, {'id': 3, 'source': 'normal', 'status': True}, {'id': 4, 'source': 'normal', 'status': True}, {'id': 5, 'source': 'normal', 'status': True}, {'id': 6, 'source': 'normal', 'status': True}, {'id': 7, 'source': 'normal', 'status': True}, {'id': 17, 'source': 'reserve', 'status': False}, {'id': 20, 'source': 'modbus', 'status': False}, {'id': 21, 'source': 'modbus', 'status': False}, {'id': 22, 'source': 'modbus', 'status': False}, {'id': 23, 'source': 'modbus', 'status': False}, {'id': 24, 'source': 'modbus', 'status': False}, {'id': 25, 'source': 'modbus', 'status': False}, {'id': 26, 'source': 'modbus', 'status': False}, {'id': 27, 'source': 'modbus', 'status': False}, {'id': 30, 'source': 'modbus', 'status': False}, {'id': 31, 'source': 'modbus', 'status': True}, {'id': 32, 'source': 'modbus', 'status': True}, {'id': 33, 'source': 'modbus', 'status': True}, {'id': 34, 'source': 'modbus', 'status': False}, {'id': 35, 'source': 'modbus', 'status': False}, {'id': 36, 'source': 'modbus', 'status': False}, {'id': 37, 'source': 'modbus', 'status': True}]
[INFO]2021-03-25 14:16:53,309: _jack in jackMgr: AGV03 down [{'id': 0, 'source': 'normal', 'status': True}, {'id': 1, 'source': 'normal', 'status': True}, {'id': 2, 'source': 'normal', 'status': True}, {'id': 3, 'source': 'normal', 'status': True}, {'id': 4, 'source': 'normal', 'status': True}, {'id': 5, 'source': 'normal', 'status': True}, {'id': 6, 'source': 'normal', 'status': True}, {'id': 7, 'source': 'normal', 'status': True}, {'id': 17, 'source': 'reserve', 'status': False}, {'id': 20, 'source': 'modbus', 'status': False}, {'id': 21, 'source': 'modbus', 'status': False}, {'id': 22, 'source': 'modbus', 'status': False}, {'id': 23, 'source': 'modbus', 'status': False}, {'id': 24, 'source': 'modbus', 'status': False}, {'id': 25, 'source': 'modbus', 'status': False}, {'id': 26, 'source': 'modbus', 'status': False}, {'id': 27, 'source': 'modbus', 'status': False}, {'id': 30, 'source': 'modbus', 'status': False}, {'id': 31, 'source': 'modbus', 'status': True}, {'id': 32, 'source': 'modbus', 'status': True}, {'id': 33, 'source': 'modbus', 'status': True}, {'id': 34, 'source': 'modbus', 'status': False}, {'id': 35, 'source': 'modbus', 'status': False}, {'id': 36, 'source': 'modbus', 'status': False}, {'id': 37, 'source': 'modbus', 'status': True}]
[INFO]2021-03-25 14:16:55,088: _jack in jackMgr: AGV03 down [{'id': 0, 'source': 'normal', 'status': True}, {'id': 1, 'source': 'normal', 'status': True}, {'id': 2, 'source': 'normal', 'status': True}, {'id': 3, 'source': 'normal', 'status': True}, {'id': 4, 'source': 'normal', 'status': True}, {'id': 5, 'source': 'normal', 'status': True}, {'id': 6, 'source': 'normal', 'status': True}, {'id': 7, 'source': 'normal', 'status': True}, {'id': 17, 'source': 'reserve', 'status': False}, {'id': 20, 'source': 'modbus', 'status': False}, {'id': 21, 'source': 'modbus', 'status': False}, {'id': 22, 'source': 'modbus', 'status': False}, {'id': 23, 'source': 'modbus', 'status': False}, {'id': 24, 'source': 'modbus', 'status': False}, {'id': 25, 'source': 'modbus', 'status': False}, {'id': 26, 'source': 'modbus', 'status': False}, {'id': 27, 'source': 'modbus', 'status': False}, {'id': 30, 'source': 'modbus', 'status': False}, {'id': 31, 'source': 'modbus', 'status': True}, {'id': 32, 'source': 'modbus', 'status': True}, {'id': 33, 'source': 'modbus', 'status': True}, {'id': 34, 'source': 'modbus', 'status': False}, {'id': 35, 'source': 'modbus', 'status': False}, {'id': 36, 'source': 'modbus', 'status': False}, {'id': 37, 'source': 'modbus', 'status': True}]
[INFO]2021-03-25 14:16:56,733: _jack in jackMgr: AGV03 down [{'id': 0, 'source': 'normal', 'status': True}, {'id': 1, 'source': 'normal', 'status': True}, {'id': 2, 'source': 'normal', 'status': True}, {'id': 3, 'source': 'normal', 'status': True}, {'id': 4, 'source': 'normal', 'status': True}, {'id': 5, 'source': 'normal', 'status': True}, {'id': 6, 'source': 'normal', 'status': True}, {'id': 7, 'source': 'normal', 'status': True}, {'id': 17, 'source': 'reserve', 'status': False}, {'id': 20, 'source': 'modbus', 'status': False}, {'id': 21, 'source': 'modbus', 'status': False}, {'id': 22, 'source': 'modbus', 'status': False}, {'id': 23, 'source': 'modbus', 'status': False}, {'id': 24, 'source': 'modbus', 'status': False}, {'id': 25, 'source': 'modbus', 'status': False}, {'id': 26, 'source': 'modbus', 'status': False}, {'id': 27, 'source': 'modbus', 'status': False}, {'id': 30, 'source': 'modbus', 'status': False}, {'id': 31, 'source': 'modbus', 'status': True}, {'id': 32, 'source': 'modbus', 'status': True}, {'id': 33, 'source': 'modbus', 'status': True}, {'id': 34, 'source': 'modbus', 'status': False}, {'id': 35, 'source': 'modbus', 'status': False}, {'id': 36, 'source': 'modbus', 'status': False}, {'id': 37, 'source': 'modbus', 'status': True}]
[INFO]2021-03-25 14:16:58,664: _jack in jackMgr: AGV03 down [{'id': 0, 'source': 'normal', 'status': True}, {'id': 1, 'source': 'normal', 'status': True}, {'id': 2, 'source': 'normal', 'status': True}, {'id': 3, 'source': 'normal', 'status': True}, {'id': 4, 'source': 'normal', 'status': True}, {'id': 5, 'source': 'normal', 'status': True}, {'id': 6, 'source': 'normal', 'status': True}, {'id': 7, 'source': 'normal', 'status': True}, {'id': 17, 'source': 'reserve', 'status': False}, {'id': 20, 'source': 'modbus', 'status': False}, {'id': 21, 'source': 'modbus', 'status': False}, {'id': 22, 'source': 'modbus', 'status': False}, {'id': 23, 'source': 'modbus', 'status': False}, {'id': 24, 'source': 'modbus', 'status': False}, {'id': 25, 'source': 'modbus', 'status': False}, {'id': 26, 'source': 'modbus', 'status': False}, {'id': 27, 'source': 'modbus', 'status': False}, {'id': 30, 'source': 'modbus', 'status': False}, {'id': 31, 'source': 'modbus', 'status': True}, {'id': 32, 'source': 'modbus', 'status': True}, {'id': 33, 'source': 'modbus', 'status': True}, {'id': 34, 'source': 'modbus', 'status': False}, {'id': 35, 'source': 'modbus', 'status': False}, {'id': 36, 'source': 'modbus', 'status': False}, {'id': 37, 'source': 'modbus', 'status': True}]
[WARNING]2021-03-25 14:16:59,573: AGV03 low battery charge,batteryLevel= 0.460 start charge level= 0.500
[WARNING]2021-03-25 14:16:59,590: AGV03 battery 0.460 check failed: isLocked
[INFO]2021-03-25 14:17:00,596: _jack in jackMgr: AGV03 down [{'id': 0, 'source': 'normal', 'status': True}, {'id': 1, 'source': 'normal', 'status': True}, {'id': 2, 'source': 'normal', 'status': True}, {'id': 3, 'source': 'normal', 'status': True}, {'id': 4, 'source': 'normal', 'status': True}, {'id': 5, 'source': 'normal', 'status': True}, {'id': 6, 'source': 'normal', 'status': True}, {'id': 7, 'source': 'normal', 'status': True}, {'id': 17, 'source': 'reserve', 'status': False}, {'id': 20, 'source': 'modbus', 'status': False}, {'id': 21, 'source': 'modbus', 'status': False}, {'id': 22, 'source': 'modbus', 'status': False}, {'id': 23, 'source': 'modbus', 'status': False}, {'id': 24, 'source': 'modbus', 'status': False}, {'id': 25, 'source': 'modbus', 'status': False}, {'id': 26, 'source': 'modbus', 'status': False}, {'id': 27, 'source': 'modbus', 'status': False}, {'id': 30, 'source': 'modbus', 'status': False}, {'id': 31, 'source': 'modbus', 'status': True}, {'id': 32, 'source': 'modbus', 'status': True}, {'id': 33, 'source': 'modbus', 'status': True}, {'id': 34, 'source': 'modbus', 'status': False}, {'id': 35, 'source': 'modbus', 'status': False}, {'id': 36, 'source': 'modbus', 'status': False}, {'id': 37, 'source': 'modbus', 'status': True}]
[INFO]2021-03-25 14:17:02,578: _jack in jackMgr: AGV03 down [{'id': 0, 'source': 'normal', 'status': True}, {'id': 1, 'source': 'normal', 'status': True}, {'id': 2, 'source': 'normal', 'status': True}, {'id': 3, 'source': 'normal', 'status': True}, {'id': 4, 'source': 'normal', 'status': True}, {'id': 5, 'source': 'normal', 'status': True}, {'id': 6, 'source': 'normal', 'status': True}, {'id': 7, 'source': 'normal', 'status': True}, {'id': 17, 'source': 'reserve', 'status': False}, {'id': 20, 'source': 'modbus', 'status': False}, {'id': 21, 'source': 'modbus', 'status': False}, {'id': 22, 'source': 'modbus', 'status': False}, {'id': 23, 'source': 'modbus', 'status': False}, {'id': 24, 'source': 'modbus', 'status': False}, {'id': 25, 'source': 'modbus', 'status': False}, {'id': 26, 'source': 'modbus', 'status': False}, {'id': 27, 'source': 'modbus', 'status': False}, {'id': 30, 'source': 'modbus', 'status': False}, {'id': 31, 'source': 'modbus', 'status': True}, {'id': 32, 'source': 'modbus', 'status': True}, {'id': 33, 'source': 'modbus', 'status': True}, {'id': 34, 'source': 'modbus', 'status': False}, {'id': 35, 'source': 'modbus', 'status': False}, {'id': 36, 'source': 'modbus', 'status': False}, {'id': 37, 'source': 'modbus', 'status': True}]
[INFO]2021-03-25 14:17:04,425: _jack in jackMgr: AGV03 down [{'id': 0, 'source': 'normal', 'status': True}, {'id': 1, 'source': 'normal', 'status': True}, {'id': 2, 'source': 'normal', 'status': True}, {'id': 3, 'source': 'normal', 'status': True}, {'id': 4, 'source': 'normal', 'status': True}, {'id': 5, 'source': 'normal', 'status': True}, {'id': 6, 'source': 'normal', 'status': True}, {'id': 7, 'source': 'normal', 'status': True}, {'id': 17, 'source': 'reserve', 'status': False}, {'id': 20, 'source': 'modbus', 'status': False}, {'id': 21, 'source': 'modbus', 'status': False}, {'id': 22, 'source': 'modbus', 'status': False}, {'id': 23, 'source': 'modbus', 'status': False}, {'id': 24, 'source': 'modbus', 'status': False}, {'id': 25, 'source': 'modbus', 'status': False}, {'id': 26, 'source': 'modbus', 'status': False}, {'id': 27, 'source': 'modbus', 'status': False}, {'id': 30, 'source': 'modbus', 'status': False}, {'id': 31, 'source': 'modbus', 'status': True}, {'id': 32, 'source': 'modbus', 'status': True}, {'id': 33, 'source': 'modbus', 'status': True}, {'id': 34, 'source': 'modbus', 'status': False}, {'id': 35, 'source': 'modbus', 'status': False}, {'id': 36, 'source': 'modbus', 'status': False}, {'id': 37, 'source': 'modbus', 'status': True}]
[INFO]2021-03-25 14:17:06,423: _jack in jackMgr: AGV03 down [{'id': 0, 'source': 'normal', 'status': True}, {'id': 1, 'source': 'normal', 'status': True}, {'id': 2, 'source': 'normal', 'status': True}, {'id': 3, 'source': 'normal', 'status': True}, {'id': 4, 'source': 'normal', 'status': True}, {'id': 5, 'source': 'normal', 'status': True}, {'id': 6, 'source': 'normal', 'status': True}, {'id': 7, 'source': 'normal', 'status': True}, {'id': 17, 'source': 'reserve', 'status': False}, {'id': 20, 'source': 'modbus', 'status': False}, {'id': 21, 'source': 'modbus', 'status': False}, {'id': 22, 'source': 'modbus', 'status': False}, {'id': 23, 'source': 'modbus', 'status': False}, {'id': 24, 'source': 'modbus', 'status': False}, {'id': 25, 'source': 'modbus', 'status': False}, {'id': 26, 'source': 'modbus', 'status': False}, {'id': 27, 'source': 'modbus', 'status': False}, {'id': 30, 'source': 'modbus', 'status': False}, {'id': 31, 'source': 'modbus', 'status': True}, {'id': 32, 'source': 'modbus', 'status': True}, {'id': 33, 'source': 'modbus', 'status': True}, {'id': 34, 'source': 'modbus', 'status': False}, {'id': 35, 'source': 'modbus', 'status': False}, {'id': 36, 'source': 'modbus', 'status': False}, {'id': 37, 'source': 'modbus', 'status': True}]
[INFO]2021-03-25 14:17:08,263: _jack in jackMgr: AGV03 down [{'id': 0, 'source': 'normal', 'status': True}, {'id': 1, 'source': 'normal', 'status': True}, {'id': 2, 'source': 'normal', 'status': True}, {'id': 3, 'source': 'normal', 'status': True}, {'id': 4, 'source': 'normal', 'status': True}, {'id': 5, 'source': 'normal', 'status': True}, {'id': 6, 'source': 'normal', 'status': True}, {'id': 7, 'source': 'normal', 'status': True}, {'id': 17, 'source': 'reserve', 'status': False}, {'id': 20, 'source': 'modbus', 'status': False}, {'id': 21, 'source': 'modbus', 'status': False}, {'id': 22, 'source': 'modbus', 'status': False}, {'id': 23, 'source': 'modbus', 'status': False}, {'id': 24, 'source': 'modbus', 'status': False}, {'id': 25, 'source': 'modbus', 'status': False}, {'id': 26, 'source': 'modbus', 'status': False}, {'id': 27, 'source': 'modbus', 'status': False}, {'id': 30, 'source': 'modbus', 'status': False}, {'id': 31, 'source': 'modbus', 'status': True}, {'id': 32, 'source': 'modbus', 'status': True}, {'id': 33, 'source': 'modbus', 'status': True}, {'id': 34, 'source': 'modbus', 'status': False}, {'id': 35, 'source': 'modbus', 'status': False}, {'id': 36, 'source': 'modbus', 'status': False}, {'id': 37, 'source': 'modbus', 'status': True}]
[WARNING]2021-03-25 14:17:09,890: AGV03 low battery charge,batteryLevel= 0.460 start charge level= 0.500
[WARNING]2021-03-25 14:17:09,921: AGV03 battery 0.460 check failed: isLocked
[INFO]2021-03-25 14:17:10,066: _jack in jackMgr: AGV03 down [{'id': 0, 'source': 'normal', 'status': True}, {'id': 1, 'source': 'normal', 'status': True}, {'id': 2, 'source': 'normal', 'status': True}, {'id': 3, 'source': 'normal', 'status': True}, {'id': 4, 'source': 'normal', 'status': True}, {'id': 5, 'source': 'normal', 'status': True}, {'id': 6, 'source': 'normal', 'status': True}, {'id': 7, 'source': 'normal', 'status': True}, {'id': 17, 'source': 'reserve', 'status': False}, {'id': 20, 'source': 'modbus', 'status': False}, {'id': 21, 'source': 'modbus', 'status': False}, {'id': 22, 'source': 'modbus', 'status': False}, {'id': 23, 'source': 'modbus', 'status': False}, {'id': 24, 'source': 'modbus', 'status': False}, {'id': 25, 'source': 'modbus', 'status': False}, {'id': 26, 'source': 'modbus', 'status': False}, {'id': 27, 'source': 'modbus', 'status': False}, {'id': 30, 'source': 'modbus', 'status': False}, {'id': 31, 'source': 'modbus', 'status': True}, {'id': 32, 'source': 'modbus', 'status': True}, {'id': 33, 'source': 'modbus', 'status': True}, {'id': 34, 'source': 'modbus', 'status': False}, {'id': 35, 'source': 'modbus', 'status': False}, {'id': 36, 'source': 'modbus', 'status': False}, {'id': 37, 'source': 'modbus', 'status': True}]
[INFO]2021-03-25 14:17:11,794: _jack in jackMgr: AGV03 down [{'id': 0, 'source': 'normal', 'status': True}, {'id': 1, 'source': 'normal', 'status': True}, {'id': 2, 'source': 'normal', 'status': True}, {'id': 3, 'source': 'normal', 'status': True}, {'id': 4, 'source': 'normal', 'status': True}, {'id': 5, 'source': 'normal', 'status': True}, {'id': 6, 'source': 'normal', 'status': True}, {'id': 7, 'source': 'normal', 'status': True}, {'id': 17, 'source': 'reserve', 'status': False}, {'id': 20, 'source': 'modbus', 'status': False}, {'id': 21, 'source': 'modbus', 'status': False}, {'id': 22, 'source': 'modbus', 'status': False}, {'id': 23, 'source': 'modbus', 'status': False}, {'id': 24, 'source': 'modbus', 'status': False}, {'id': 25, 'source': 'modbus', 'status': False}, {'id': 26, 'source': 'modbus', 'status': False}, {'id': 27, 'source': 'modbus', 'status': False}, {'id': 30, 'source': 'modbus', 'status': False}, {'id': 31, 'source': 'modbus', 'status': True}, {'id': 32, 'source': 'modbus', 'status': True}, {'id': 33, 'source': 'modbus', 'status': True}, {'id': 34, 'source': 'modbus', 'status': False}, {'id': 35, 'source': 'modbus', 'status': False}, {'id': 36, 'source': 'modbus', 'status': False}, {'id': 37, 'source': 'modbus', 'status': True}]
[INFO]2021-03-25 14:17:13,497: _jack in jackMgr: AGV03 down [{'id': 0, 'source': 'normal', 'status': True}, {'id': 1, 'source': 'normal', 'status': True}, {'id': 2, 'source': 'normal', 'status': True}, {'id': 3, 'source': 'normal', 'status': True}, {'id': 4, 'source': 'normal', 'status': True}, {'id': 5, 'source': 'normal', 'status': True}, {'id': 6, 'source': 'normal', 'status': True}, {'id': 7, 'source': 'normal', 'status': True}, {'id': 17, 'source': 'reserve', 'status': False}, {'id': 20, 'source': 'modbus', 'status': False}, {'id': 21, 'source': 'modbus', 'status': False}, {'id': 22, 'source': 'modbus', 'status': False}, {'id': 23, 'source': 'modbus', 'status': False}, {'id': 24, 'source': 'modbus', 'status': False}, {'id': 25, 'source': 'modbus', 'status': False}, {'id': 26, 'source': 'modbus', 'status': False}, {'id': 27, 'source': 'modbus', 'status': False}, {'id': 30, 'source': 'modbus', 'status': False}, {'id': 31, 'source': 'modbus', 'status': True}, {'id': 32, 'source': 'modbus', 'status': True}, {'id': 33, 'source': 'modbus', 'status': True}, {'id': 34, 'source': 'modbus', 'status': False}, {'id': 35, 'source': 'modbus', 'status': False}, {'id': 36, 'source': 'modbus', 'status': False}, {'id': 37, 'source': 'modbus', 'status': True}]
[INFO]2021-03-25 14:17:15,290: _jack in jackMgr: AGV03 down [{'id': 0, 'source': 'normal', 'status': True}, {'id': 1, 'source': 'normal', 'status': True}, {'id': 2, 'source': 'normal', 'status': True}, {'id': 3, 'source': 'normal', 'status': True}, {'id': 4, 'source': 'normal', 'status': True}, {'id': 5, 'source': 'normal', 'status': True}, {'id': 6, 'source': 'normal', 'status': True}, {'id': 7, 'source': 'normal', 'status': True}, {'id': 17, 'source': 'reserve', 'status': False}, {'id': 20, 'source': 'modbus', 'status': False}, {'id': 21, 'source': 'modbus', 'status': False}, {'id': 22, 'source': 'modbus', 'status': False}, {'id': 23, 'source': 'modbus', 'status': False}, {'id': 24, 'source': 'modbus', 'status': False}, {'id': 25, 'source': 'modbus', 'status': False}, {'id': 26, 'source': 'modbus', 'status': False}, {'id': 27, 'source': 'modbus', 'status': False}, {'id': 30, 'source': 'modbus', 'status': False}, {'id': 31, 'source': 'modbus', 'status': True}, {'id': 32, 'source': 'modbus', 'status': True}, {'id': 33, 'source': 'modbus', 'status': True}, {'id': 34, 'source': 'modbus', 'status': False}, {'id': 35, 'source': 'modbus', 'status': False}, {'id': 36, 'source': 'modbus', 'status': False}, {'id': 37, 'source': 'modbus', 'status': True}]
[INFO]2021-03-25 14:17:17,117: _jack in jackMgr: AGV03 down [{'id': 0, 'source': 'normal', 'status': True}, {'id': 1, 'source': 'normal', 'status': True}, {'id': 2, 'source': 'normal', 'status': True}, {'id': 3, 'source': 'normal', 'status': True}, {'id': 4, 'source': 'normal', 'status': True}, {'id': 5, 'source': 'normal', 'status': True}, {'id': 6, 'source': 'normal', 'status': True}, {'id': 7, 'source': 'normal', 'status': True}, {'id': 17, 'source': 'reserve', 'status': False}, {'id': 20, 'source': 'modbus', 'status': False}, {'id': 21, 'source': 'modbus', 'status': False}, {'id': 22, 'source': 'modbus', 'status': False}, {'id': 23, 'source': 'modbus', 'status': False}, {'id': 24, 'source': 'modbus', 'status': False}, {'id': 25, 'source': 'modbus', 'status': False}, {'id': 26, 'source': 'modbus', 'status': False}, {'id': 27, 'source': 'modbus', 'status': False}, {'id': 30, 'source': 'modbus', 'status': False}, {'id': 31, 'source': 'modbus', 'status': True}, {'id': 32, 'source': 'modbus', 'status': True}, {'id': 33, 'source': 'modbus', 'status': True}, {'id': 34, 'source': 'modbus', 'status': False}, {'id': 35, 'source': 'modbus', 'status': False}, {'id': 36, 'source': 'modbus', 'status': False}, {'id': 37, 'source': 'modbus', 'status': True}]
[INFO]2021-03-25 14:17:18,798: _jack in jackMgr: AGV03 down [{'id': 0, 'source': 'normal', 'status': True}, {'id': 1, 'source': 'normal', 'status': True}, {'id': 2, 'source': 'normal', 'status': True}, {'id': 3, 'source': 'normal', 'status': True}, {'id': 4, 'source': 'normal', 'status': True}, {'id': 5, 'source': 'normal', 'status': True}, {'id': 6, 'source': 'normal', 'status': True}, {'id': 7, 'source': 'normal', 'status': True}, {'id': 17, 'source': 'reserve', 'status': False}, {'id': 20, 'source': 'modbus', 'status': False}, {'id': 21, 'source': 'modbus', 'status': False}, {'id': 22, 'source': 'modbus', 'status': False}, {'id': 23, 'source': 'modbus', 'status': False}, {'id': 24, 'source': 'modbus', 'status': False}, {'id': 25, 'source': 'modbus', 'status': False}, {'id': 26, 'source': 'modbus', 'status': False}, {'id': 27, 'source': 'modbus', 'status': False}, {'id': 30, 'source': 'modbus', 'status': False}, {'id': 31, 'source': 'modbus', 'status': True}, {'id': 32, 'source': 'modbus', 'status': True}, {'id': 33, 'source': 'modbus', 'status': True}, {'id': 34, 'source': 'modbus', 'status': False}, {'id': 35, 'source': 'modbus', 'status': False}, {'id': 36, 'source': 'modbus', 'status': False}, {'id': 37, 'source': 'modbus', 'status': True}]
[WARNING]2021-03-25 14:17:20,171: AGV03 low battery charge,batteryLevel= 0.460 start charge level= 0.500
[WARNING]2021-03-25 14:17:20,189: AGV03 battery 0.460 check failed: isLocked
[INFO]2021-03-25 14:17:20,544: _jack in jackMgr: AGV03 down [{'id': 0, 'source': 'normal', 'status': True}, {'id': 1, 'source': 'normal', 'status': True}, {'id': 2, 'source': 'normal', 'status': True}, {'id': 3, 'source': 'normal', 'status': True}, {'id': 4, 'source': 'normal', 'status': True}, {'id': 5, 'source': 'normal', 'status': True}, {'id': 6, 'source': 'normal', 'status': True}, {'id': 7, 'source': 'normal', 'status': True}, {'id': 17, 'source': 'reserve', 'status': False}, {'id': 20, 'source': 'modbus', 'status': False}, {'id': 21, 'source': 'modbus', 'status': False}, {'id': 22, 'source': 'modbus', 'status': False}, {'id': 23, 'source': 'modbus', 'status': False}, {'id': 24, 'source': 'modbus', 'status': False}, {'id': 25, 'source': 'modbus', 'status': False}, {'id': 26, 'source': 'modbus', 'status': False}, {'id': 27, 'source': 'modbus', 'status': False}, {'id': 30, 'source': 'modbus', 'status': False}, {'id': 31, 'source': 'modbus', 'status': True}, {'id': 32, 'source': 'modbus', 'status': True}, {'id': 33, 'source': 'modbus', 'status': True}, {'id': 34, 'source': 'modbus', 'status': False}, {'id': 35, 'source': 'modbus', 'status': False}, {'id': 36, 'source': 'modbus', 'status': False}, {'id': 37, 'source': 'modbus', 'status': True}]
[INFO]2021-03-25 14:17:22,275: _jack in jackMgr: AGV03 down [{'id': 0, 'source': 'normal', 'status': True}, {'id': 1, 'source': 'normal', 'status': True}, {'id': 2, 'source': 'normal', 'status': True}, {'id': 3, 'source': 'normal', 'status': True}, {'id': 4, 'source': 'normal', 'status': True}, {'id': 5, 'source': 'normal', 'status': True}, {'id': 6, 'source': 'normal', 'status': True}, {'id': 7, 'source': 'normal', 'status': True}, {'id': 17, 'source': 'reserve', 'status': False}, {'id': 20, 'source': 'modbus', 'status': False}, {'id': 21, 'source': 'modbus', 'status': False}, {'id': 22, 'source': 'modbus', 'status': False}, {'id': 23, 'source': 'modbus', 'status': False}, {'id': 24, 'source': 'modbus', 'status': False}, {'id': 25, 'source': 'modbus', 'status': False}, {'id': 26, 'source': 'modbus', 'status': False}, {'id': 27, 'source': 'modbus', 'status': False}, {'id': 30, 'source': 'modbus', 'status': False}, {'id': 31, 'source': 'modbus', 'status': True}, {'id': 32, 'source': 'modbus', 'status': True}, {'id': 33, 'source': 'modbus', 'status': True}, {'id': 34, 'source': 'modbus', 'status': False}, {'id': 35, 'source': 'modbus', 'status': False}, {'id': 36, 'source': 'modbus', 'status': False}, {'id': 37, 'source': 'modbus', 'status': True}]
[INFO]2021-03-25 14:17:24,168: _jack in jackMgr: AGV03 down [{'id': 0, 'source': 'normal', 'status': True}, {'id': 1, 'source': 'normal', 'status': True}, {'id': 2, 'source': 'normal', 'status': True}, {'id': 3, 'source': 'normal', 'status': True}, {'id': 4, 'source': 'normal', 'status': True}, {'id': 5, 'source': 'normal', 'status': True}, {'id': 6, 'source': 'normal', 'status': True}, {'id': 7, 'source': 'normal', 'status': True}, {'id': 17, 'source': 'reserve', 'status': False}, {'id': 20, 'source': 'modbus', 'status': False}, {'id': 21, 'source': 'modbus', 'status': False}, {'id': 22, 'source': 'modbus', 'status': False}, {'id': 23, 'source': 'modbus', 'status': False}, {'id': 24, 'source': 'modbus', 'status': False}, {'id': 25, 'source': 'modbus', 'status': False}, {'id': 26, 'source': 'modbus', 'status': False}, {'id': 27, 'source': 'modbus', 'status': False}, {'id': 30, 'source': 'modbus', 'status': False}, {'id': 31, 'source': 'modbus', 'status': True}, {'id': 32, 'source': 'modbus', 'status': True}, {'id': 33, 'source': 'modbus', 'status': True}, {'id': 34, 'source': 'modbus', 'status': False}, {'id': 35, 'source': 'modbus', 'status': False}, {'id': 36, 'source': 'modbus', 'status': False}, {'id': 37, 'source': 'modbus', 'status': True}]
[INFO]2021-03-25 14:17:25,967: _jack in jackMgr: AGV03 down [{'id': 0, 'source': 'normal', 'status': True}, {'id': 1, 'source': 'normal', 'status': True}, {'id': 2, 'source': 'normal', 'status': True}, {'id': 3, 'source': 'normal', 'status': True}, {'id': 4, 'source': 'normal', 'status': True}, {'id': 5, 'source': 'normal', 'status': True}, {'id': 6, 'source': 'normal', 'status': True}, {'id': 7, 'source': 'normal', 'status': True}, {'id': 17, 'source': 'reserve', 'status': False}, {'id': 20, 'source': 'modbus', 'status': False}, {'id': 21, 'source': 'modbus', 'status': False}, {'id': 22, 'source': 'modbus', 'status': False}, {'id': 23, 'source': 'modbus', 'status': False}, {'id': 24, 'source': 'modbus', 'status': False}, {'id': 25, 'source': 'modbus', 'status': False}, {'id': 26, 'source': 'modbus', 'status': False}, {'id': 27, 'source': 'modbus', 'status': False}, {'id': 30, 'source': 'modbus', 'status': False}, {'id': 31, 'source': 'modbus', 'status': True}, {'id': 32, 'source': 'modbus', 'status': True}, {'id': 33, 'source': 'modbus', 'status': True}, {'id': 34, 'source': 'modbus', 'status': False}, {'id': 35, 'source': 'modbus', 'status': False}, {'id': 36, 'source': 'modbus', 'status': False}, {'id': 37, 'source': 'modbus', 'status': True}]
[INFO]2021-03-25 14:17:27,675: _jack in jackMgr: AGV03 down [{'id': 0, 'source': 'normal', 'status': True}, {'id': 1, 'source': 'normal', 'status': True}, {'id': 2, 'source': 'normal', 'status': True}, {'id': 3, 'source': 'normal', 'status': True}, {'id': 4, 'source': 'normal', 'status': True}, {'id': 5, 'source': 'normal', 'status': True}, {'id': 6, 'source': 'normal', 'status': True}, {'id': 7, 'source': 'normal', 'status': True}, {'id': 17, 'source': 'reserve', 'status': False}, {'id': 20, 'source': 'modbus', 'status': False}, {'id': 21, 'source': 'modbus', 'status': False}, {'id': 22, 'source': 'modbus', 'status': False}, {'id': 23, 'source': 'modbus', 'status': False}, {'id': 24, 'source': 'modbus', 'status': False}, {'id': 25, 'source': 'modbus', 'status': False}, {'id': 26, 'source': 'modbus', 'status': False}, {'id': 27, 'source': 'modbus', 'status': False}, {'id': 30, 'source': 'modbus', 'status': False}, {'id': 31, 'source': 'modbus', 'status': True}, {'id': 32, 'source': 'modbus', 'status': True}, {'id': 33, 'source': 'modbus', 'status': True}, {'id': 34, 'source': 'modbus', 'status': False}, {'id': 35, 'source': 'modbus', 'status': False}, {'id': 36, 'source': 'modbus', 'status': False}, {'id': 37, 'source': 'modbus', 'status': True}]
[INFO]2021-03-25 14:17:29,383: _jack in jackMgr: AGV03 down [{'id': 0, 'source': 'normal', 'status': True}, {'id': 1, 'source': 'normal', 'status': True}, {'id': 2, 'source': 'normal', 'status': True}, {'id': 3, 'source': 'normal', 'status': True}, {'id': 4, 'source': 'normal', 'status': True}, {'id': 5, 'source': 'normal', 'status': True}, {'id': 6, 'source': 'normal', 'status': True}, {'id': 7, 'source': 'normal', 'status': True}, {'id': 17, 'source': 'reserve', 'status': False}, {'id': 20, 'source': 'modbus', 'status': False}, {'id': 21, 'source': 'modbus', 'status': False}, {'id': 22, 'source': 'modbus', 'status': False}, {'id': 23, 'source': 'modbus', 'status': False}, {'id': 24, 'source': 'modbus', 'status': False}, {'id': 25, 'source': 'modbus', 'status': False}, {'id': 26, 'source': 'modbus', 'status': False}, {'id': 27, 'source': 'modbus', 'status': False}, {'id': 30, 'source': 'modbus', 'status': False}, {'id': 31, 'source': 'modbus', 'status': True}, {'id': 32, 'source': 'modbus', 'status': True}, {'id': 33, 'source': 'modbus', 'status': True}, {'id': 34, 'source': 'modbus', 'status': False}, {'id': 35, 'source': 'modbus', 'status': False}, {'id': 36, 'source': 'modbus', 'status': False}, {'id': 37, 'source': 'modbus', 'status': True}]
[WARNING]2021-03-25 14:17:30,512: AGV03 low battery charge,batteryLevel= 0.456 start charge level= 0.500
[WARNING]2021-03-25 14:17:30,537: AGV03 battery 0.456 check failed: isLocked
[INFO]2021-03-25 14:17:31,069: _jack in jackMgr: AGV03 down [{'id': 0, 'source': 'normal', 'status': True}, {'id': 1, 'source': 'normal', 'status': True}, {'id': 2, 'source': 'normal', 'status': True}, {'id': 3, 'source': 'normal', 'status': True}, {'id': 4, 'source': 'normal', 'status': True}, {'id': 5, 'source': 'normal', 'status': True}, {'id': 6, 'source': 'normal', 'status': True}, {'id': 7, 'source': 'normal', 'status': True}, {'id': 17, 'source': 'reserve', 'status': False}, {'id': 20, 'source': 'modbus', 'status': False}, {'id': 21, 'source': 'modbus', 'status': False}, {'id': 22, 'source': 'modbus', 'status': False}, {'id': 23, 'source': 'modbus', 'status': False}, {'id': 24, 'source': 'modbus', 'status': False}, {'id': 25, 'source': 'modbus', 'status': False}, {'id': 26, 'source': 'modbus', 'status': False}, {'id': 27, 'source': 'modbus', 'status': False}, {'id': 30, 'source': 'modbus', 'status': False}, {'id': 31, 'source': 'modbus', 'status': True}, {'id': 32, 'source': 'modbus', 'status': True}, {'id': 33, 'source': 'modbus', 'status': True}, {'id': 34, 'source': 'modbus', 'status': False}, {'id': 35, 'source': 'modbus', 'status': False}, {'id': 36, 'source': 'modbus', 'status': False}, {'id': 37, 'source': 'modbus', 'status': True}]
[INFO]2021-03-25 14:17:32,888: _jack in jackMgr: AGV03 down [{'id': 0, 'source': 'normal', 'status': True}, {'id': 1, 'source': 'normal', 'status': True}, {'id': 2, 'source': 'normal', 'status': True}, {'id': 3, 'source': 'normal', 'status': True}, {'id': 4, 'source': 'normal', 'status': True}, {'id': 5, 'source': 'normal', 'status': True}, {'id': 6, 'source': 'normal', 'status': True}, {'id': 7, 'source': 'normal', 'status': True}, {'id': 17, 'source': 'reserve', 'status': False}, {'id': 20, 'source': 'modbus', 'status': False}, {'id': 21, 'source': 'modbus', 'status': False}, {'id': 22, 'source': 'modbus', 'status': False}, {'id': 23, 'source': 'modbus', 'status': False}, {'id': 24, 'source': 'modbus', 'status': False}, {'id': 25, 'source': 'modbus', 'status': False}, {'id': 26, 'source': 'modbus', 'status': False}, {'id': 27, 'source': 'modbus', 'status': False}, {'id': 30, 'source': 'modbus', 'status': False}, {'id': 31, 'source': 'modbus', 'status': True}, {'id': 32, 'source': 'modbus', 'status': True}, {'id': 33, 'source': 'modbus', 'status': True}, {'id': 34, 'source': 'modbus', 'status': False}, {'id': 35, 'source': 'modbus', 'status': False}, {'id': 36, 'source': 'modbus', 'status': False}, {'id': 37, 'source': 'modbus', 'status': True}]
[INFO]2021-03-25 14:17:34,729: _jack in jackMgr: AGV03 down [{'id': 0, 'source': 'normal', 'status': True}, {'id': 1, 'source': 'normal', 'status': True}, {'id': 2, 'source': 'normal', 'status': True}, {'id': 3, 'source': 'normal', 'status': True}, {'id': 4, 'source': 'normal', 'status': True}, {'id': 5, 'source': 'normal', 'status': True}, {'id': 6, 'source': 'normal', 'status': True}, {'id': 7, 'source': 'normal', 'status': True}, {'id': 17, 'source': 'reserve', 'status': False}, {'id': 20, 'source': 'modbus', 'status': False}, {'id': 21, 'source': 'modbus', 'status': False}, {'id': 22, 'source': 'modbus', 'status': False}, {'id': 23, 'source': 'modbus', 'status': False}, {'id': 24, 'source': 'modbus', 'status': False}, {'id': 25, 'source': 'modbus', 'status': False}, {'id': 26, 'source': 'modbus', 'status': False}, {'id': 27, 'source': 'modbus', 'status': False}, {'id': 30, 'source': 'modbus', 'status': False}, {'id': 31, 'source': 'modbus', 'status': True}, {'id': 32, 'source': 'modbus', 'status': True}, {'id': 33, 'source': 'modbus', 'status': True}, {'id': 34, 'source': 'modbus', 'status': False}, {'id': 35, 'source': 'modbus', 'status': False}, {'id': 36, 'source': 'modbus', 'status': False}, {'id': 37, 'source': 'modbus', 'status': True}]
[INFO]2021-03-25 14:17:36,433: _jack in jackMgr: AGV03 down [{'id': 0, 'source': 'normal', 'status': True}, {'id': 1, 'source': 'normal', 'status': True}, {'id': 2, 'source': 'normal', 'status': True}, {'id': 3, 'source': 'normal', 'status': True}, {'id': 4, 'source': 'normal', 'status': True}, {'id': 5, 'source': 'normal', 'status': True}, {'id': 6, 'source': 'normal', 'status': True}, {'id': 7, 'source': 'normal', 'status': True}, {'id': 17, 'source': 'reserve', 'status': False}, {'id': 20, 'source': 'modbus', 'status': False}, {'id': 21, 'source': 'modbus', 'status': False}, {'id': 22, 'source': 'modbus', 'status': False}, {'id': 23, 'source': 'modbus', 'status': False}, {'id': 24, 'source': 'modbus', 'status': False}, {'id': 25, 'source': 'modbus', 'status': False}, {'id': 26, 'source': 'modbus', 'status': False}, {'id': 27, 'source': 'modbus', 'status': False}, {'id': 30, 'source': 'modbus', 'status': False}, {'id': 31, 'source': 'modbus', 'status': True}, {'id': 32, 'source': 'modbus', 'status': True}, {'id': 33, 'source': 'modbus', 'status': True}, {'id': 34, 'source': 'modbus', 'status': False}, {'id': 35, 'source': 'modbus', 'status': False}, {'id': 36, 'source': 'modbus', 'status': False}, {'id': 37, 'source': 'modbus', 'status': True}]
[INFO]2021-03-25 14:17:38,125: _jack in jackMgr: AGV03 down [{'id': 0, 'source': 'normal', 'status': True}, {'id': 1, 'source': 'normal', 'status': True}, {'id': 2, 'source': 'normal', 'status': True}, {'id': 3, 'source': 'normal', 'status': True}, {'id': 4, 'source': 'normal', 'status': True}, {'id': 5, 'source': 'normal', 'status': True}, {'id': 6, 'source': 'normal', 'status': True}, {'id': 7, 'source': 'normal', 'status': True}, {'id': 17, 'source': 'reserve', 'status': False}, {'id': 20, 'source': 'modbus', 'status': False}, {'id': 21, 'source': 'modbus', 'status': False}, {'id': 22, 'source': 'modbus', 'status': False}, {'id': 23, 'source': 'modbus', 'status': False}, {'id': 24, 'source': 'modbus', 'status': False}, {'id': 25, 'source': 'modbus', 'status': False}, {'id': 26, 'source': 'modbus', 'status': False}, {'id': 27, 'source': 'modbus', 'status': False}, {'id': 30, 'source': 'modbus', 'status': False}, {'id': 31, 'source': 'modbus', 'status': True}, {'id': 32, 'source': 'modbus', 'status': True}, {'id': 33, 'source': 'modbus', 'status': True}, {'id': 34, 'source': 'modbus', 'status': False}, {'id': 35, 'source': 'modbus', 'status': False}, {'id': 36, 'source': 'modbus', 'status': False}, {'id': 37, 'source': 'modbus', 'status': True}]
[INFO]2021-03-25 14:17:39,865: _jack in jackMgr: AGV03 down [{'id': 0, 'source': 'normal', 'status': True}, {'id': 1, 'source': 'normal', 'status': True}, {'id': 2, 'source': 'normal', 'status': True}, {'id': 3, 'source': 'normal', 'status': True}, {'id': 4, 'source': 'normal', 'status': True}, {'id': 5, 'source': 'normal', 'status': True}, {'id': 6, 'source': 'normal', 'status': True}, {'id': 7, 'source': 'normal', 'status': True}, {'id': 17, 'source': 'reserve', 'status': False}, {'id': 20, 'source': 'modbus', 'status': False}, {'id': 21, 'source': 'modbus', 'status': False}, {'id': 22, 'source': 'modbus', 'status': False}, {'id': 23, 'source': 'modbus', 'status': False}, {'id': 24, 'source': 'modbus', 'status': False}, {'id': 25, 'source': 'modbus', 'status': False}, {'id': 26, 'source': 'modbus', 'status': False}, {'id': 27, 'source': 'modbus', 'status': False}, {'id': 30, 'source': 'modbus', 'status': False}, {'id': 31, 'source': 'modbus', 'status': True}, {'id': 32, 'source': 'modbus', 'status': True}, {'id': 33, 'source': 'modbus', 'status': True}, {'id': 34, 'source': 'modbus', 'status': False}, {'id': 35, 'source': 'modbus', 'status': False}, {'id': 36, 'source': 'modbus', 'status': False}, {'id': 37, 'source': 'modbus', 'status': True}]
[WARNING]2021-03-25 14:17:40,788: AGV03 low battery charge,batteryLevel= 0.456 start charge level= 0.500
[WARNING]2021-03-25 14:17:40,818: AGV03 battery 0.456 check failed: isLocked
[INFO]2021-03-25 14:17:41,502: _jack in jackMgr: AGV03 down [{'id': 0, 'source': 'normal', 'status': True}, {'id': 1, 'source': 'normal', 'status': True}, {'id': 2, 'source': 'normal', 'status': True}, {'id': 3, 'source': 'normal', 'status': True}, {'id': 4, 'source': 'normal', 'status': True}, {'id': 5, 'source': 'normal', 'status': True}, {'id': 6, 'source': 'normal', 'status': True}, {'id': 7, 'source': 'normal', 'status': True}, {'id': 17, 'source': 'reserve', 'status': False}, {'id': 20, 'source': 'modbus', 'status': False}, {'id': 21, 'source': 'modbus', 'status': False}, {'id': 22, 'source': 'modbus', 'status': False}, {'id': 23, 'source': 'modbus', 'status': False}, {'id': 24, 'source': 'modbus', 'status': False}, {'id': 25, 'source': 'modbus', 'status': False}, {'id': 26, 'source': 'modbus', 'status': False}, {'id': 27, 'source': 'modbus', 'status': False}, {'id': 30, 'source': 'modbus', 'status': False}, {'id': 31, 'source': 'modbus', 'status': True}, {'id': 32, 'source': 'modbus', 'status': True}, {'id': 33, 'source': 'modbus', 'status': True}, {'id': 34, 'source': 'modbus', 'status': False}, {'id': 35, 'source': 'modbus', 'status': False}, {'id': 36, 'source': 'modbus', 'status': False}, {'id': 37, 'source': 'modbus', 'status': True}]
[INFO]2021-03-25 14:17:43,170: _jack in jackMgr: AGV03 down [{'id': 0, 'source': 'normal', 'status': True}, {'id': 1, 'source': 'normal', 'status': True}, {'id': 2, 'source': 'normal', 'status': True}, {'id': 3, 'source': 'normal', 'status': True}, {'id': 4, 'source': 'normal', 'status': True}, {'id': 5, 'source': 'normal', 'status': True}, {'id': 6, 'source': 'normal', 'status': True}, {'id': 7, 'source': 'normal', 'status': True}, {'id': 17, 'source': 'reserve', 'status': False}, {'id': 20, 'source': 'modbus', 'status': False}, {'id': 21, 'source': 'modbus', 'status': False}, {'id': 22, 'source': 'modbus', 'status': False}, {'id': 23, 'source': 'modbus', 'status': False}, {'id': 24, 'source': 'modbus', 'status': False}, {'id': 25, 'source': 'modbus', 'status': False}, {'id': 26, 'source': 'modbus', 'status': False}, {'id': 27, 'source': 'modbus', 'status': False}, {'id': 30, 'source': 'modbus', 'status': False}, {'id': 31, 'source': 'modbus', 'status': True}, {'id': 32, 'source': 'modbus', 'status': True}, {'id': 33, 'source': 'modbus', 'status': True}, {'id': 34, 'source': 'modbus', 'status': False}, {'id': 35, 'source': 'modbus', 'status': False}, {'id': 36, 'source': 'modbus', 'status': False}, {'id': 37, 'source': 'modbus', 'status': True}]
[INFO]2021-03-25 14:17:45,058: _jack in jackMgr: AGV03 down [{'id': 0, 'source': 'normal', 'status': True}, {'id': 1, 'source': 'normal', 'status': True}, {'id': 2, 'source': 'normal', 'status': True}, {'id': 3, 'source': 'normal', 'status': True}, {'id': 4, 'source': 'normal', 'status': True}, {'id': 5, 'source': 'normal', 'status': True}, {'id': 6, 'source': 'normal', 'status': True}, {'id': 7, 'source': 'normal', 'status': True}, {'id': 17, 'source': 'reserve', 'status': False}, {'id': 20, 'source': 'modbus', 'status': False}, {'id': 21, 'source': 'modbus', 'status': False}, {'id': 22, 'source': 'modbus', 'status': False}, {'id': 23, 'source': 'modbus', 'status': False}, {'id': 24, 'source': 'modbus', 'status': False}, {'id': 25, 'source': 'modbus', 'status': False}, {'id': 26, 'source': 'modbus', 'status': False}, {'id': 27, 'source': 'modbus', 'status': False}, {'id': 30, 'source': 'modbus', 'status': False}, {'id': 31, 'source': 'modbus', 'status': True}, {'id': 32, 'source': 'modbus', 'status': True}, {'id': 33, 'source': 'modbus', 'status': True}, {'id': 34, 'source': 'modbus', 'status': False}, {'id': 35, 'source': 'modbus', 'status': False}, {'id': 36, 'source': 'modbus', 'status': False}, {'id': 37, 'source': 'modbus', 'status': True}]
[INFO]2021-03-25 14:17:47,028: _jack in jackMgr: AGV03 down [{'id': 0, 'source': 'normal', 'status': True}, {'id': 1, 'source': 'normal', 'status': True}, {'id': 2, 'source': 'normal', 'status': True}, {'id': 3, 'source': 'normal', 'status': True}, {'id': 4, 'source': 'normal', 'status': True}, {'id': 5, 'source': 'normal', 'status': True}, {'id': 6, 'source': 'normal', 'status': True}, {'id': 7, 'source': 'normal', 'status': True}, {'id': 17, 'source': 'reserve', 'status': False}, {'id': 20, 'source': 'modbus', 'status': False}, {'id': 21, 'source': 'modbus', 'status': False}, {'id': 22, 'source': 'modbus', 'status': False}, {'id': 23, 'source': 'modbus', 'status': False}, {'id': 24, 'source': 'modbus', 'status': False}, {'id': 25, 'source': 'modbus', 'status': False}, {'id': 26, 'source': 'modbus', 'status': False}, {'id': 27, 'source': 'modbus', 'status': False}, {'id': 30, 'source': 'modbus', 'status': False}, {'id': 31, 'source': 'modbus', 'status': True}, {'id': 32, 'source': 'modbus', 'status': True}, {'id': 33, 'source': 'modbus', 'status': True}, {'id': 34, 'source': 'modbus', 'status': False}, {'id': 35, 'source': 'modbus', 'status': False}, {'id': 36, 'source': 'modbus', 'status': False}, {'id': 37, 'source': 'modbus', 'status': True}]
[INFO]2021-03-25 14:17:48,725: _jack in jackMgr: AGV03 down [{'id': 0, 'source': 'normal', 'status': True}, {'id': 1, 'source': 'normal', 'status': True}, {'id': 2, 'source': 'normal', 'status': True}, {'id': 3, 'source': 'normal', 'status': True}, {'id': 4, 'source': 'normal', 'status': True}, {'id': 5, 'source': 'normal', 'status': True}, {'id': 6, 'source': 'normal', 'status': True}, {'id': 7, 'source': 'normal', 'status': True}, {'id': 17, 'source': 'reserve', 'status': False}, {'id': 20, 'source': 'modbus', 'status': False}, {'id': 21, 'source': 'modbus', 'status': False}, {'id': 22, 'source': 'modbus', 'status': False}, {'id': 23, 'source': 'modbus', 'status': False}, {'id': 24, 'source': 'modbus', 'status': False}, {'id': 25, 'source': 'modbus', 'status': False}, {'id': 26, 'source': 'modbus', 'status': False}, {'id': 27, 'source': 'modbus', 'status': False}, {'id': 30, 'source': 'modbus', 'status': False}, {'id': 31, 'source': 'modbus', 'status': True}, {'id': 32, 'source': 'modbus', 'status': True}, {'id': 33, 'source': 'modbus', 'status': True}, {'id': 34, 'source': 'modbus', 'status': False}, {'id': 35, 'source': 'modbus', 'status': False}, {'id': 36, 'source': 'modbus', 'status': False}, {'id': 37, 'source': 'modbus', 'status': True}]
[INFO]2021-03-25 14:17:50,442: _jack in jackMgr: AGV03 down [{'id': 0, 'source': 'normal', 'status': True}, {'id': 1, 'source': 'normal', 'status': True}, {'id': 2, 'source': 'normal', 'status': True}, {'id': 3, 'source': 'normal', 'status': True}, {'id': 4, 'source': 'normal', 'status': True}, {'id': 5, 'source': 'normal', 'status': True}, {'id': 6, 'source': 'normal', 'status': True}, {'id': 7, 'source': 'normal', 'status': True}, {'id': 17, 'source': 'reserve', 'status': False}, {'id': 20, 'source': 'modbus', 'status': False}, {'id': 21, 'source': 'modbus', 'status': False}, {'id': 22, 'source': 'modbus', 'status': False}, {'id': 23, 'source': 'modbus', 'status': False}, {'id': 24, 'source': 'modbus', 'status': False}, {'id': 25, 'source': 'modbus', 'status': False}, {'id': 26, 'source': 'modbus', 'status': False}, {'id': 27, 'source': 'modbus', 'status': False}, {'id': 30, 'source': 'modbus', 'status': False}, {'id': 31, 'source': 'modbus', 'status': True}, {'id': 32, 'source': 'modbus', 'status': True}, {'id': 33, 'source': 'modbus', 'status': True}, {'id': 34, 'source': 'modbus', 'status': False}, {'id': 35, 'source': 'modbus', 'status': False}, {'id': 36, 'source': 'modbus', 'status': False}, {'id': 37, 'source': 'modbus', 'status': True}]
[WARNING]2021-03-25 14:17:51,105: AGV03 low battery charge,batteryLevel= 0.456 start charge level= 0.500
[WARNING]2021-03-25 14:17:51,146: AGV03 battery 0.456 check failed: isLocked
[INFO]2021-03-25 14:17:52,162: _jack in jackMgr: AGV03 down [{'id': 0, 'source': 'normal', 'status': True}, {'id': 1, 'source': 'normal', 'status': True}, {'id': 2, 'source': 'normal', 'status': True}, {'id': 3, 'source': 'normal', 'status': True}, {'id': 4, 'source': 'normal', 'status': True}, {'id': 5, 'source': 'normal', 'status': True}, {'id': 6, 'source': 'normal', 'status': True}, {'id': 7, 'source': 'normal', 'status': True}, {'id': 17, 'source': 'reserve', 'status': False}, {'id': 20, 'source': 'modbus', 'status': False}, {'id': 21, 'source': 'modbus', 'status': False}, {'id': 22, 'source': 'modbus', 'status': False}, {'id': 23, 'source': 'modbus', 'status': False}, {'id': 24, 'source': 'modbus', 'status': False}, {'id': 25, 'source': 'modbus', 'status': False}, {'id': 26, 'source': 'modbus', 'status': False}, {'id': 27, 'source': 'modbus', 'status': False}, {'id': 30, 'source': 'modbus', 'status': False}, {'id': 31, 'source': 'modbus', 'status': True}, {'id': 32, 'source': 'modbus', 'status': True}, {'id': 33, 'source': 'modbus', 'status': True}, {'id': 34, 'source': 'modbus', 'status': False}, {'id': 35, 'source': 'modbus', 'status': False}, {'id': 36, 'source': 'modbus', 'status': False}, {'id': 37, 'source': 'modbus', 'status': True}]
[INFO]2021-03-25 14:17:53,993: _jack in jackMgr: AGV03 down [{'id': 0, 'source': 'normal', 'status': True}, {'id': 1, 'source': 'normal', 'status': True}, {'id': 2, 'source': 'normal', 'status': True}, {'id': 3, 'source': 'normal', 'status': True}, {'id': 4, 'source': 'normal', 'status': True}, {'id': 5, 'source': 'normal', 'status': True}, {'id': 6, 'source': 'normal', 'status': True}, {'id': 7, 'source': 'normal', 'status': True}, {'id': 17, 'source': 'reserve', 'status': False}, {'id': 20, 'source': 'modbus', 'status': False}, {'id': 21, 'source': 'modbus', 'status': False}, {'id': 22, 'source': 'modbus', 'status': False}, {'id': 23, 'source': 'modbus', 'status': False}, {'id': 24, 'source': 'modbus', 'status': False}, {'id': 25, 'source': 'modbus', 'status': False}, {'id': 26, 'source': 'modbus', 'status': False}, {'id': 27, 'source': 'modbus', 'status': False}, {'id': 30, 'source': 'modbus', 'status': False}, {'id': 31, 'source': 'modbus', 'status': True}, {'id': 32, 'source': 'modbus', 'status': True}, {'id': 33, 'source': 'modbus', 'status': True}, {'id': 34, 'source': 'modbus', 'status': False}, {'id': 35, 'source': 'modbus', 'status': False}, {'id': 36, 'source': 'modbus', 'status': False}, {'id': 37, 'source': 'modbus', 'status': True}]
[INFO]2021-03-25 14:17:55,693: _jack in jackMgr: AGV03 down [{'id': 0, 'source': 'normal', 'status': True}, {'id': 1, 'source': 'normal', 'status': True}, {'id': 2, 'source': 'normal', 'status': True}, {'id': 3, 'source': 'normal', 'status': True}, {'id': 4, 'source': 'normal', 'status': True}, {'id': 5, 'source': 'normal', 'status': True}, {'id': 6, 'source': 'normal', 'status': True}, {'id': 7, 'source': 'normal', 'status': True}, {'id': 17, 'source': 'reserve', 'status': False}, {'id': 20, 'source': 'modbus', 'status': False}, {'id': 21, 'source': 'modbus', 'status': False}, {'id': 22, 'source': 'modbus', 'status': False}, {'id': 23, 'source': 'modbus', 'status': False}, {'id': 24, 'source': 'modbus', 'status': False}, {'id': 25, 'source': 'modbus', 'status': False}, {'id': 26, 'source': 'modbus', 'status': False}, {'id': 27, 'source': 'modbus', 'status': False}, {'id': 30, 'source': 'modbus', 'status': False}, {'id': 31, 'source': 'modbus', 'status': True}, {'id': 32, 'source': 'modbus', 'status': True}, {'id': 33, 'source': 'modbus', 'status': True}, {'id': 34, 'source': 'modbus', 'status': False}, {'id': 35, 'source': 'modbus', 'status': False}, {'id': 36, 'source': 'modbus', 'status': False}, {'id': 37, 'source': 'modbus', 'status': True}]
[INFO]2021-03-25 14:17:57,417: _jack in jackMgr: AGV03 down [{'id': 0, 'source': 'normal', 'status': True}, {'id': 1, 'source': 'normal', 'status': True}, {'id': 2, 'source': 'normal', 'status': True}, {'id': 3, 'source': 'normal', 'status': True}, {'id': 4, 'source': 'normal', 'status': True}, {'id': 5, 'source': 'normal', 'status': True}, {'id': 6, 'source': 'normal', 'status': True}, {'id': 7, 'source': 'normal', 'status': True}, {'id': 17, 'source': 'reserve', 'status': False}, {'id': 20, 'source': 'modbus', 'status': False}, {'id': 21, 'source': 'modbus', 'status': False}, {'id': 22, 'source': 'modbus', 'status': False}, {'id': 23, 'source': 'modbus', 'status': False}, {'id': 24, 'source': 'modbus', 'status': False}, {'id': 25, 'source': 'modbus', 'status': False}, {'id': 26, 'source': 'modbus', 'status': False}, {'id': 27, 'source': 'modbus', 'status': False}, {'id': 30, 'source': 'modbus', 'status': False}, {'id': 31, 'source': 'modbus', 'status': True}, {'id': 32, 'source': 'modbus', 'status': True}, {'id': 33, 'source': 'modbus', 'status': True}, {'id': 34, 'source': 'modbus', 'status': False}, {'id': 35, 'source': 'modbus', 'status': False}, {'id': 36, 'source': 'modbus', 'status': False}, {'id': 37, 'source': 'modbus', 'status': True}]
[INFO]2021-03-25 14:17:59,367: _jack in jackMgr: AGV03 down [{'id': 0, 'source': 'normal', 'status': True}, {'id': 1, 'source': 'normal', 'status': True}, {'id': 2, 'source': 'normal', 'status': True}, {'id': 3, 'source': 'normal', 'status': True}, {'id': 4, 'source': 'normal', 'status': True}, {'id': 5, 'source': 'normal', 'status': True}, {'id': 6, 'source': 'normal', 'status': True}, {'id': 7, 'source': 'normal', 'status': True}, {'id': 17, 'source': 'reserve', 'status': False}, {'id': 20, 'source': 'modbus', 'status': False}, {'id': 21, 'source': 'modbus', 'status': False}, {'id': 22, 'source': 'modbus', 'status': False}, {'id': 23, 'source': 'modbus', 'status': False}, {'id': 24, 'source': 'modbus', 'status': False}, {'id': 25, 'source': 'modbus', 'status': False}, {'id': 26, 'source': 'modbus', 'status': False}, {'id': 27, 'source': 'modbus', 'status': False}, {'id': 30, 'source': 'modbus', 'status': False}, {'id': 31, 'source': 'modbus', 'status': True}, {'id': 32, 'source': 'modbus', 'status': True}, {'id': 33, 'source': 'modbus', 'status': True}, {'id': 34, 'source': 'modbus', 'status': False}, {'id': 35, 'source': 'modbus', 'status': False}, {'id': 36, 'source': 'modbus', 'status': False}, {'id': 37, 'source': 'modbus', 'status': True}]
[INFO]2021-03-25 14:18:01,095: _jack in jackMgr: AGV03 down [{'id': 0, 'source': 'normal', 'status': True}, {'id': 1, 'source': 'normal', 'status': True}, {'id': 2, 'source': 'normal', 'status': True}, {'id': 3, 'source': 'normal', 'status': True}, {'id': 4, 'source': 'normal', 'status': True}, {'id': 5, 'source': 'normal', 'status': True}, {'id': 6, 'source': 'normal', 'status': True}, {'id': 7, 'source': 'normal', 'status': True}, {'id': 17, 'source': 'reserve', 'status': False}, {'id': 20, 'source': 'modbus', 'status': False}, {'id': 21, 'source': 'modbus', 'status': False}, {'id': 22, 'source': 'modbus', 'status': False}, {'id': 23, 'source': 'modbus', 'status': False}, {'id': 24, 'source': 'modbus', 'status': False}, {'id': 25, 'source': 'modbus', 'status': False}, {'id': 26, 'source': 'modbus', 'status': False}, {'id': 27, 'source': 'modbus', 'status': False}, {'id': 30, 'source': 'modbus', 'status': False}, {'id': 31, 'source': 'modbus', 'status': True}, {'id': 32, 'source': 'modbus', 'status': True}, {'id': 33, 'source': 'modbus', 'status': True}, {'id': 34, 'source': 'modbus', 'status': False}, {'id': 35, 'source': 'modbus', 'status': False}, {'id': 36, 'source': 'modbus', 'status': False}, {'id': 37, 'source': 'modbus', 'status': True}]
[WARNING]2021-03-25 14:18:01,409: AGV03 low battery charge,batteryLevel= 0.456 start charge level= 0.500
[WARNING]2021-03-25 14:18:01,440: AGV03 battery 0.456 check failed: isLocked
[INFO]2021-03-25 14:18:02,777: _jack in jackMgr: AGV03 down [{'id': 0, 'source': 'normal', 'status': True}, {'id': 1, 'source': 'normal', 'status': True}, {'id': 2, 'source': 'normal', 'status': True}, {'id': 3, 'source': 'normal', 'status': True}, {'id': 4, 'source': 'normal', 'status': True}, {'id': 5, 'source': 'normal', 'status': True}, {'id': 6, 'source': 'normal', 'status': True}, {'id': 7, 'source': 'normal', 'status': True}, {'id': 17, 'source': 'reserve', 'status': False}, {'id': 20, 'source': 'modbus', 'status': False}, {'id': 21, 'source': 'modbus', 'status': False}, {'id': 22, 'source': 'modbus', 'status': False}, {'id': 23, 'source': 'modbus', 'status': False}, {'id': 24, 'source': 'modbus', 'status': False}, {'id': 25, 'source': 'modbus', 'status': False}, {'id': 26, 'source': 'modbus', 'status': False}, {'id': 27, 'source': 'modbus', 'status': False}, {'id': 30, 'source': 'modbus', 'status': False}, {'id': 31, 'source': 'modbus', 'status': True}, {'id': 32, 'source': 'modbus', 'status': True}, {'id': 33, 'source': 'modbus', 'status': True}, {'id': 34, 'source': 'modbus', 'status': False}, {'id': 35, 'source': 'modbus', 'status': False}, {'id': 36, 'source': 'modbus', 'status': False}, {'id': 37, 'source': 'modbus', 'status': True}]
[INFO]2021-03-25 14:18:04,593: _jack in jackMgr: AGV03 down [{'id': 0, 'source': 'normal', 'status': True}, {'id': 1, 'source': 'normal', 'status': True}, {'id': 2, 'source': 'normal', 'status': True}, {'id': 3, 'source': 'normal', 'status': True}, {'id': 4, 'source': 'normal', 'status': True}, {'id': 5, 'source': 'normal', 'status': True}, {'id': 6, 'source': 'normal', 'status': True}, {'id': 7, 'source': 'normal', 'status': True}, {'id': 17, 'source': 'reserve', 'status': False}, {'id': 20, 'source': 'modbus', 'status': False}, {'id': 21, 'source': 'modbus', 'status': False}, {'id': 22, 'source': 'modbus', 'status': False}, {'id': 23, 'source': 'modbus', 'status': False}, {'id': 24, 'source': 'modbus', 'status': False}, {'id': 25, 'source': 'modbus', 'status': False}, {'id': 26, 'source': 'modbus', 'status': False}, {'id': 27, 'source': 'modbus', 'status': False}, {'id': 30, 'source': 'modbus', 'status': False}, {'id': 31, 'source': 'modbus', 'status': True}, {'id': 32, 'source': 'modbus', 'status': True}, {'id': 33, 'source': 'modbus', 'status': True}, {'id': 34, 'source': 'modbus', 'status': False}, {'id': 35, 'source': 'modbus', 'status': False}, {'id': 36, 'source': 'modbus', 'status': False}, {'id': 37, 'source': 'modbus', 'status': True}]
[INFO]2021-03-25 14:18:06,295: _jack in jackMgr: AGV03 down [{'id': 0, 'source': 'normal', 'status': True}, {'id': 1, 'source': 'normal', 'status': True}, {'id': 2, 'source': 'normal', 'status': True}, {'id': 3, 'source': 'normal', 'status': True}, {'id': 4, 'source': 'normal', 'status': True}, {'id': 5, 'source': 'normal', 'status': True}, {'id': 6, 'source': 'normal', 'status': True}, {'id': 7, 'source': 'normal', 'status': True}, {'id': 17, 'source': 'reserve', 'status': False}, {'id': 20, 'source': 'modbus', 'status': False}, {'id': 21, 'source': 'modbus', 'status': False}, {'id': 22, 'source': 'modbus', 'status': False}, {'id': 23, 'source': 'modbus', 'status': False}, {'id': 24, 'source': 'modbus', 'status': False}, {'id': 25, 'source': 'modbus', 'status': False}, {'id': 26, 'source': 'modbus', 'status': False}, {'id': 27, 'source': 'modbus', 'status': False}, {'id': 30, 'source': 'modbus', 'status': False}, {'id': 31, 'source': 'modbus', 'status': True}, {'id': 32, 'source': 'modbus', 'status': True}, {'id': 33, 'source': 'modbus', 'status': True}, {'id': 34, 'source': 'modbus', 'status': False}, {'id': 35, 'source': 'modbus', 'status': False}, {'id': 36, 'source': 'modbus', 'status': False}, {'id': 37, 'source': 'modbus', 'status': True}]
[INFO]2021-03-25 14:18:07,973: _jack in jackMgr: AGV03 down [{'id': 0, 'source': 'normal', 'status': True}, {'id': 1, 'source': 'normal', 'status': True}, {'id': 2, 'source': 'normal', 'status': True}, {'id': 3, 'source': 'normal', 'status': True}, {'id': 4, 'source': 'normal', 'status': True}, {'id': 5, 'source': 'normal', 'status': True}, {'id': 6, 'source': 'normal', 'status': True}, {'id': 7, 'source': 'normal', 'status': True}, {'id': 17, 'source': 'reserve', 'status': False}, {'id': 20, 'source': 'modbus', 'status': False}, {'id': 21, 'source': 'modbus', 'status': False}, {'id': 22, 'source': 'modbus', 'status': False}, {'id': 23, 'source': 'modbus', 'status': False}, {'id': 24, 'source': 'modbus', 'status': False}, {'id': 25, 'source': 'modbus', 'status': False}, {'id': 26, 'source': 'modbus', 'status': False}, {'id': 27, 'source': 'modbus', 'status': False}, {'id': 30, 'source': 'modbus', 'status': False}, {'id': 31, 'source': 'modbus', 'status': True}, {'id': 32, 'source': 'modbus', 'status': True}, {'id': 33, 'source': 'modbus', 'status': True}, {'id': 34, 'source': 'modbus', 'status': False}, {'id': 35, 'source': 'modbus', 'status': False}, {'id': 36, 'source': 'modbus', 'status': False}, {'id': 37, 'source': 'modbus', 'status': True}]
[INFO]2021-03-25 14:18:09,747: _jack in jackMgr: AGV03 down [{'id': 0, 'source': 'normal', 'status': True}, {'id': 1, 'source': 'normal', 'status': True}, {'id': 2, 'source': 'normal', 'status': True}, {'id': 3, 'source': 'normal', 'status': True}, {'id': 4, 'source': 'normal', 'status': True}, {'id': 5, 'source': 'normal', 'status': True}, {'id': 6, 'source': 'normal', 'status': True}, {'id': 7, 'source': 'normal', 'status': True}, {'id': 17, 'source': 'reserve', 'status': False}, {'id': 20, 'source': 'modbus', 'status': False}, {'id': 21, 'source': 'modbus', 'status': False}, {'id': 22, 'source': 'modbus', 'status': False}, {'id': 23, 'source': 'modbus', 'status': False}, {'id': 24, 'source': 'modbus', 'status': False}, {'id': 25, 'source': 'modbus', 'status': False}, {'id': 26, 'source': 'modbus', 'status': False}, {'id': 27, 'source': 'modbus', 'status': False}, {'id': 30, 'source': 'modbus', 'status': False}, {'id': 31, 'source': 'modbus', 'status': True}, {'id': 32, 'source': 'modbus', 'status': True}, {'id': 33, 'source': 'modbus', 'status': True}, {'id': 34, 'source': 'modbus', 'status': False}, {'id': 35, 'source': 'modbus', 'status': False}, {'id': 36, 'source': 'modbus', 'status': False}, {'id': 37, 'source': 'modbus', 'status': True}]
[INFO]2021-03-25 14:18:11,452: _jack in jackMgr: AGV03 down [{'id': 0, 'source': 'normal', 'status': True}, {'id': 1, 'source': 'normal', 'status': True}, {'id': 2, 'source': 'normal', 'status': True}, {'id': 3, 'source': 'normal', 'status': True}, {'id': 4, 'source': 'normal', 'status': True}, {'id': 5, 'source': 'normal', 'status': True}, {'id': 6, 'source': 'normal', 'status': True}, {'id': 7, 'source': 'normal', 'status': True}, {'id': 17, 'source': 'reserve', 'status': False}, {'id': 20, 'source': 'modbus', 'status': False}, {'id': 21, 'source': 'modbus', 'status': False}, {'id': 22, 'source': 'modbus', 'status': False}, {'id': 23, 'source': 'modbus', 'status': False}, {'id': 24, 'source': 'modbus', 'status': False}, {'id': 25, 'source': 'modbus', 'status': False}, {'id': 26, 'source': 'modbus', 'status': False}, {'id': 27, 'source': 'modbus', 'status': False}, {'id': 30, 'source': 'modbus', 'status': False}, {'id': 31, 'source': 'modbus', 'status': True}, {'id': 32, 'source': 'modbus', 'status': True}, {'id': 33, 'source': 'modbus', 'status': True}, {'id': 34, 'source': 'modbus', 'status': False}, {'id': 35, 'source': 'modbus', 'status': False}, {'id': 36, 'source': 'modbus', 'status': False}, {'id': 37, 'source': 'modbus', 'status': True}]
[WARNING]2021-03-25 14:18:11,686: AGV03 low battery charge,batteryLevel= 0.456 start charge level= 0.500
[CRITICAL]2021-03-25 14:18:11,710: task[605c2a6a6f5e08a010ef4422][AGV03] AP13(LM15) -> AP14(LM16) [dropPayloadJackdown] jackDown cause a error: ('http get', 'http://127.0.0.1:5551/api/agv/jackdown', {'agv': 'AGV03', 'timeoutSec': 90, 'loc': None}, 'error:', 'timed out')
pid=15956, ppid=9204, tid=11020
Traceback (most recent call last):
  File "D:\python_work\AKMfloor\common\webutility.py", line 103, in http_get
    f = urllib.request.urlopen(u,timeout=timeout)
  File "C:\Python38\lib\urllib\request.py", line 222, in urlopen
    return opener.open(url, data, timeout)
  File "C:\Python38\lib\urllib\request.py", line 525, in open
    response = self._open(req, data)
  File "C:\Python38\lib\urllib\request.py", line 542, in _open
    result = self._call_chain(self.handle_open, protocol, protocol +
  File "C:\Python38\lib\urllib\request.py", line 502, in _call_chain
    result = func(*args)
  File "C:\Python38\lib\urllib\request.py", line 1346, in http_open
    return self.do_open(http.client.HTTPConnection, req)
  File "C:\Python38\lib\urllib\request.py", line 1321, in do_open
    r = h.getresponse()
  File "C:\Python38\lib\http\client.py", line 1322, in getresponse
    response.begin()
  File "C:\Python38\lib\http\client.py", line 303, in begin
    version, status, reason = self._read_status()
  File "C:\Python38\lib\http\client.py", line 264, in _read_status
    line = str(self.fp.readline(_MAXLINE + 1), "iso-8859-1")
  File "C:\Python38\lib\socket.py", line 669, in readinto
    return self._sock.recv_into(b)
socket.timeout: timed out

During handling of the above exception, another exception occurred:

Traceback (most recent call last):
  File "D:\python_work\AKMfloor\pharmapackCtrl\runTasks.py", line 908, in _jackDown
    jackApi.jackDown(self.agvId, timeoutSec=90)
  File "D:\python_work\AKMfloor\agvDevice\jackApi.py", line 47, in jackDown
    return _jack('/api/agv/jackdown', agvId,timeoutSec,loc)
  File "D:\python_work\AKMfloor\agvDevice\jackApi.py", line 64, in _jack
    return http_get(url + apiurl, param,timeout=timeoutSec+2)
  File "D:\python_work\AKMfloor\agvDevice\jackApi.py", line 15, in http_get
    r = webutility.http_get(url, param,timeout=timeout)
  File "D:\python_work\AKMfloor\common\webutility.py", line 105, in http_get
    raise Exception("http get",url,params,"error:",str(e))
Exception: ('http get', 'http://127.0.0.1:5551/api/agv/jackdown', {'agv': 'AGV03', 'timeoutSec': 90, 'loc': None}, 'error:', 'timed out')

[WARNING]2021-03-25 14:18:11,717: AGV03 battery 0.456 check failed: isLocked
[WARNING]2021-03-25 14:18:11,730: scada.605c2a6a6f5e08a010ef4422[tid:11020] <locked _thread.RLock object owner=11020 count=1 at 0x0000023504EE1DE0> ,hold 92125 ms
[INFO]2021-03-25 14:18:11,817: name=scada.605c2a6a6f5e08a010ef4422, pid=15956, tid=11020
[01] File "C:/Python38/lib/threading.py", line 870, in run() 
[02] File "D:/python_work/AKMfloor/common/utility.py", line 167, in __call() 
[03] File "D:/python_work/AKMfloor/pharmapackCtrl/runTasks.py", line 725, in _taskFunc() 
[04] File "D:/python_work/AKMfloor/common/lock.py", line 122, in _call() 
[05] File "D:/python_work/AKMfloor/common/lock.py", line 100, in release() 
[06] File "D:/python_work/AKMfloor/common/enhance.py", line 258, in getTrace() 
[07] File "D:/python_work/AKMfloor/common/enhance.py", line 240, in getThreadStack()
[INFO]2021-03-25 14:18:11,851: task[605c2a6a6f5e08a010ef4422][AGV03] AP13(LM15) -> AP14(LM16) [dropPayloadJackdown] dropPayloadJackdown error
[INFO]2021-03-25 14:18:13,181: _jack in jackMgr: AGV03 down [{'id': 0, 'source': 'normal', 'status': True}, {'id': 1, 'source': 'normal', 'status': True}, {'id': 2, 'source': 'normal', 'status': True}, {'id': 3, 'source': 'normal', 'status': True}, {'id': 4, 'source': 'normal', 'status': True}, {'id': 5, 'source': 'normal', 'status': True}, {'id': 6, 'source': 'normal', 'status': True}, {'id': 7, 'source': 'normal', 'status': True}, {'id': 17, 'source': 'reserve', 'status': False}, {'id': 20, 'source': 'modbus', 'status': False}, {'id': 21, 'source': 'modbus', 'status': False}, {'id': 22, 'source': 'modbus', 'status': False}, {'id': 23, 'source': 'modbus', 'status': False}, {'id': 24, 'source': 'modbus', 'status': False}, {'id': 25, 'source': 'modbus', 'status': False}, {'id': 26, 'source': 'modbus', 'status': False}, {'id': 27, 'source': 'modbus', 'status': False}, {'id': 30, 'source': 'modbus', 'status': False}, {'id': 31, 'source': 'modbus', 'status': True}, {'id': 32, 'source': 'modbus', 'status': True}, {'id': 33, 'source': 'modbus', 'status': True}, {'id': 34, 'source': 'modbus', 'status': False}, {'id': 35, 'source': 'modbus', 'status': False}, {'id': 36, 'source': 'modbus', 'status': False}, {'id': 37, 'source': 'modbus', 'status': True}]
[INFO]2021-03-25 14:18:13,875: task[605c2a6a6f5e08a010ef4422][AGV03] AP13(LM15) -> AP14(LM16) [dropPayloadJackdown] _jackDown
[DEBUG]2021-03-25 14:18:13,899: send http_get: http://127.0.0.1:5551/api/agv/jackdown?agv=AGV03&loc=None&timeoutSec=90
[DEBUG]2021-03-25 14:18:13,970: GET: http://127.0.0.1:5551/api/agv/jackdown?agv=AGV03&loc=None&timeoutSec=90 addr: 127.0.0.1
[INFO]2021-03-25 14:18:14,907: _jack in jackMgr: AGV03 down [{'id': 0, 'source': 'normal', 'status': True}, {'id': 1, 'source': 'normal', 'status': True}, {'id': 2, 'source': 'normal', 'status': True}, {'id': 3, 'source': 'normal', 'status': True}, {'id': 4, 'source': 'normal', 'status': True}, {'id': 5, 'source': 'normal', 'status': True}, {'id': 6, 'source': 'normal', 'status': True}, {'id': 7, 'source': 'normal', 'status': True}, {'id': 17, 'source': 'reserve', 'status': False}, {'id': 20, 'source': 'modbus', 'status': False}, {'id': 21, 'source': 'modbus', 'status': False}, {'id': 22, 'source': 'modbus', 'status': False}, {'id': 23, 'source': 'modbus', 'status': False}, {'id': 24, 'source': 'modbus', 'status': False}, {'id': 25, 'source': 'modbus', 'status': False}, {'id': 26, 'source': 'modbus', 'status': False}, {'id': 27, 'source': 'modbus', 'status': False}, {'id': 30, 'source': 'modbus', 'status': False}, {'id': 31, 'source': 'modbus', 'status': True}, {'id': 32, 'source': 'modbus', 'status': True}, {'id': 33, 'source': 'modbus', 'status': True}, {'id': 34, 'source': 'modbus', 'status': False}, {'id': 35, 'source': 'modbus', 'status': False}, {'id': 36, 'source': 'modbus', 'status': False}, {'id': 37, 'source': 'modbus', 'status': True}]
[INFO]2021-03-25 14:18:15,450: _jack in jackMgr: AGV03 down [{'id': 0, 'source': 'normal', 'status': True}, {'id': 1, 'source': 'normal', 'status': True}, {'id': 2, 'source': 'normal', 'status': True}, {'id': 3, 'source': 'normal', 'status': True}, {'id': 4, 'source': 'normal', 'status': True}, {'id': 5, 'source': 'normal', 'status': True}, {'id': 6, 'source': 'normal', 'status': True}, {'id': 7, 'source': 'normal', 'status': True}, {'id': 17, 'source': 'reserve', 'status': False}, {'id': 20, 'source': 'modbus', 'status': False}, {'id': 21, 'source': 'modbus', 'status': False}, {'id': 22, 'source': 'modbus', 'status': False}, {'id': 23, 'source': 'modbus', 'status': False}, {'id': 24, 'source': 'modbus', 'status': False}, {'id': 25, 'source': 'modbus', 'status': False}, {'id': 26, 'source': 'modbus', 'status': False}, {'id': 27, 'source': 'modbus', 'status': False}, {'id': 30, 'source': 'modbus', 'status': False}, {'id': 31, 'source': 'modbus', 'status': True}, {'id': 32, 'source': 'modbus', 'status': True}, {'id': 33, 'source': 'modbus', 'status': True}, {'id': 34, 'source': 'modbus', 'status': False}, {'id': 35, 'source': 'modbus', 'status': False}, {'id': 36, 'source': 'modbus', 'status': False}, {'id': 37, 'source': 'modbus', 'status': True}]
[INFO]2021-03-25 14:18:16,690: _jack in jackMgr: AGV03 down [{'id': 0, 'source': 'normal', 'status': True}, {'id': 1, 'source': 'normal', 'status': True}, {'id': 2, 'source': 'normal', 'status': True}, {'id': 3, 'source': 'normal', 'status': True}, {'id': 4, 'source': 'normal', 'status': True}, {'id': 5, 'source': 'normal', 'status': True}, {'id': 6, 'source': 'normal', 'status': True}, {'id': 7, 'source': 'normal', 'status': True}, {'id': 17, 'source': 'reserve', 'status': False}, {'id': 20, 'source': 'modbus', 'status': False}, {'id': 21, 'source': 'modbus', 'status': False}, {'id': 22, 'source': 'modbus', 'status': False}, {'id': 23, 'source': 'modbus', 'status': False}, {'id': 24, 'source': 'modbus', 'status': False}, {'id': 25, 'source': 'modbus', 'status': False}, {'id': 26, 'source': 'modbus', 'status': False}, {'id': 27, 'source': 'modbus', 'status': False}, {'id': 30, 'source': 'modbus', 'status': False}, {'id': 31, 'source': 'modbus', 'status': True}, {'id': 32, 'source': 'modbus', 'status': True}, {'id': 33, 'source': 'modbus', 'status': True}, {'id': 34, 'source': 'modbus', 'status': False}, {'id': 35, 'source': 'modbus', 'status': False}, {'id': 36, 'source': 'modbus', 'status': False}, {'id': 37, 'source': 'modbus', 'status': True}]
[INFO]2021-03-25 14:18:17,199: _jack in jackMgr: AGV03 down [{'id': 0, 'source': 'normal', 'status': True}, {'id': 1, 'source': 'normal', 'status': True}, {'id': 2, 'source': 'normal', 'status': True}, {'id': 3, 'source': 'normal', 'status': True}, {'id': 4, 'source': 'normal', 'status': True}, {'id': 5, 'source': 'normal', 'status': True}, {'id': 6, 'source': 'normal', 'status': True}, {'id': 7, 'source': 'normal', 'status': True}, {'id': 17, 'source': 'reserve', 'status': False}, {'id': 20, 'source': 'modbus', 'status': False}, {'id': 21, 'source': 'modbus', 'status': False}, {'id': 22, 'source': 'modbus', 'status': False}, {'id': 23, 'source': 'modbus', 'status': False}, {'id': 24, 'source': 'modbus', 'status': False}, {'id': 25, 'source': 'modbus', 'status': False}, {'id': 26, 'source': 'modbus', 'status': False}, {'id': 27, 'source': 'modbus', 'status': False}, {'id': 30, 'source': 'modbus', 'status': False}, {'id': 31, 'source': 'modbus', 'status': True}, {'id': 32, 'source': 'modbus', 'status': True}, {'id': 33, 'source': 'modbus', 'status': True}, {'id': 34, 'source': 'modbus', 'status': False}, {'id': 35, 'source': 'modbus', 'status': False}, {'id': 36, 'source': 'modbus', 'status': False}, {'id': 37, 'source': 'modbus', 'status': True}]
[INFO]2021-03-25 14:18:18,586: _jack in jackMgr: AGV03 down [{'id': 0, 'source': 'normal', 'status': True}, {'id': 1, 'source': 'normal', 'status': True}, {'id': 2, 'source': 'normal', 'status': True}, {'id': 3, 'source': 'normal', 'status': True}, {'id': 4, 'source': 'normal', 'status': True}, {'id': 5, 'source': 'normal', 'status': True}, {'id': 6, 'source': 'normal', 'status': True}, {'id': 7, 'source': 'normal', 'status': True}, {'id': 17, 'source': 'reserve', 'status': False}, {'id': 20, 'source': 'modbus', 'status': False}, {'id': 21, 'source': 'modbus', 'status': False}, {'id': 22, 'source': 'modbus', 'status': False}, {'id': 23, 'source': 'modbus', 'status': False}, {'id': 24, 'source': 'modbus', 'status': False}, {'id': 25, 'source': 'modbus', 'status': False}, {'id': 26, 'source': 'modbus', 'status': False}, {'id': 27, 'source': 'modbus', 'status': False}, {'id': 30, 'source': 'modbus', 'status': False}, {'id': 31, 'source': 'modbus', 'status': True}, {'id': 32, 'source': 'modbus', 'status': True}, {'id': 33, 'source': 'modbus', 'status': True}, {'id': 34, 'source': 'modbus', 'status': False}, {'id': 35, 'source': 'modbus', 'status': False}, {'id': 36, 'source': 'modbus', 'status': False}, {'id': 37, 'source': 'modbus', 'status': True}]
[INFO]2021-03-25 14:18:18,945: _jack in jackMgr: AGV03 down [{'id': 0, 'source': 'normal', 'status': True}, {'id': 1, 'source': 'normal', 'status': True}, {'id': 2, 'source': 'normal', 'status': True}, {'id': 3, 'source': 'normal', 'status': True}, {'id': 4, 'source': 'normal', 'status': True}, {'id': 5, 'source': 'normal', 'status': True}, {'id': 6, 'source': 'normal', 'status': True}, {'id': 7, 'source': 'normal', 'status': True}, {'id': 17, 'source': 'reserve', 'status': False}, {'id': 20, 'source': 'modbus', 'status': False}, {'id': 21, 'source': 'modbus', 'status': False}, {'id': 22, 'source': 'modbus', 'status': False}, {'id': 23, 'source': 'modbus', 'status': False}, {'id': 24, 'source': 'modbus', 'status': False}, {'id': 25, 'source': 'modbus', 'status': False}, {'id': 26, 'source': 'modbus', 'status': False}, {'id': 27, 'source': 'modbus', 'status': False}, {'id': 30, 'source': 'modbus', 'status': False}, {'id': 31, 'source': 'modbus', 'status': True}, {'id': 32, 'source': 'modbus', 'status': True}, {'id': 33, 'source': 'modbus', 'status': True}, {'id': 34, 'source': 'modbus', 'status': False}, {'id': 35, 'source': 'modbus', 'status': False}, {'id': 36, 'source': 'modbus', 'status': False}, {'id': 37, 'source': 'modbus', 'status': True}]
[INFO]2021-03-25 14:18:20,301: _jack in jackMgr: AGV03 down [{'id': 0, 'source': 'normal', 'status': True}, {'id': 1, 'source': 'normal', 'status': True}, {'id': 2, 'source': 'normal', 'status': True}, {'id': 3, 'source': 'normal', 'status': True}, {'id': 4, 'source': 'normal', 'status': True}, {'id': 5, 'source': 'normal', 'status': True}, {'id': 6, 'source': 'normal', 'status': True}, {'id': 7, 'source': 'normal', 'status': True}, {'id': 17, 'source': 'reserve', 'status': False}, {'id': 20, 'source': 'modbus', 'status': False}, {'id': 21, 'source': 'modbus', 'status': False}, {'id': 22, 'source': 'modbus', 'status': False}, {'id': 23, 'source': 'modbus', 'status': False}, {'id': 24, 'source': 'modbus', 'status': False}, {'id': 25, 'source': 'modbus', 'status': False}, {'id': 26, 'source': 'modbus', 'status': False}, {'id': 27, 'source': 'modbus', 'status': False}, {'id': 30, 'source': 'modbus', 'status': False}, {'id': 31, 'source': 'modbus', 'status': True}, {'id': 32, 'source': 'modbus', 'status': True}, {'id': 33, 'source': 'modbus', 'status': True}, {'id': 34, 'source': 'modbus', 'status': False}, {'id': 35, 'source': 'modbus', 'status': False}, {'id': 36, 'source': 'modbus', 'status': False}, {'id': 37, 'source': 'modbus', 'status': True}]
[INFO]2021-03-25 14:18:20,656: _jack in jackMgr: AGV03 down [{'id': 0, 'source': 'normal', 'status': True}, {'id': 1, 'source': 'normal', 'status': True}, {'id': 2, 'source': 'normal', 'status': True}, {'id': 3, 'source': 'normal', 'status': True}, {'id': 4, 'source': 'normal', 'status': True}, {'id': 5, 'source': 'normal', 'status': True}, {'id': 6, 'source': 'normal', 'status': True}, {'id': 7, 'source': 'normal', 'status': True}, {'id': 17, 'source': 'reserve', 'status': False}, {'id': 20, 'source': 'modbus', 'status': False}, {'id': 21, 'source': 'modbus', 'status': False}, {'id': 22, 'source': 'modbus', 'status': False}, {'id': 23, 'source': 'modbus', 'status': False}, {'id': 24, 'source': 'modbus', 'status': False}, {'id': 25, 'source': 'modbus', 'status': False}, {'id': 26, 'source': 'modbus', 'status': False}, {'id': 27, 'source': 'modbus', 'status': False}, {'id': 30, 'source': 'modbus', 'status': False}, {'id': 31, 'source': 'modbus', 'status': True}, {'id': 32, 'source': 'modbus', 'status': True}, {'id': 33, 'source': 'modbus', 'status': True}, {'id': 34, 'source': 'modbus', 'status': False}, {'id': 35, 'source': 'modbus', 'status': False}, {'id': 36, 'source': 'modbus', 'status': False}, {'id': 37, 'source': 'modbus', 'status': True}]
