[INFO]2021-06-10 22:04:48,933: log files at C:\Users\Administrator\Desktop\SVN\美维\MeiWei_back_0421\common\log
[INFO]2021-06-10 22:04:48,935: find module account.main_account
[INFO]2021-06-10 22:04:48,937: find module agvCtrl.main_agv
[INFO]2021-06-10 22:04:48,939: find module agvDevice.main_agvDevice
[INFO]2021-06-10 22:04:48,941: find module akmCtrl.main_akmCtrl
[INFO]2021-06-10 22:04:48,942: find module alarm.main_alarm
[INFO]2021-06-10 22:04:48,948: find module auth.main_auth
[INFO]2021-06-10 22:04:48,950: find module door.main_door
[INFO]2021-06-10 22:04:48,952: find module elevator.main_elevator
[INFO]2021-06-10 22:04:48,954: find module feed.main_feed
[INFO]2021-06-10 22:04:48,956: find module remoteio.main_remoteio
[INFO]2021-06-10 22:04:48,957: import account.main_account
[INFO]2021-06-10 22:04:49,298: import agvCtrl.main_agv
[INFO]2021-06-10 22:04:50,090: create lock <lock name:doorMgr.lock,<unlocked _thread.RLock object owner=0 count=0 at 0x000001DF9DC9DDA0>>
[INFO]2021-06-10 22:04:50,091: ------acceptCallback-------------->>>> add
[INFO]2021-06-10 22:04:50,092: -------------------self._listenThread------------- <Thread(tcplisten.port_6789, initial)>
[INFO]2021-06-10 22:04:50,093: ----------------------------------try---------------------
[INFO]2021-06-10 22:04:50,110: create lock <lock name:door.lock,<unlocked _thread.RLock object owner=0 count=0 at 0x000001DF9DC9DF08>>
[INFO]2021-06-10 22:04:50,341: create lock <lock name:timer.lock_2059940597544,<unlocked _thread.RLock object owner=0 count=0 at 0x000001DF9E008C10>>
[ERROR]2021-06-10 22:04:50,402: mqtt is disabled
[INFO]2021-06-10 22:04:50,408: mqtt: subscribe [alarm/raise/+]
[INFO]2021-06-10 22:04:50,411: mqtt: subscribe [alarm/clear/+]
[INFO]2021-06-10 22:04:53,546: Mongodb connect to 127.0.0.1 port 27017
[INFO]2021-06-10 22:05:12,604: create lock <lock name:elevatorMgr.lock,<unlocked _thread.RLock object owner=0 count=0 at 0x000001DF9E2D90D0>>
[WARNING]2021-06-10 22:05:12,622: use mockAgvCtrl
[INFO]2021-06-10 22:05:12,626: create lock <lock name:mapMgr.lock,<unlocked _thread.RLock object owner=0 count=0 at 0x000001DF9C4DDC88>>
[INFO]2021-06-10 22:05:12,938: create lock <lock name:agvList.g_agvLock,<unlocked _thread.RLock object owner=0 count=0 at 0x000001DF9E388080>>
[INFO]2021-06-10 22:05:12,943: create lock <lock name:taskList.lock,<unlocked _thread.RLock object owner=0 count=0 at 0x000001DF9E388C88>>
[INFO]2021-06-10 22:05:13,019: charge policy 1 , fix time
[INFO]2021-06-10 22:05:13,054: create lock <lock name:agvApi.g_lock,<unlocked _thread.RLock object owner=0 count=0 at 0x000001DF9E402440>>
[INFO]2021-06-10 22:05:13,791: start load map C:\Users\Administrator\Desktop\SVN\美维\MeiWei_back_0421\agvCtrl\projects\test\AKM2F.smap
[DEBUG]2021-06-10 22:05:14,180: elevator thread start
[INFO]2021-06-10 22:05:14,279: load map C:\Users\Administrator\Desktop\SVN\美维\MeiWei_back_0421\agvCtrl\projects\test\AKM2F.smap ,used 497 ms
[INFO]2021-06-10 22:05:14,336: start load map C:\Users\Administrator\Desktop\SVN\美维\MeiWei_back_0421\agvCtrl\projects\test\akmsmt.smap
[INFO]2021-06-10 22:05:14,521: load map C:\Users\Administrator\Desktop\SVN\美维\MeiWei_back_0421\agvCtrl\projects\test\akmsmt.smap ,used 236 ms
[INFO]2021-06-10 22:05:14,551: start load map C:\Users\Administrator\Desktop\SVN\美维\MeiWei_back_0421\agvCtrl\projects\test\akmsmtMap.smap
[INFO]2021-06-10 22:05:14,989: load map C:\Users\Administrator\Desktop\SVN\美维\MeiWei_back_0421\agvCtrl\projects\test\akmsmtMap.smap ,used 463 ms
[INFO]2021-06-10 22:05:15,027: start load map C:\Users\Administrator\Desktop\SVN\美维\MeiWei_back_0421\agvCtrl\projects\test\desai-all-20191223.smap
[INFO]2021-06-10 22:05:15,471: load map C:\Users\Administrator\Desktop\SVN\美维\MeiWei_back_0421\agvCtrl\projects\test\desai-all-20191223.smap ,used 479 ms
[INFO]2021-06-10 22:05:15,492: start load map C:\Users\Administrator\Desktop\SVN\美维\MeiWei_back_0421\agvCtrl\projects\test\meiwei423.smap
[INFO]2021-06-10 22:05:15,637: load map C:\Users\Administrator\Desktop\SVN\美维\MeiWei_back_0421\agvCtrl\projects\test\meiwei423.smap ,used 163 ms
[INFO]2021-06-10 22:05:15,650: start load map C:\Users\Administrator\Desktop\SVN\美维\MeiWei_back_0421\agvCtrl\projects\test\meiwei428.smap
[INFO]2021-06-10 22:05:15,773: load map C:\Users\Administrator\Desktop\SVN\美维\MeiWei_back_0421\agvCtrl\projects\test\meiwei428.smap ,used 134 ms
[INFO]2021-06-10 22:05:15,778: import agvDevice.main_agvDevice
[INFO]2021-06-10 22:05:15,779: import akmCtrl.main_akmCtrl
[INFO]2021-06-10 22:05:15,809: create lock <lock name:runTasks.g_lock,<unlocked _thread.RLock object owner=0 count=0 at 0x000001DF9E7F0148>>
[INFO]2021-06-10 22:05:15,834: create lock <lock name:agvApi.g_lock,<unlocked _thread.RLock object owner=0 count=0 at 0x000001DF9E8C55D0>>
[INFO]2021-06-10 22:05:15,876: create lock <lock name:runTasks.pre_lock,<unlocked _thread.RLock object owner=0 count=0 at 0x000001DF9E7B6BE8>>
[INFO]2021-06-10 22:05:15,884: create lock <lock name:timer.lock_2059924106768,<unlocked _thread.RLock object owner=0 count=0 at 0x000001DF9E79A418>>
[INFO]2021-06-10 22:05:15,890: create lock <lock name:mapMgr.lock,<unlocked _thread.RLock object owner=0 count=0 at 0x000001DF9D0D2260>>
[INFO]2021-06-10 22:05:16,039: import alarm.main_alarm
[INFO]2021-06-10 22:05:16,044: import auth.main_auth
[INFO]2021-06-10 22:05:17,913: import door.main_door
[INFO]2021-06-10 22:05:17,923: import elevator.main_elevator
[INFO]2021-06-10 22:05:17,939: create lock <lock name:elevatorApi.g_lock,<unlocked _thread.RLock object owner=0 count=0 at 0x000001DF9D0D2D50>>
[INFO]2021-06-10 22:05:17,949: import feed.main_feed
[INFO]2021-06-10 22:05:18,061: IP: 127.0.0.1 port: 10001
[INFO]2021-06-10 22:05:18,063: ------------准备start--------
[INFO]2021-06-10 22:05:18,074: ----------------准备打印------------
[INFO]2021-06-10 22:05:20,700: load agv file: C:\Users\Administrator\Desktop\SVN\美维\MeiWei_back_0421\agvCtrl/projects/test/agv.cfg
[INFO]2021-06-10 22:05:24,661: create lock <lock name:agvList.AGV30.lock,<unlocked _thread.RLock object owner=0 count=0 at 0x000001DF9F711058>>
[INFO]2021-06-10 22:05:24,661: import remoteio.main_remoteio
[DEBUG]2021-06-10 22:05:24,684: create aliveObj AGV30 AGV离线异常 timeout 300
[INFO]2021-06-10 22:05:24,689: AGV30 start agvList run thread
[INFO]2021-06-10 22:05:24,690: AGV30 start agvList run2 thread
[ERROR]2021-06-10 22:05:24,695: agv check init error False
[SUCC]2021-06-10 22:05:24,705: utility start, pid=1900, ppid=20864
[DEBUG]2021-06-10 22:05:24,707: start timer
[WARNING]2021-06-10 22:05:24,711: Thread-1[tid:24336] <lock name:agvList.g_agvLock,<locked _thread.RLock object owner=24336 count=1 at 0x000001DF9E388080>> ,hold 4033 ms
[INFO]2021-06-10 22:05:24,713: name=Thread-1, pid=1900, tid=24336
[01] File "C:/Python37/lib/threading.py", line 865, in run() 
[02] File "C:/Users/Administrator/Desktop/SVN/美维/MeiWei_back_0421/agvCtrl/main_agv.py", line 332, in showThread() 
[03] File "C:/Users/Administrator/Desktop/SVN/美维/MeiWei_back_0421/agvCtrl/agvControl.py", line 1369, in show() 
[04] File "C:/Users/Administrator/Desktop/SVN/美维/MeiWei_back_0421/agvCtrl/mainFrame.py", line 236, in show() 
[05] File "C:/Users/Administrator/Desktop/SVN/美维/MeiWei_back_0421/agvCtrl/mainFrame.py", line 141, in autoUpdateMap() 
[06] File "C:/Users/Administrator/Desktop/SVN/美维/MeiWei_back_0421/common/lock.py", line 122, in _call() 
[07] File "C:/Users/Administrator/Desktop/SVN/美维/MeiWei_back_0421/common/lock.py", line 100, in release() 
[08] File "C:/Users/Administrator/Desktop/SVN/美维/MeiWei_back_0421/common/enhance.py", line 258, in getTrace() 
[09] File "C:/Users/Administrator/Desktop/SVN/美维/MeiWei_back_0421/common/enhance.py", line 240, in getThreadStack()
[DEBUG]2021-06-10 22:05:24,716: start timer
[INFO]2021-06-10 22:05:24,716: startCharge is false
[INFO]2021-06-10 22:05:25,009: add_ignore: taskStatus
[INFO]2021-06-10 22:05:25,028: add_ignore: api/elevator/status
[INFO]2021-06-10 22:05:25,035: add_ignore: scada/getTask
[INFO]2021-06-10 22:05:25,223: AGV30 current map meiwei428
[INFO]2021-06-10 22:05:25,248: AGV30 is online
[CRITICAL]2021-06-10 22:05:27,075: agvApi.init cause a error: ('http get', 'http://127.0.0.1:5551/api/agv/init', {'appName': 'MeiWeiTask'}, 'error:', '<urlopen error [WinError 10061] 由于目标计算机积极拒绝，无法连接。>')
pid=1900, ppid=20864, tid=15620
Traceback (most recent call last):
  File "C:\Python37\lib\urllib\request.py", line 1317, in do_open
    encode_chunked=req.has_header('Transfer-encoding'))
  File "C:\Python37\lib\http\client.py", line 1229, in request
    self._send_request(method, url, body, headers, encode_chunked)
  File "C:\Python37\lib\http\client.py", line 1275, in _send_request
    self.endheaders(body, encode_chunked=encode_chunked)
  File "C:\Python37\lib\http\client.py", line 1224, in endheaders
    self._send_output(message_body, encode_chunked=encode_chunked)
  File "C:\Python37\lib\http\client.py", line 1016, in _send_output
    self.send(msg)
  File "C:\Python37\lib\http\client.py", line 956, in send
    self.connect()
  File "C:\Python37\lib\http\client.py", line 928, in connect
    (self.host,self.port), self.timeout, self.source_address)
  File "C:\Python37\lib\socket.py", line 727, in create_connection
    raise err
  File "C:\Python37\lib\socket.py", line 716, in create_connection
    sock.connect(sa)
ConnectionRefusedError: [WinError 10061] 由于目标计算机积极拒绝，无法连接。

During handling of the above exception, another exception occurred:

Traceback (most recent call last):
  File "C:\Users\Administrator\Desktop\SVN\美维\MeiWei_back_0421\common\webutility.py", line 103, in http_get
    f = urllib.request.urlopen(u,timeout=timeout)
  File "C:\Python37\lib\urllib\request.py", line 222, in urlopen
    return opener.open(url, data, timeout)
  File "C:\Python37\lib\urllib\request.py", line 525, in open
    response = self._open(req, data)
  File "C:\Python37\lib\urllib\request.py", line 543, in _open
    '_open', req)
  File "C:\Python37\lib\urllib\request.py", line 503, in _call_chain
    result = func(*args)
  File "C:\Python37\lib\urllib\request.py", line 1345, in http_open
    return self.do_open(http.client.HTTPConnection, req)
  File "C:\Python37\lib\urllib\request.py", line 1319, in do_open
    raise URLError(err)
urllib.error.URLError: <urlopen error [WinError 10061] 由于目标计算机积极拒绝，无法连接。>

During handling of the above exception, another exception occurred:

Traceback (most recent call last):
  File "..\agvCtrl\agvApi.py", line 40, in init
    _http_get(url + '/api/agv/init', param)
  File "..\agvCtrl\agvApi.py", line 61, in _http_get
    r = webutility.http_get(url, param, timeout=45,writelog=False)
  File "C:\Users\Administrator\Desktop\SVN\美维\MeiWei_back_0421\common\webutility.py", line 105, in http_get
    raise Exception("http get",url,params,"error:",str(e))
Exception: ('http get', 'http://127.0.0.1:5551/api/agv/init', {'appName': 'MeiWeiTask'}, 'error:', '<urlopen error [WinError 10061] 由于目标计算机积极拒绝，无法连接。>')

[DEBUG]2021-06-10 22:05:28,118: GET: http://127.0.0.1:5551/api/agv/init?appName=MeiWeiTask addr: 127.0.0.1
[INFO]2021-06-10 22:05:28,124: MeiWeiTask init client agvApi
[DEBUG]2021-06-10 22:05:28,130: used 12ms 200 OK application/json;charset=utf-8, GET: http://127.0.0.1:5551/api/agv/init?appName=MeiWeiTask
[DEBUG]2021-06-10 22:05:31,339: GET: http://127.0.0.1:5551/api/agv/startCharge?appName=MeiWeiTask addr: 127.0.0.1
[DEBUG]2021-06-10 22:05:31,463: used 124ms 200 OK application/json;charset=utf-8, GET: http://127.0.0.1:5551/api/agv/startCharge?appName=MeiWeiTask
[WARNING]2021-06-10 22:05:31,543: timer_thread[tid:15620] <lock name:runTasks.g_lock,<locked _thread.RLock object owner=15620 count=1 at 0x000001DF9E7F0148>> ,hold 6565 ms
[INFO]2021-06-10 22:05:31,780: name=timer_thread, pid=1900, tid=15620
[01] File "C:/Python37/lib/threading.py", line 865, in run() 
[02] File "../common/mytimer.py", line 113, in _loop() 
[03] File "../common/lock.py", line 122, in _call() 
[04] File "../common/lock.py", line 100, in release() 
[05] File "C:/Users/Administrator/Desktop/SVN/美维/MeiWei_back_0421/common/enhance.py", line 258, in getTrace() 
[06] File "C:/Users/Administrator/Desktop/SVN/美维/MeiWei_back_0421/common/enhance.py", line 240, in getThreadStack()
