[CRITICAL]2021-03-25 14:14:39,651: agvApi.init cause a error: ('http get', 'http://127.0.0.1:5551/api/agv/init', {'appName': 'scadaTask'}, 'error:', '<urlopen error [WinError 10061] 由于目标计算机积极拒绝，无法连接。>')
pid=15956, ppid=9204, tid=13876
Traceback (most recent call last):
  File "C:\Python38\lib\urllib\request.py", line 1317, in do_open
    h.request(req.get_method(), req.selector, req.data, headers,
  File "C:\Python38\lib\http\client.py", line 1230, in request
    self._send_request(method, url, body, headers, encode_chunked)
  File "C:\Python38\lib\http\client.py", line 1276, in _send_request
    self.endheaders(body, encode_chunked=encode_chunked)
  File "C:\Python38\lib\http\client.py", line 1225, in endheaders
    self._send_output(message_body, encode_chunked=encode_chunked)
  File "C:\Python38\lib\http\client.py", line 1004, in _send_output
    self.send(msg)
  File "C:\Python38\lib\http\client.py", line 944, in send
    self.connect()
  File "C:\Python38\lib\http\client.py", line 915, in connect
    self.sock = self._create_connection(
  File "C:\Python38\lib\socket.py", line 807, in create_connection
    raise err
  File "C:\Python38\lib\socket.py", line 796, in create_connection
    sock.connect(sa)
ConnectionRefusedError: [WinError 10061] 由于目标计算机积极拒绝，无法连接。

During handling of the above exception, another exception occurred:

Traceback (most recent call last):
  File "D:\python_work\AKMfloor\common\webutility.py", line 103, in http_get
    f = urllib.request.urlopen(u,timeout=timeout)
  File "C:\Python38\lib\urllib\request.py", line 222, in urlopen
    return opener.open(url, data, timeout)
  File "C:\Python38\lib\urllib\request.py", line 525, in open
    response = self._open(req, data)
  File "C:\Python38\lib\urllib\request.py", line 542, in _open
    result = self._call_chain(self.handle_open, protocol, protocol +
  File "C:\Python38\lib\urllib\request.py", line 502, in _call_chain
    result = func(*args)
  File "C:\Python38\lib\urllib\request.py", line 1346, in http_open
    return self.do_open(http.client.HTTPConnection, req)
  File "C:\Python38\lib\urllib\request.py", line 1320, in do_open
    raise URLError(err)
urllib.error.URLError: <urlopen error [WinError 10061] 由于目标计算机积极拒绝，无法连接。>

During handling of the above exception, another exception occurred:

Traceback (most recent call last):
  File "D:\python_work\AKMfloor\agvCtrl\agvApi.py", line 40, in init
    _http_get(url + '/api/agv/init', param)
  File "D:\python_work\AKMfloor\agvCtrl\agvApi.py", line 61, in _http_get
    r = webutility.http_get(url, param, timeout=45,writelog=False)
  File "D:\python_work\AKMfloor\common\webutility.py", line 105, in http_get
    raise Exception("http get",url,params,"error:",str(e))
Exception: ('http get', 'http://127.0.0.1:5551/api/agv/init', {'appName': 'scadaTask'}, 'error:', '<urlopen error [WinError 10061] 由于目标计算机积极拒绝，无法连接。>')

[CRITICAL]2021-03-25 14:14:42,665: agvApi.init cause a error: ('http get', 'http://127.0.0.1:5551/api/agv/init', {'appName': 'scadaTask'}, 'error:', '<urlopen error [WinError 10061] 由于目标计算机积极拒绝，无法连接。>')
pid=15956, ppid=9204, tid=13876
Traceback (most recent call last):
  File "C:\Python38\lib\urllib\request.py", line 1317, in do_open
    h.request(req.get_method(), req.selector, req.data, headers,
  File "C:\Python38\lib\http\client.py", line 1230, in request
    self._send_request(method, url, body, headers, encode_chunked)
  File "C:\Python38\lib\http\client.py", line 1276, in _send_request
    self.endheaders(body, encode_chunked=encode_chunked)
  File "C:\Python38\lib\http\client.py", line 1225, in endheaders
    self._send_output(message_body, encode_chunked=encode_chunked)
  File "C:\Python38\lib\http\client.py", line 1004, in _send_output
    self.send(msg)
  File "C:\Python38\lib\http\client.py", line 944, in send
    self.connect()
  File "C:\Python38\lib\http\client.py", line 915, in connect
    self.sock = self._create_connection(
  File "C:\Python38\lib\socket.py", line 807, in create_connection
    raise err
  File "C:\Python38\lib\socket.py", line 796, in create_connection
    sock.connect(sa)
ConnectionRefusedError: [WinError 10061] 由于目标计算机积极拒绝，无法连接。

During handling of the above exception, another exception occurred:

Traceback (most recent call last):
  File "D:\python_work\AKMfloor\common\webutility.py", line 103, in http_get
    f = urllib.request.urlopen(u,timeout=timeout)
  File "C:\Python38\lib\urllib\request.py", line 222, in urlopen
    return opener.open(url, data, timeout)
  File "C:\Python38\lib\urllib\request.py", line 525, in open
    response = self._open(req, data)
  File "C:\Python38\lib\urllib\request.py", line 542, in _open
    result = self._call_chain(self.handle_open, protocol, protocol +
  File "C:\Python38\lib\urllib\request.py", line 502, in _call_chain
    result = func(*args)
  File "C:\Python38\lib\urllib\request.py", line 1346, in http_open
    return self.do_open(http.client.HTTPConnection, req)
  File "C:\Python38\lib\urllib\request.py", line 1320, in do_open
    raise URLError(err)
urllib.error.URLError: <urlopen error [WinError 10061] 由于目标计算机积极拒绝，无法连接。>

During handling of the above exception, another exception occurred:

Traceback (most recent call last):
  File "D:\python_work\AKMfloor\agvCtrl\agvApi.py", line 40, in init
    _http_get(url + '/api/agv/init', param)
  File "D:\python_work\AKMfloor\agvCtrl\agvApi.py", line 61, in _http_get
    r = webutility.http_get(url, param, timeout=45,writelog=False)
  File "D:\python_work\AKMfloor\common\webutility.py", line 105, in http_get
    raise Exception("http get",url,params,"error:",str(e))
Exception: ('http get', 'http://127.0.0.1:5551/api/agv/init', {'appName': 'scadaTask'}, 'error:', '<urlopen error [WinError 10061] 由于目标计算机积极拒绝，无法连接。>')

[CRITICAL]2021-03-25 14:14:45,700: agvApi.init cause a error: ('http get', 'http://127.0.0.1:5551/api/agv/init', {'appName': 'scadaTask'}, 'error:', '<urlopen error [WinError 10061] 由于目标计算机积极拒绝，无法连接。>')
pid=15956, ppid=9204, tid=13876
Traceback (most recent call last):
  File "C:\Python38\lib\urllib\request.py", line 1317, in do_open
    h.request(req.get_method(), req.selector, req.data, headers,
  File "C:\Python38\lib\http\client.py", line 1230, in request
    self._send_request(method, url, body, headers, encode_chunked)
  File "C:\Python38\lib\http\client.py", line 1276, in _send_request
    self.endheaders(body, encode_chunked=encode_chunked)
  File "C:\Python38\lib\http\client.py", line 1225, in endheaders
    self._send_output(message_body, encode_chunked=encode_chunked)
  File "C:\Python38\lib\http\client.py", line 1004, in _send_output
    self.send(msg)
  File "C:\Python38\lib\http\client.py", line 944, in send
    self.connect()
  File "C:\Python38\lib\http\client.py", line 915, in connect
    self.sock = self._create_connection(
  File "C:\Python38\lib\socket.py", line 807, in create_connection
    raise err
  File "C:\Python38\lib\socket.py", line 796, in create_connection
    sock.connect(sa)
ConnectionRefusedError: [WinError 10061] 由于目标计算机积极拒绝，无法连接。

During handling of the above exception, another exception occurred:

Traceback (most recent call last):
  File "D:\python_work\AKMfloor\common\webutility.py", line 103, in http_get
    f = urllib.request.urlopen(u,timeout=timeout)
  File "C:\Python38\lib\urllib\request.py", line 222, in urlopen
    return opener.open(url, data, timeout)
  File "C:\Python38\lib\urllib\request.py", line 525, in open
    response = self._open(req, data)
  File "C:\Python38\lib\urllib\request.py", line 542, in _open
    result = self._call_chain(self.handle_open, protocol, protocol +
  File "C:\Python38\lib\urllib\request.py", line 502, in _call_chain
    result = func(*args)
  File "C:\Python38\lib\urllib\request.py", line 1346, in http_open
    return self.do_open(http.client.HTTPConnection, req)
  File "C:\Python38\lib\urllib\request.py", line 1320, in do_open
    raise URLError(err)
urllib.error.URLError: <urlopen error [WinError 10061] 由于目标计算机积极拒绝，无法连接。>

During handling of the above exception, another exception occurred:

Traceback (most recent call last):
  File "D:\python_work\AKMfloor\agvCtrl\agvApi.py", line 40, in init
    _http_get(url + '/api/agv/init', param)
  File "D:\python_work\AKMfloor\agvCtrl\agvApi.py", line 61, in _http_get
    r = webutility.http_get(url, param, timeout=45,writelog=False)
  File "D:\python_work\AKMfloor\common\webutility.py", line 105, in http_get
    raise Exception("http get",url,params,"error:",str(e))
Exception: ('http get', 'http://127.0.0.1:5551/api/agv/init', {'appName': 'scadaTask'}, 'error:', '<urlopen error [WinError 10061] 由于目标计算机积极拒绝，无法连接。>')

[CRITICAL]2021-03-25 14:14:48,738: agvApi.init cause a error: ('http get', 'http://127.0.0.1:5551/api/agv/init', {'appName': 'scadaTask'}, 'error:', '<urlopen error [WinError 10061] 由于目标计算机积极拒绝，无法连接。>')
pid=15956, ppid=9204, tid=13876
Traceback (most recent call last):
  File "C:\Python38\lib\urllib\request.py", line 1317, in do_open
    h.request(req.get_method(), req.selector, req.data, headers,
  File "C:\Python38\lib\http\client.py", line 1230, in request
    self._send_request(method, url, body, headers, encode_chunked)
  File "C:\Python38\lib\http\client.py", line 1276, in _send_request
    self.endheaders(body, encode_chunked=encode_chunked)
  File "C:\Python38\lib\http\client.py", line 1225, in endheaders
    self._send_output(message_body, encode_chunked=encode_chunked)
  File "C:\Python38\lib\http\client.py", line 1004, in _send_output
    self.send(msg)
  File "C:\Python38\lib\http\client.py", line 944, in send
    self.connect()
  File "C:\Python38\lib\http\client.py", line 915, in connect
    self.sock = self._create_connection(
  File "C:\Python38\lib\socket.py", line 807, in create_connection
    raise err
  File "C:\Python38\lib\socket.py", line 796, in create_connection
    sock.connect(sa)
ConnectionRefusedError: [WinError 10061] 由于目标计算机积极拒绝，无法连接。

During handling of the above exception, another exception occurred:

Traceback (most recent call last):
  File "D:\python_work\AKMfloor\common\webutility.py", line 103, in http_get
    f = urllib.request.urlopen(u,timeout=timeout)
  File "C:\Python38\lib\urllib\request.py", line 222, in urlopen
    return opener.open(url, data, timeout)
  File "C:\Python38\lib\urllib\request.py", line 525, in open
    response = self._open(req, data)
  File "C:\Python38\lib\urllib\request.py", line 542, in _open
    result = self._call_chain(self.handle_open, protocol, protocol +
  File "C:\Python38\lib\urllib\request.py", line 502, in _call_chain
    result = func(*args)
  File "C:\Python38\lib\urllib\request.py", line 1346, in http_open
    return self.do_open(http.client.HTTPConnection, req)
  File "C:\Python38\lib\urllib\request.py", line 1320, in do_open
    raise URLError(err)
urllib.error.URLError: <urlopen error [WinError 10061] 由于目标计算机积极拒绝，无法连接。>

During handling of the above exception, another exception occurred:

Traceback (most recent call last):
  File "D:\python_work\AKMfloor\agvCtrl\agvApi.py", line 40, in init
    _http_get(url + '/api/agv/init', param)
  File "D:\python_work\AKMfloor\agvCtrl\agvApi.py", line 61, in _http_get
    r = webutility.http_get(url, param, timeout=45,writelog=False)
  File "D:\python_work\AKMfloor\common\webutility.py", line 105, in http_get
    raise Exception("http get",url,params,"error:",str(e))
Exception: ('http get', 'http://127.0.0.1:5551/api/agv/init', {'appName': 'scadaTask'}, 'error:', '<urlopen error [WinError 10061] 由于目标计算机积极拒绝，无法连接。>')

[CRITICAL]2021-03-25 14:14:51,785: agvApi.init cause a error: ('http get', 'http://127.0.0.1:5551/api/agv/init', {'appName': 'scadaTask'}, 'error:', '<urlopen error [WinError 10061] 由于目标计算机积极拒绝，无法连接。>')
pid=15956, ppid=9204, tid=13876
Traceback (most recent call last):
  File "C:\Python38\lib\urllib\request.py", line 1317, in do_open
    h.request(req.get_method(), req.selector, req.data, headers,
  File "C:\Python38\lib\http\client.py", line 1230, in request
    self._send_request(method, url, body, headers, encode_chunked)
  File "C:\Python38\lib\http\client.py", line 1276, in _send_request
    self.endheaders(body, encode_chunked=encode_chunked)
  File "C:\Python38\lib\http\client.py", line 1225, in endheaders
    self._send_output(message_body, encode_chunked=encode_chunked)
  File "C:\Python38\lib\http\client.py", line 1004, in _send_output
    self.send(msg)
  File "C:\Python38\lib\http\client.py", line 944, in send
    self.connect()
  File "C:\Python38\lib\http\client.py", line 915, in connect
    self.sock = self._create_connection(
  File "C:\Python38\lib\socket.py", line 807, in create_connection
    raise err
  File "C:\Python38\lib\socket.py", line 796, in create_connection
    sock.connect(sa)
ConnectionRefusedError: [WinError 10061] 由于目标计算机积极拒绝，无法连接。

During handling of the above exception, another exception occurred:

Traceback (most recent call last):
  File "D:\python_work\AKMfloor\common\webutility.py", line 103, in http_get
    f = urllib.request.urlopen(u,timeout=timeout)
  File "C:\Python38\lib\urllib\request.py", line 222, in urlopen
    return opener.open(url, data, timeout)
  File "C:\Python38\lib\urllib\request.py", line 525, in open
    response = self._open(req, data)
  File "C:\Python38\lib\urllib\request.py", line 542, in _open
    result = self._call_chain(self.handle_open, protocol, protocol +
  File "C:\Python38\lib\urllib\request.py", line 502, in _call_chain
    result = func(*args)
  File "C:\Python38\lib\urllib\request.py", line 1346, in http_open
    return self.do_open(http.client.HTTPConnection, req)
  File "C:\Python38\lib\urllib\request.py", line 1320, in do_open
    raise URLError(err)
urllib.error.URLError: <urlopen error [WinError 10061] 由于目标计算机积极拒绝，无法连接。>

During handling of the above exception, another exception occurred:

Traceback (most recent call last):
  File "D:\python_work\AKMfloor\agvCtrl\agvApi.py", line 40, in init
    _http_get(url + '/api/agv/init', param)
  File "D:\python_work\AKMfloor\agvCtrl\agvApi.py", line 61, in _http_get
    r = webutility.http_get(url, param, timeout=45,writelog=False)
  File "D:\python_work\AKMfloor\common\webutility.py", line 105, in http_get
    raise Exception("http get",url,params,"error:",str(e))
Exception: ('http get', 'http://127.0.0.1:5551/api/agv/init', {'appName': 'scadaTask'}, 'error:', '<urlopen error [WinError 10061] 由于目标计算机积极拒绝，无法连接。>')

[CRITICAL]2021-03-25 14:15:16,152: agvApi step callback cause a error: 'dict' object is not callable
pid=15956, ppid=9204, tid=7272
Traceback (most recent call last):
  File "D:\python_work\AKMfloor\agvCtrl\agvApi.py", line 261, in _checkFinish
    t.stepCallback(t.params,t.status)
TypeError: 'dict' object is not callable

[CRITICAL]2021-03-25 14:15:27,465: agvApi step callback cause a error: 'dict' object is not callable
pid=15956, ppid=9204, tid=7272
Traceback (most recent call last):
  File "D:\python_work\AKMfloor\agvCtrl\agvApi.py", line 261, in _checkFinish
    t.stepCallback(t.params,t.status)
TypeError: 'dict' object is not callable

[CRITICAL]2021-03-25 14:15:29,543: agvApi step callback cause a error: 'dict' object is not callable
pid=15956, ppid=9204, tid=7272
Traceback (most recent call last):
  File "D:\python_work\AKMfloor\agvCtrl\agvApi.py", line 261, in _checkFinish
    t.stepCallback(t.params,t.status)
TypeError: 'dict' object is not callable

[CRITICAL]2021-03-25 14:15:49,472: invoke <function urlJackup at 0x0000023503D0AC10> cause a error: [WinError 10054] 远程主机强迫关闭了一个现有的连接。
pid=15956, ppid=9204, tid=2212
Traceback (most recent call last):
  File "D:\python_work\AKMfloor\common\scadaUtility.py", line 45, in __call
    ret = func(*p,**pp)
  File "D:\python_work\AKMfloor\agvDevice\main_agvDevice.py", line 23, in urlJackup
    return jackMgr.jackUp(agvId=agvId, timeout=timeout,loc=loc)
  File "D:\python_work\AKMfloor\agvDevice\jackMgr.py", line 23, in jackUp
    ret = agvCtrl.jackUp(agvId,loc=loc)
  File "D:\python_work\AKMfloor\driver\seerAgv\agvCtrl.py", line 259, in jackUp
    setOperation(agvId,21,True)
  File "D:\python_work\AKMfloor\driver\seerAgv\agvCtrl.py", line 223, in setOperation
    agvApi.other(agvId, "robot_other_setdo_req", {"id":20, "status":True})
  File "D:\python_work\AKMfloor\driver\seerAgv\agvApi.py", line 225, in other
    return _handle(agvId, API_PORT_OTHER, type, data)
  File "D:\python_work\AKMfloor\driver\seerAgv\agvApi.py", line 253, in _handle
    result = _request(agvId, port, typeId, data)
  File "D:\python_work\AKMfloor\driver\seerAgv\agvApi.py", line 291, in _request
    result = sendCmd(agvId, buf, ip, port, type)
  File "D:\python_work\AKMfloor\driver\seerAgv\agvApi.py", line 302, in sendCmd
    headData = _recv(agvId,ip, port, 1)
  File "D:\python_work\AKMfloor\driver\seerAgv\agvApi.py", line 386, in _recv
    return tcpSocketLong.recv(agvId,ip, port, len)
  File "D:\python_work\AKMfloor\common\tcpSocketLong.py", line 166, in recv
    raise e
  File "D:\python_work\AKMfloor\common\tcpSocketLong.py", line 161, in recv
    return c.recv(len)
  File "D:\python_work\AKMfloor\common\tcpSocketLong.py", line 90, in recv
    recvdata = self._socket.recv(remainLen)
ConnectionResetError: [WinError 10054] 远程主机强迫关闭了一个现有的连接。

[CRITICAL]2021-03-25 14:15:49,685: task[605c2a6a6f5e08a010ef4422][AGV03] AP13(LM15) -> AP14(LM16) [loadPlayload_jackup] jackup cause a error: ConnectionResetError: [WinError 10054] 远程主机强迫关闭了一个现有的连接。
pid=15956, ppid=9204, tid=11020
Traceback (most recent call last):
  File "D:\python_work\AKMfloor\pharmapackCtrl\runTasks.py", line 897, in _jackUp
    jackApi.jackUp(self.agvId, timeoutSec=90)
  File "D:\python_work\AKMfloor\agvDevice\jackApi.py", line 44, in jackUp
    return _jack('/api/agv/jackup', agvId,timeoutSec,loc)
  File "D:\python_work\AKMfloor\agvDevice\jackApi.py", line 64, in _jack
    return http_get(url + apiurl, param,timeout=timeoutSec+2)
  File "D:\python_work\AKMfloor\agvDevice\jackApi.py", line 18, in http_get
    raise Exception(result["errormsg"])
Exception: ConnectionResetError: [WinError 10054] 远程主机强迫关闭了一个现有的连接。

[CRITICAL]2021-03-25 14:15:53,477: invoke <function urlJackup at 0x0000023503D0AC10> cause a error: [WinError 10054] 远程主机强迫关闭了一个现有的连接。
pid=15956, ppid=9204, tid=11312
Traceback (most recent call last):
  File "D:\python_work\AKMfloor\common\scadaUtility.py", line 45, in __call
    ret = func(*p,**pp)
  File "D:\python_work\AKMfloor\agvDevice\main_agvDevice.py", line 23, in urlJackup
    return jackMgr.jackUp(agvId=agvId, timeout=timeout,loc=loc)
  File "D:\python_work\AKMfloor\agvDevice\jackMgr.py", line 23, in jackUp
    ret = agvCtrl.jackUp(agvId,loc=loc)
  File "D:\python_work\AKMfloor\driver\seerAgv\agvCtrl.py", line 261, in jackUp
    elif checkCfgSeer(agvId):
  File "D:\python_work\AKMfloor\driver\seerAgv\agvApi.py", line 215, in conf
    return _handle(agvId, API_PORT_CONFIG, type, data)
  File "D:\python_work\AKMfloor\driver\seerAgv\agvApi.py", line 253, in _handle
    result = _request(agvId, port, typeId, data)
  File "D:\python_work\AKMfloor\driver\seerAgv\agvApi.py", line 291, in _request
    result = sendCmd(agvId, buf, ip, port, type)
  File "D:\python_work\AKMfloor\driver\seerAgv\agvApi.py", line 299, in sendCmd
    _send(agvId,ip, port, buf.buf)
  File "D:\python_work\AKMfloor\driver\seerAgv\agvApi.py", line 383, in _send
    return tcpSocketLong.send(agvId,ip, port, buf)
  File "D:\python_work\AKMfloor\common\tcpSocketLong.py", line 147, in send
    raise e
  File "D:\python_work\AKMfloor\common\tcpSocketLong.py", line 142, in send
    c.send(sendData)
  File "D:\python_work\AKMfloor\common\tcpSocketLong.py", line 78, in send
    self._socket.send(sendData)
ConnectionResetError: [WinError 10054] 远程主机强迫关闭了一个现有的连接。

[CRITICAL]2021-03-25 14:15:53,646: task[605c2a6a6f5e08a010ef4422][AGV03] AP13(LM15) -> AP14(LM16) [loadPlayload_jackup] jackup cause a error: ConnectionResetError: [WinError 10054] 远程主机强迫关闭了一个现有的连接。
pid=15956, ppid=9204, tid=11020
Traceback (most recent call last):
  File "D:\python_work\AKMfloor\pharmapackCtrl\runTasks.py", line 897, in _jackUp
    jackApi.jackUp(self.agvId, timeoutSec=90)
  File "D:\python_work\AKMfloor\agvDevice\jackApi.py", line 44, in jackUp
    return _jack('/api/agv/jackup', agvId,timeoutSec,loc)
  File "D:\python_work\AKMfloor\agvDevice\jackApi.py", line 64, in _jack
    return http_get(url + apiurl, param,timeout=timeoutSec+2)
  File "D:\python_work\AKMfloor\agvDevice\jackApi.py", line 18, in http_get
    raise Exception(result["errormsg"])
Exception: ConnectionResetError: [WinError 10054] 远程主机强迫关闭了一个现有的连接。

[CRITICAL]2021-03-25 14:15:58,311: agvApi send task, agvId=AGV03 cause a error: [WinError 10054] 远程主机强迫关闭了一个现有的连接。
pid=15956, ppid=9204, tid=23100
Traceback (most recent call last):
  File "D:\python_work\AKMfloor\driver\seerAgv\agvApi.py", line 204, in task
    ret = _handle(agvId, API_PORT_TASK, type, data)
  File "D:\python_work\AKMfloor\driver\seerAgv\agvApi.py", line 253, in _handle
    result = _request(agvId, port, typeId, data)
  File "D:\python_work\AKMfloor\driver\seerAgv\agvApi.py", line 291, in _request
    result = sendCmd(agvId, buf, ip, port, type)
  File "D:\python_work\AKMfloor\driver\seerAgv\agvApi.py", line 299, in sendCmd
    _send(agvId,ip, port, buf.buf)
  File "D:\python_work\AKMfloor\driver\seerAgv\agvApi.py", line 383, in _send
    return tcpSocketLong.send(agvId,ip, port, buf)
  File "D:\python_work\AKMfloor\common\tcpSocketLong.py", line 147, in send
    raise e
  File "D:\python_work\AKMfloor\common\tcpSocketLong.py", line 142, in send
    c.send(sendData)
  File "D:\python_work\AKMfloor\common\tcpSocketLong.py", line 78, in send
    self._socket.send(sendData)
ConnectionResetError: [WinError 10054] 远程主机强迫关闭了一个现有的连接。

[CRITICAL]2021-03-25 14:18:11,710: task[605c2a6a6f5e08a010ef4422][AGV03] AP13(LM15) -> AP14(LM16) [dropPayloadJackdown] jackDown cause a error: ('http get', 'http://127.0.0.1:5551/api/agv/jackdown', {'agv': 'AGV03', 'timeoutSec': 90, 'loc': None}, 'error:', 'timed out')
pid=15956, ppid=9204, tid=11020
Traceback (most recent call last):
  File "D:\python_work\AKMfloor\common\webutility.py", line 103, in http_get
    f = urllib.request.urlopen(u,timeout=timeout)
  File "C:\Python38\lib\urllib\request.py", line 222, in urlopen
    return opener.open(url, data, timeout)
  File "C:\Python38\lib\urllib\request.py", line 525, in open
    response = self._open(req, data)
  File "C:\Python38\lib\urllib\request.py", line 542, in _open
    result = self._call_chain(self.handle_open, protocol, protocol +
  File "C:\Python38\lib\urllib\request.py", line 502, in _call_chain
    result = func(*args)
  File "C:\Python38\lib\urllib\request.py", line 1346, in http_open
    return self.do_open(http.client.HTTPConnection, req)
  File "C:\Python38\lib\urllib\request.py", line 1321, in do_open
    r = h.getresponse()
  File "C:\Python38\lib\http\client.py", line 1322, in getresponse
    response.begin()
  File "C:\Python38\lib\http\client.py", line 303, in begin
    version, status, reason = self._read_status()
  File "C:\Python38\lib\http\client.py", line 264, in _read_status
    line = str(self.fp.readline(_MAXLINE + 1), "iso-8859-1")
  File "C:\Python38\lib\socket.py", line 669, in readinto
    return self._sock.recv_into(b)
socket.timeout: timed out

During handling of the above exception, another exception occurred:

Traceback (most recent call last):
  File "D:\python_work\AKMfloor\pharmapackCtrl\runTasks.py", line 908, in _jackDown
    jackApi.jackDown(self.agvId, timeoutSec=90)
  File "D:\python_work\AKMfloor\agvDevice\jackApi.py", line 47, in jackDown
    return _jack('/api/agv/jackdown', agvId,timeoutSec,loc)
  File "D:\python_work\AKMfloor\agvDevice\jackApi.py", line 64, in _jack
    return http_get(url + apiurl, param,timeout=timeoutSec+2)
  File "D:\python_work\AKMfloor\agvDevice\jackApi.py", line 15, in http_get
    r = webutility.http_get(url, param,timeout=timeout)
  File "D:\python_work\AKMfloor\common\webutility.py", line 105, in http_get
    raise Exception("http get",url,params,"error:",str(e))
Exception: ('http get', 'http://127.0.0.1:5551/api/agv/jackdown', {'agv': 'AGV03', 'timeoutSec': 90, 'loc': None}, 'error:', 'timed out')

