[INFO]2021-03-03 15:04:55,410: log files at D:\python_lx\akm\common\log
[INFO]2021-03-03 15:04:55,410: find module agvCtrl.main_agv
[INFO]2021-03-03 15:04:55,411: find module agvDevice.main_agvDevice
[INFO]2021-03-03 15:04:55,411: find module alarm.main_alarm
[INFO]2021-03-03 15:04:55,411: find module auth.main_auth
[INFO]2021-03-03 15:04:55,411: find module button.main_button
[INFO]2021-03-03 15:04:55,411: find module door.main_door
[INFO]2021-03-03 15:04:55,412: find module elevator.main_elevator
[INFO]2021-03-03 15:04:55,412: find module virtualDoor.main_doorCtrl
[INFO]2021-03-03 15:04:55,412: import agvCtrl.main_agv
[INFO]2021-03-03 15:04:55,812: create lock <lock name:doorMgr.lock,<unlocked _thread.RLock object owner=0 count=0 at 0x0000028C62D1D600>>
[INFO]2021-03-03 15:04:55,814: create lock <lock name:door.lock,<unlocked _thread.RLock object owner=0 count=0 at 0x0000028C62D2D840>>
[INFO]2021-03-03 15:04:55,815: create lock <lock name:door.lock,<unlocked _thread.RLock object owner=0 count=0 at 0x0000028C62D2DA50>>
[INFO]2021-03-03 15:04:55,890: create lock <lock name:timer.lock_2801979834128,<unlocked _thread.RLock object owner=0 count=0 at 0x0000028C63044090>>
[ERROR]2021-03-03 15:04:55,899: mqtt is disabled
[INFO]2021-03-03 15:04:55,899: mqtt: subscribe [alarm/raise/+]
[INFO]2021-03-03 15:04:55,899: mqtt: subscribe [alarm/clear/+]
[INFO]2021-03-03 15:04:58,924: Mongodb connect to 127.0.0.1 port 27017
[INFO]2021-03-03 15:04:58,978: create lock <lock name:elevatorApi.tcp_lock,<unlocked _thread.RLock object owner=0 count=0 at 0x0000028C632C6480>>
[INFO]2021-03-03 15:04:58,978: create lock <lock name:elevatorApi.g_lock,<unlocked _thread.RLock object owner=0 count=0 at 0x0000028C632BFD80>>
[INFO]2021-03-03 15:04:58,979: create lock <lock name:elevatorMgr.lock,<unlocked _thread.RLock object owner=0 count=0 at 0x0000028C632BF1E0>>
[INFO]2021-03-03 15:04:58,988: create lock <lock name:agvserver,<unlocked _thread.RLock object owner=0 count=0 at 0x0000028C6331B5A0>>
[INFO]2021-03-03 15:04:59,355: create lock <lock name:mapMgr.lock,<unlocked _thread.RLock object owner=0 count=0 at 0x0000028C632E12A0>>
[INFO]2021-03-03 15:04:59,647: create lock <lock name:agvList.g_agvLock,<unlocked _thread.RLock object owner=0 count=0 at 0x0000028C633B6FC0>>
[INFO]2021-03-03 15:04:59,649: create lock <lock name:taskList.lock,<unlocked _thread.RLock object owner=0 count=0 at 0x0000028C63470930>>
[INFO]2021-03-03 15:04:59,719: charge policy 0 , fix time
[INFO]2021-03-03 15:04:59,760: create lock <lock name:agvApi.g_lock,<unlocked _thread.RLock object owner=0 count=0 at 0x0000028C6347C540>>
[INFO]2021-03-03 15:05:00,156: start load map D:\python_lx\akm\agvCtrl\projects\akm\AKM-AOI.smap
[DEBUG]2021-03-03 15:05:00,328: elevator thread start
[INFO]2021-03-03 15:05:00,346: load map D:\python_lx\akm\agvCtrl\projects\akm\AKM-AOI.smap ,used 198 ms
[INFO]2021-03-03 15:05:00,355: start load map D:\python_lx\akm\agvCtrl\projects\akm\AKM-DC.smap
[INFO]2021-03-03 15:05:00,416: load map D:\python_lx\akm\agvCtrl\projects\akm\AKM-DC.smap ,used 70 ms
[INFO]2021-03-03 15:05:00,424: start load map D:\python_lx\akm\agvCtrl\projects\akm\AKM-DDT.smap
[INFO]2021-03-03 15:05:00,494: load map D:\python_lx\akm\agvCtrl\projects\akm\AKM-DDT.smap ,used 78 ms
[INFO]2021-03-03 15:05:00,503: start load map D:\python_lx\akm\agvCtrl\projects\akm\AKM-FQC.smap
[DEBUG]2021-03-03 15:05:00,649: create aliveObj SK_DOOR 门控离线异常 timeout 60
[DEBUG]2021-03-03 15:05:00,650: create aliveObj vitualDoor01 门控离线异常 timeout 60
[DEBUG]2021-03-03 15:05:00,650: create aliveObj vitualDoor02 门控离线异常 timeout 60
[INFO]2021-03-03 15:05:00,691: load map D:\python_lx\akm\agvCtrl\projects\akm\AKM-FQC.smap ,used 197 ms
[INFO]2021-03-03 15:05:00,703: start load map D:\python_lx\akm\agvCtrl\projects\akm\AKM-LYH.smap
[INFO]2021-03-03 15:05:00,789: load map D:\python_lx\akm\agvCtrl\projects\akm\AKM-LYH.smap ,used 98 ms
[INFO]2021-03-03 15:05:00,796: start load map D:\python_lx\akm\agvCtrl\projects\akm\AKM-ZP.smap
[INFO]2021-03-03 15:05:00,869: load map D:\python_lx\akm\agvCtrl\projects\akm\AKM-ZP.smap ,used 80 ms
[INFO]2021-03-03 15:05:00,877: start load map D:\python_lx\akm\agvCtrl\projects\akm\office.smap
[INFO]2021-03-03 15:05:00,920: load map D:\python_lx\akm\agvCtrl\projects\akm\office.smap ,used 51 ms
[INFO]2021-03-03 15:05:00,922: import agvDevice.main_agvDevice
[INFO]2021-03-03 15:05:00,922: import alarm.main_alarm
[INFO]2021-03-03 15:05:00,923: import auth.main_auth
[INFO]2021-03-03 15:05:00,931: import button.main_button
[INFO]2021-03-03 15:05:00,934: create lock <lock name:agvApi.g_lock,<unlocked _thread.RLock object owner=0 count=0 at 0x0000028C63990C60>>
[INFO]2021-03-03 15:05:00,966: import door.main_door
[INFO]2021-03-03 15:05:00,967: import elevator.main_elevator
[INFO]2021-03-03 15:05:00,968: import virtualDoor.main_doorCtrl
[INFO]2021-03-03 15:05:02,299: create lock <lock name:IOAlarm.s_lock,<unlocked _thread.RLock object owner=0 count=0 at 0x0000028C639D9960>>
[DEBUG]2021-03-03 15:05:02,300: create aliveObj magneticAGV01 二维码掉线异常 timeout 120
[SUCC]2021-03-03 15:05:02,309: utility start, pid=17444, ppid=15668
[DEBUG]2021-03-03 15:05:02,311: start timer
[INFO]2021-03-03 15:05:02,319: load agv file: D:\python_lx\akm\agvCtrl/projects/akm/agv.cfg
[INFO]2021-03-03 15:05:02,319: create lock <lock name:agvList.AGV23.lock,<unlocked _thread.RLock object owner=0 count=0 at 0x0000028C671EAC60>>
[DEBUG]2021-03-03 15:05:02,321: create aliveObj AGV23 AGV离线异常 timeout 300
[INFO]2021-03-03 15:05:02,321: AGV23 start agvList run thread
[INFO]2021-03-03 15:05:02,322: create lock <lock name:agv.AGV23.lock_status,<unlocked _thread.RLock object owner=0 count=0 at 0x0000028C67204D50>>
[INFO]2021-03-03 15:05:02,322: AGV23 start agvList run2 thread
[DEBUG]2021-03-03 15:05:02,322: try connect AGV23 192.168.20.198:19204
[WARN]2021-03-03 15:05:02,325: Local server start! version 3.8.0, path D:\python_lx\akm\common, pid 17444
[INFO]2021-03-03 15:05:02,325: add_ignore: taskStatus
[INFO]2021-03-03 15:05:06,401: magneticAGV01 (0, 0, 0, 0)
[INFO]2021-03-03 15:05:09,418: magneticAGV01 (0, 0, 0, 0)
[ERROR]2021-03-03 15:05:12,323: connect AGV23 failed timed out
[DEBUG]2021-03-03 15:05:12,323: try connect AGV23 192.168.20.198:19204
[INFO]2021-03-03 15:05:12,423: startCharge is false
[INFO]2021-03-03 15:05:12,426: magneticAGV01 (0, 0, 0, 0)
[INFO]2021-03-03 15:05:15,434: magneticAGV01 (0, 0, 0, 0)
[INFO]2021-03-03 15:05:18,451: magneticAGV01 (0, 0, 0, 0)
[INFO]2021-03-03 15:05:21,467: magneticAGV01 (0, 0, 0, 0)
[ERROR]2021-03-03 15:05:22,324: connect AGV23 failed timed out
[INFO]2021-03-03 15:05:22,324: AGV23 checkLink failed 192.168.20.198 19204
[WARN]2021-03-03 15:05:22,325: agvThread.AGV23[tid:5588] <lock name:agv.AGV23.lock_status,<locked _thread.RLock object owner=5588 count=1 at 0x0000028C67204D50>> ,hold 20003 ms
[INFO]2021-03-03 15:05:22,326: name=agvThread.AGV23, pid=17444, tid=5588
[01] File "C:/Python38/lib/threading.py", line 870, in run() 
[02] File "D:/python_lx/akm/agvCtrl/agvList.py", line 565, in run() 
[03] File "D:/python_lx/akm/driver/seerAgv/agvCtrl.py", line 36, in checkLink() 
[04] File "D:/python_lx/akm/driver/seerAgv/agvApi.py", line 184, in checkLink() 
[05] File "D:/python_lx/akm/common/lock.py", line 102, in release() 
[06] File "D:/python_lx/akm/common/enhance.py", line 268, in getTrace() 
[07] File "D:/python_lx/akm/common/enhance.py", line 248, in getThreadStack()
[DEBUG]2021-03-03 15:05:24,328: try connect AGV23 192.168.20.198:19204
[INFO]2021-03-03 15:05:24,477: startCharge is false
[INFO]2021-03-03 15:05:24,481: magneticAGV01 (0, 0, 0, 0)
[INFO]2021-03-03 15:05:27,495: magneticAGV01 (0, 0, 0, 0)
[INFO]2021-03-03 15:05:30,512: magneticAGV01 (0, 0, 0, 0)
[INFO]2021-03-03 15:05:33,524: magneticAGV01 (0, 0, 0, 0)
[ERROR]2021-03-03 15:05:34,330: connect AGV23 failed timed out
[INFO]2021-03-03 15:05:34,331: AGV23 checkLink failed 192.168.20.198 19204
[WARN]2021-03-03 15:05:34,333: agvThread.AGV23[tid:5588] <lock name:agv.AGV23.lock_status,<locked _thread.RLock object owner=5588 count=1 at 0x0000028C67204D50>> ,hold 10005 ms
[INFO]2021-03-03 15:05:34,337: name=agvThread.AGV23, pid=17444, tid=5588
[01] File "C:/Python38/lib/threading.py", line 870, in run() 
[02] File "D:/python_lx/akm/agvCtrl/agvList.py", line 565, in run() 
[03] File "D:/python_lx/akm/driver/seerAgv/agvCtrl.py", line 36, in checkLink() 
[04] File "D:/python_lx/akm/driver/seerAgv/agvApi.py", line 184, in checkLink() 
[05] File "D:/python_lx/akm/common/lock.py", line 102, in release() 
[06] File "D:/python_lx/akm/common/enhance.py", line 268, in getTrace() 
[07] File "D:/python_lx/akm/common/enhance.py", line 248, in getThreadStack()
[DEBUG]2021-03-03 15:05:36,340: try connect AGV23 192.168.20.198:19204
[INFO]2021-03-03 15:05:36,526: startCharge is false
[INFO]2021-03-03 15:05:36,529: magneticAGV01 (0, 0, 0, 0)
[INFO]2021-03-03 15:05:39,540: magneticAGV01 (0, 0, 0, 0)
[INFO]2021-03-03 15:05:42,550: magneticAGV01 (0, 0, 0, 0)
[INFO]2021-03-03 15:05:45,563: magneticAGV01 (0, 0, 0, 0)
[ERROR]2021-03-03 15:05:46,341: connect AGV23 failed timed out
[INFO]2021-03-03 15:05:46,342: AGV23 checkLink failed 192.168.20.198 19204
[WARN]2021-03-03 15:05:46,342: agvThread.AGV23[tid:5588] <lock name:agv.AGV23.lock_status,<locked _thread.RLock object owner=5588 count=1 at 0x0000028C67204D50>> ,hold 10002 ms
[INFO]2021-03-03 15:05:46,345: name=agvThread.AGV23, pid=17444, tid=5588
[01] File "C:/Python38/lib/threading.py", line 870, in run() 
[02] File "D:/python_lx/akm/agvCtrl/agvList.py", line 565, in run() 
[03] File "D:/python_lx/akm/driver/seerAgv/agvCtrl.py", line 36, in checkLink() 
[04] File "D:/python_lx/akm/driver/seerAgv/agvApi.py", line 184, in checkLink() 
[05] File "D:/python_lx/akm/common/lock.py", line 102, in release() 
[06] File "D:/python_lx/akm/common/enhance.py", line 268, in getTrace() 
[07] File "D:/python_lx/akm/common/enhance.py", line 248, in getThreadStack()
[DEBUG]2021-03-03 15:05:48,347: try connect AGV23 192.168.20.198:19204
[INFO]2021-03-03 15:05:48,565: startCharge is false
[INFO]2021-03-03 15:05:48,568: magneticAGV01 (0, 0, 0, 0)
[INFO]2021-03-03 15:05:51,583: magneticAGV01 (0, 0, 0, 0)
[INFO]2021-03-03 15:05:54,592: magneticAGV01 (0, 0, 0, 0)
[INFO]2021-03-03 15:05:57,609: magneticAGV01 (0, 0, 0, 0)
[ERROR]2021-03-03 15:05:58,348: connect AGV23 failed timed out
[INFO]2021-03-03 15:05:58,348: AGV23 checkLink failed 192.168.20.198 19204
[WARN]2021-03-03 15:05:58,349: agvThread.AGV23[tid:5588] <lock name:agv.AGV23.lock_status,<locked _thread.RLock object owner=5588 count=1 at 0x0000028C67204D50>> ,hold 10002 ms
[INFO]2021-03-03 15:05:58,351: name=agvThread.AGV23, pid=17444, tid=5588
[01] File "C:/Python38/lib/threading.py", line 870, in run() 
[02] File "D:/python_lx/akm/agvCtrl/agvList.py", line 565, in run() 
[03] File "D:/python_lx/akm/driver/seerAgv/agvCtrl.py", line 36, in checkLink() 
[04] File "D:/python_lx/akm/driver/seerAgv/agvApi.py", line 184, in checkLink() 
[05] File "D:/python_lx/akm/common/lock.py", line 102, in release() 
[06] File "D:/python_lx/akm/common/enhance.py", line 268, in getTrace() 
[07] File "D:/python_lx/akm/common/enhance.py", line 248, in getThreadStack()
[DEBUG]2021-03-03 15:06:00,351: try connect AGV23 192.168.20.198:19204
[INFO]2021-03-03 15:06:00,613: startCharge is false
[INFO]2021-03-03 15:06:00,617: magneticAGV01 (0, 0, 0, 0)
[INFO]2021-03-03 15:06:03,632: magneticAGV01 (0, 0, 0, 0)
[INFO]2021-03-03 15:06:06,645: magneticAGV01 (0, 0, 0, 0)
[INFO]2021-03-03 15:06:09,652: magneticAGV01 (0, 0, 0, 0)
[ERROR]2021-03-03 15:06:10,354: connect AGV23 failed timed out
[INFO]2021-03-03 15:06:10,355: AGV23 checkLink failed 192.168.20.198 19204
[WARN]2021-03-03 15:06:10,356: agvThread.AGV23[tid:5588] <lock name:agv.AGV23.lock_status,<locked _thread.RLock object owner=5588 count=1 at 0x0000028C67204D50>> ,hold 10005 ms
[INFO]2021-03-03 15:06:10,358: name=agvThread.AGV23, pid=17444, tid=5588
[01] File "C:/Python38/lib/threading.py", line 870, in run() 
[02] File "D:/python_lx/akm/agvCtrl/agvList.py", line 565, in run() 
[03] File "D:/python_lx/akm/driver/seerAgv/agvCtrl.py", line 36, in checkLink() 
[04] File "D:/python_lx/akm/driver/seerAgv/agvApi.py", line 184, in checkLink() 
[05] File "D:/python_lx/akm/common/lock.py", line 102, in release() 
[06] File "D:/python_lx/akm/common/enhance.py", line 268, in getTrace() 
[07] File "D:/python_lx/akm/common/enhance.py", line 248, in getThreadStack()
[DEBUG]2021-03-03 15:06:12,360: try connect AGV23 192.168.20.198:19204
[INFO]2021-03-03 15:06:12,655: startCharge is false
[INFO]2021-03-03 15:06:12,659: magneticAGV01 (0, 0, 0, 0)
[INFO]2021-03-03 15:06:15,667: magneticAGV01 (0, 0, 0, 0)
[INFO]2021-03-03 15:06:18,676: magneticAGV01 (0, 0, 0, 0)
[INFO]2021-03-03 15:06:21,684: magneticAGV01 (0, 0, 0, 0)
[ERROR]2021-03-03 15:06:22,363: connect AGV23 failed timed out
[INFO]2021-03-03 15:06:22,364: AGV23 checkLink failed 192.168.20.198 19204
[WARN]2021-03-03 15:06:22,365: agvThread.AGV23[tid:5588] <lock name:agv.AGV23.lock_status,<locked _thread.RLock object owner=5588 count=1 at 0x0000028C67204D50>> ,hold 10005 ms
[INFO]2021-03-03 15:06:22,367: name=agvThread.AGV23, pid=17444, tid=5588
[01] File "C:/Python38/lib/threading.py", line 870, in run() 
[02] File "D:/python_lx/akm/agvCtrl/agvList.py", line 565, in run() 
[03] File "D:/python_lx/akm/driver/seerAgv/agvCtrl.py", line 36, in checkLink() 
[04] File "D:/python_lx/akm/driver/seerAgv/agvApi.py", line 184, in checkLink() 
[05] File "D:/python_lx/akm/common/lock.py", line 102, in release() 
[06] File "D:/python_lx/akm/common/enhance.py", line 268, in getTrace() 
[07] File "D:/python_lx/akm/common/enhance.py", line 248, in getThreadStack()
[DEBUG]2021-03-03 15:06:24,369: try connect AGV23 192.168.20.198:19204
[INFO]2021-03-03 15:06:24,686: startCharge is false
[INFO]2021-03-03 15:06:24,690: magneticAGV01 (0, 0, 0, 0)
[INFO]2021-03-03 15:06:27,705: magneticAGV01 (0, 0, 0, 0)
[INFO]2021-03-03 15:06:30,716: magneticAGV01 (0, 0, 0, 0)
[INFO]2021-03-03 15:06:33,730: magneticAGV01 (0, 0, 0, 0)
[ERROR]2021-03-03 15:06:34,371: connect AGV23 failed timed out
[INFO]2021-03-03 15:06:34,372: AGV23 checkLink failed 192.168.20.198 19204
[WARN]2021-03-03 15:06:34,372: agvThread.AGV23[tid:5588] <lock name:agv.AGV23.lock_status,<locked _thread.RLock object owner=5588 count=1 at 0x0000028C67204D50>> ,hold 10003 ms
[INFO]2021-03-03 15:06:34,374: name=agvThread.AGV23, pid=17444, tid=5588
[01] File "C:/Python38/lib/threading.py", line 870, in run() 
[02] File "D:/python_lx/akm/agvCtrl/agvList.py", line 565, in run() 
[03] File "D:/python_lx/akm/driver/seerAgv/agvCtrl.py", line 36, in checkLink() 
[04] File "D:/python_lx/akm/driver/seerAgv/agvApi.py", line 184, in checkLink() 
[05] File "D:/python_lx/akm/common/lock.py", line 102, in release() 
[06] File "D:/python_lx/akm/common/enhance.py", line 268, in getTrace() 
[07] File "D:/python_lx/akm/common/enhance.py", line 248, in getThreadStack()
[DEBUG]2021-03-03 15:06:36,375: try connect AGV23 192.168.20.198:19204
[INFO]2021-03-03 15:06:36,734: startCharge is false
[INFO]2021-03-03 15:06:36,738: magneticAGV01 (0, 0, 0, 0)
[INFO]2021-03-03 15:06:39,752: magneticAGV01 (0, 0, 0, 0)
[INFO]2021-03-03 15:06:42,767: magneticAGV01 (0, 0, 0, 0)
[INFO]2021-03-03 15:06:45,779: magneticAGV01 (0, 0, 0, 0)
[ERROR]2021-03-03 15:06:46,377: connect AGV23 failed timed out
[INFO]2021-03-03 15:06:46,378: AGV23 checkLink failed 192.168.20.198 19204
[WARN]2021-03-03 15:06:46,379: agvThread.AGV23[tid:5588] <lock name:agv.AGV23.lock_status,<locked _thread.RLock object owner=5588 count=1 at 0x0000028C67204D50>> ,hold 10004 ms
[INFO]2021-03-03 15:06:46,381: name=agvThread.AGV23, pid=17444, tid=5588
[01] File "C:/Python38/lib/threading.py", line 870, in run() 
[02] File "D:/python_lx/akm/agvCtrl/agvList.py", line 565, in run() 
[03] File "D:/python_lx/akm/driver/seerAgv/agvCtrl.py", line 36, in checkLink() 
[04] File "D:/python_lx/akm/driver/seerAgv/agvApi.py", line 184, in checkLink() 
[05] File "D:/python_lx/akm/common/lock.py", line 102, in release() 
[06] File "D:/python_lx/akm/common/enhance.py", line 268, in getTrace() 
[07] File "D:/python_lx/akm/common/enhance.py", line 248, in getThreadStack()
[DEBUG]2021-03-03 15:06:48,383: try connect AGV23 192.168.20.198:19204
[INFO]2021-03-03 15:06:48,783: startCharge is false
[INFO]2021-03-03 15:06:48,788: magneticAGV01 (0, 0, 0, 0)
[DEBUG]2021-03-03 15:06:49,744: GET: http://127.0.0.1:8999/api/switch/on?id=SK_DOOR addr: 127.0.0.1
[INFO]2021-03-03 15:06:49,744: The signal to open the door has been sent,  doorIP:192.168.252.253
[DEBUG]2021-03-03 15:06:49,761: send to door module:192.168.252.253, values:outbuf[16] 55 00 00 00 00 AA 03 06 80 00 00 00 00 00 88 16
[DEBUG]2021-03-03 15:06:50,135: read from door module:192.168.252.253, values:inbuf[13] 55 00 00 00 00 AA 83 03 80 01 00 06 16
[DEBUG]2021-03-03 15:06:50,135: used 391ms 200 OK application/json;charset=utf-8, GET: http://127.0.0.1:8999/api/switch/on?id=SK_DOOR
[INFO]2021-03-03 15:06:51,804: magneticAGV01 (0, 0, 0, 0)
[INFO]2021-03-03 15:06:54,816: magneticAGV01 (0, 0, 0, 0)
[INFO]2021-03-03 15:06:57,828: magneticAGV01 (0, 0, 0, 0)
[ERROR]2021-03-03 15:06:58,386: connect AGV23 failed timed out
[INFO]2021-03-03 15:06:58,387: AGV23 checkLink failed 192.168.20.198 19204
[WARN]2021-03-03 15:06:58,388: agvThread.AGV23[tid:5588] <lock name:agv.AGV23.lock_status,<locked _thread.RLock object owner=5588 count=1 at 0x0000028C67204D50>> ,hold 10005 ms
[INFO]2021-03-03 15:06:58,391: name=agvThread.AGV23, pid=17444, tid=5588
[01] File "C:/Python38/lib/threading.py", line 870, in run() 
[02] File "D:/python_lx/akm/agvCtrl/agvList.py", line 565, in run() 
[03] File "D:/python_lx/akm/driver/seerAgv/agvCtrl.py", line 36, in checkLink() 
[04] File "D:/python_lx/akm/driver/seerAgv/agvApi.py", line 184, in checkLink() 
[05] File "D:/python_lx/akm/common/lock.py", line 102, in release() 
[06] File "D:/python_lx/akm/common/enhance.py", line 268, in getTrace() 
[07] File "D:/python_lx/akm/common/enhance.py", line 248, in getThreadStack()
[DEBUG]2021-03-03 15:07:00,393: try connect AGV23 192.168.20.198:19204
[INFO]2021-03-03 15:07:00,831: startCharge is false
[INFO]2021-03-03 15:07:00,836: magneticAGV01 (0, 0, 0, 0)
[DEBUG]2021-03-03 15:07:03,728: GET: http://127.0.0.1:8999/api/switch/off?id=SK_DOOR addr: 127.0.0.1
[INFO]2021-03-03 15:07:03,728: The signal to close the door has been sent,  doorIP:192.168.252.253
[DEBUG]2021-03-03 15:07:03,734: send to door module:192.168.252.253, values:outbuf[16] 55 00 00 00 00 AA 03 06 90 00 00 00 00 00 98 16
[INFO]2021-03-03 15:07:03,847: magneticAGV01 (0, 0, 0, 0)
[DEBUG]2021-03-03 15:07:04,048: read from door module:192.168.252.253, values:inbuf[13] 55 00 00 00 00 AA 83 03 90 00 00 15 16
[DEBUG]2021-03-03 15:07:04,049: used 321ms 200 OK application/json;charset=utf-8, GET: http://127.0.0.1:8999/api/switch/off?id=SK_DOOR
[INFO]2021-03-03 15:07:06,861: magneticAGV01 (0, 0, 0, 0)
[INFO]2021-03-03 15:07:09,869: magneticAGV01 (0, 0, 0, 0)
[ERROR]2021-03-03 15:07:10,395: connect AGV23 failed timed out
[INFO]2021-03-03 15:07:10,396: AGV23 checkLink failed 192.168.20.198 19204
[WARN]2021-03-03 15:07:10,397: agvThread.AGV23[tid:5588] <lock name:agv.AGV23.lock_status,<locked _thread.RLock object owner=5588 count=1 at 0x0000028C67204D50>> ,hold 10003 ms
[INFO]2021-03-03 15:07:10,399: name=agvThread.AGV23, pid=17444, tid=5588
[01] File "C:/Python38/lib/threading.py", line 870, in run() 
[02] File "D:/python_lx/akm/agvCtrl/agvList.py", line 565, in run() 
[03] File "D:/python_lx/akm/driver/seerAgv/agvCtrl.py", line 36, in checkLink() 
[04] File "D:/python_lx/akm/driver/seerAgv/agvApi.py", line 184, in checkLink() 
[05] File "D:/python_lx/akm/common/lock.py", line 102, in release() 
[06] File "D:/python_lx/akm/common/enhance.py", line 268, in getTrace() 
[07] File "D:/python_lx/akm/common/enhance.py", line 248, in getThreadStack()
[DEBUG]2021-03-03 15:07:12,400: try connect AGV23 192.168.20.198:19204
[INFO]2021-03-03 15:07:12,872: startCharge is false
[INFO]2021-03-03 15:07:12,877: magneticAGV01 (0, 0, 0, 0)
[INFO]2021-03-03 15:07:15,890: magneticAGV01 (0, 0, 0, 0)
[DEBUG]2021-03-03 15:07:17,999: GET: http://127.0.0.1:8999/api/switch/off?id=vitualDoor01 addr: 127.0.0.1
[INFO]2021-03-03 15:07:18,000: The signal to close the door has been sent,  doorIP:127.0.0.100
[INFO]2021-03-03 15:07:18,907: magneticAGV01 (0, 0, 0, 0)
[DEBUG]2021-03-03 15:07:20,013: 网络连接错误 [WinError 10061] 由于目标计算机积极拒绝，无法连接。
[CRITICAL]2021-03-03 15:07:20,028: invoke <function urlRelayclose at 0x0000028C639D8C10> cause a error: 网络连接错误
pid=17444, ppid=15668, tid=11792
Traceback (most recent call last):
  File "D:\python_lx\akm\door\doorControlQLZ.py", line 157, in close
    _request(ip,port,startflag, addr, addrEndFlag, ctrl, l, flag,data, cs, endflag, timeout)
  File "D:\python_lx\akm\door\doorControlQLZ.py", line 21, in _request
    result = GetDataShort(buf,ip,port)
  File "D:\python_lx\akm\door\doorControlQLZ.py", line 27, in GetDataShort
    with tcpSocket.client(ip, port, timeout) as client:
  File "D:\python_lx\akm\common\tcpSocketAdvanced.py", line 18, in __enter__
    self._socket.connect(self._addr)
ConnectionRefusedError: [WinError 10061] 由于目标计算机积极拒绝，无法连接。

During handling of the above exception, another exception occurred:

Traceback (most recent call last):
  File "D:\python_lx\akm\common\scadaUtility.py", line 45, in __call
    ret = func(*p,**pp)
  File "D:\python_lx\akm\door\main_door.py", line 24, in urlRelayclose
    switchInfo.close()
  File "D:\python_lx\akm\door\switchMgr.py", line 146, in close
    doorControlQLZ.close(self.ip, self.port)
  File "D:\python_lx\akm\door\doorControlQLZ.py", line 160, in close
    raise Exception("网络连接错误")
Exception: 网络连接错误

[DEBUG]2021-03-03 15:07:20,030: used 2031ms 200 OK application/json;charset=utf-8, GET: http://127.0.0.1:8999/api/switch/off?id=vitualDoor01
[INFO]2021-03-03 15:07:21,922: magneticAGV01 (0, 0, 0, 0)
[ERROR]2021-03-03 15:07:22,401: connect AGV23 failed timed out
[INFO]2021-03-03 15:07:22,402: AGV23 checkLink failed 192.168.20.198 19204
[WARN]2021-03-03 15:07:22,403: agvThread.AGV23[tid:5588] <lock name:agv.AGV23.lock_status,<locked _thread.RLock object owner=5588 count=1 at 0x0000028C67204D50>> ,hold 10003 ms
[INFO]2021-03-03 15:07:22,405: name=agvThread.AGV23, pid=17444, tid=5588
[01] File "C:/Python38/lib/threading.py", line 870, in run() 
[02] File "D:/python_lx/akm/agvCtrl/agvList.py", line 565, in run() 
[03] File "D:/python_lx/akm/driver/seerAgv/agvCtrl.py", line 36, in checkLink() 
[04] File "D:/python_lx/akm/driver/seerAgv/agvApi.py", line 184, in checkLink() 
[05] File "D:/python_lx/akm/common/lock.py", line 102, in release() 
[06] File "D:/python_lx/akm/common/enhance.py", line 268, in getTrace() 
[07] File "D:/python_lx/akm/common/enhance.py", line 248, in getThreadStack()
[DEBUG]2021-03-03 15:07:24,408: try connect AGV23 192.168.20.198:19204
[INFO]2021-03-03 15:07:24,925: startCharge is false
[INFO]2021-03-03 15:07:24,930: magneticAGV01 (0, 0, 0, 0)
[INFO]2021-03-03 15:07:27,942: magneticAGV01 (0, 0, 0, 0)
